Archive member included to satisfy reference by file (symbol)

c:/progra~2/armgnu~1/12dbab~1.2re/bin/../lib/gcc/arm-none-eabi/12.2.1/thumb/v6-m/nofp\libgcc.a(_dvmd_tls.o)
                              CMakeFiles/buttonInterface.dir/C_/Workspace/Pico/pico-sdk/src/rp2_common/pico_divider/divider.S.obj (__aeabi_idiv0)
c:/progra~2/armgnu~1/12dbab~1.2re/bin/../lib/gcc/arm-none-eabi/12.2.1/thumb/v6-m/nofp\libc.a(libc_a-atoi.o)
                              CMakeFiles/buttonInterface.dir/C_/Workspace/Pico/pico-sdk/lib/lwip/src/core/netif.c.obj (atoi)
c:/progra~2/armgnu~1/12dbab~1.2re/bin/../lib/gcc/arm-none-eabi/12.2.1/thumb/v6-m/nofp\libc.a(libc_a-calloc.o)
                              CMakeFiles/buttonInterface.dir/C_/Workspace/Pico/pico-sdk/src/rp2_common/pico_malloc/pico_malloc.c.obj (calloc)
c:/progra~2/armgnu~1/12dbab~1.2re/bin/../lib/gcc/arm-none-eabi/12.2.1/thumb/v6-m/nofp\libc.a(libc_a-callocr.o)
                              c:/progra~2/armgnu~1/12dbab~1.2re/bin/../lib/gcc/arm-none-eabi/12.2.1/thumb/v6-m/nofp\libc.a(libc_a-calloc.o) (_calloc_r)
c:/progra~2/armgnu~1/12dbab~1.2re/bin/../lib/gcc/arm-none-eabi/12.2.1/thumb/v6-m/nofp\libc.a(libc_a-malloc.o)
                              CMakeFiles/buttonInterface.dir/C_/Workspace/Pico/pico-sdk/src/rp2_common/pico_malloc/pico_malloc.c.obj (malloc)
c:/progra~2/armgnu~1/12dbab~1.2re/bin/../lib/gcc/arm-none-eabi/12.2.1/thumb/v6-m/nofp\libc.a(libc_a-mallocr.o)
                              c:/progra~2/armgnu~1/12dbab~1.2re/bin/../lib/gcc/arm-none-eabi/12.2.1/thumb/v6-m/nofp\libc.a(libc_a-callocr.o) (_malloc_r)
c:/progra~2/armgnu~1/12dbab~1.2re/bin/../lib/gcc/arm-none-eabi/12.2.1/thumb/v6-m/nofp\libc.a(libc_a-mlock.o)
                              c:/progra~2/armgnu~1/12dbab~1.2re/bin/../lib/gcc/arm-none-eabi/12.2.1/thumb/v6-m/nofp\libc.a(libc_a-mallocr.o) (__malloc_lock)
c:/progra~2/armgnu~1/12dbab~1.2re/bin/../lib/gcc/arm-none-eabi/12.2.1/thumb/v6-m/nofp\libc.a(libc_a-realloc.o)
                              CMakeFiles/buttonInterface.dir/C_/Workspace/Pico/pico-sdk/src/rp2_common/pico_malloc/pico_malloc.c.obj (realloc)
c:/progra~2/armgnu~1/12dbab~1.2re/bin/../lib/gcc/arm-none-eabi/12.2.1/thumb/v6-m/nofp\libc.a(libc_a-reallocr.o)
                              c:/progra~2/armgnu~1/12dbab~1.2re/bin/../lib/gcc/arm-none-eabi/12.2.1/thumb/v6-m/nofp\libc.a(libc_a-realloc.o) (_realloc_r)
c:/progra~2/armgnu~1/12dbab~1.2re/bin/../lib/gcc/arm-none-eabi/12.2.1/thumb/v6-m/nofp\libc.a(libc_a-strtol.o)
                              c:/progra~2/armgnu~1/12dbab~1.2re/bin/../lib/gcc/arm-none-eabi/12.2.1/thumb/v6-m/nofp\libc.a(libc_a-atoi.o) (_strtol_r)
c:/progra~2/armgnu~1/12dbab~1.2re/bin/../lib/gcc/arm-none-eabi/12.2.1/thumb/v6-m/nofp\libc.a(libc_a-ctype_.o)
                              CMakeFiles/buttonInterface.dir/C_/Workspace/Pico/pico-sdk/lib/lwip/src/core/dns.c.obj (_ctype_)
c:/progra~2/armgnu~1/12dbab~1.2re/bin/../lib/gcc/arm-none-eabi/12.2.1/thumb/v6-m/nofp\libc.a(libc_a-memcmp.o)
                              CMakeFiles/buttonInterface.dir/C_/Workspace/Pico/pico-sdk/lib/lwip/src/netif/ethernet.c.obj (memcmp)
c:/progra~2/armgnu~1/12dbab~1.2re/bin/../lib/gcc/arm-none-eabi/12.2.1/thumb/v6-m/nofp\libc.a(libc_a-memmove.o)
                              CMakeFiles/buttonInterface.dir/C_/Workspace/Pico/pico-sdk/lib/lwip/src/core/def.c.obj (memmove)
c:/progra~2/armgnu~1/12dbab~1.2re/bin/../lib/gcc/arm-none-eabi/12.2.1/thumb/v6-m/nofp\libc.a(libc_a-strchr.o)
                              CMakeFiles/buttonInterface.dir/C_/Workspace/Pico/pico-sdk/lib/lwip/src/apps/http/httpd.c.obj (strchr)
c:/progra~2/armgnu~1/12dbab~1.2re/bin/../lib/gcc/arm-none-eabi/12.2.1/thumb/v6-m/nofp\libc.a(libc_a-strncmp.o)
                              CMakeFiles/buttonInterface.dir/C_/Workspace/Pico/pico-sdk/lib/lwip/src/core/def.c.obj (strncmp)
c:/progra~2/armgnu~1/12dbab~1.2re/bin/../lib/gcc/arm-none-eabi/12.2.1/thumb/v6-m/nofp\libc.a(libc_a-impure.o)
                              c:/progra~2/armgnu~1/12dbab~1.2re/bin/../lib/gcc/arm-none-eabi/12.2.1/thumb/v6-m/nofp\libc.a(libc_a-calloc.o) (_impure_ptr)
c:/progra~2/armgnu~1/12dbab~1.2re/bin/../lib/gcc/arm-none-eabi/12.2.1/thumb/v6-m/nofp\libc.a(libc_a-sbrkr.o)
                              c:/progra~2/armgnu~1/12dbab~1.2re/bin/../lib/gcc/arm-none-eabi/12.2.1/thumb/v6-m/nofp\libc.a(libc_a-mallocr.o) (_sbrk_r)
c:/progra~2/armgnu~1/12dbab~1.2re/bin/../lib/gcc/arm-none-eabi/12.2.1/thumb/v6-m/nofp\libc.a(libc_a-errno.o)
                              c:/progra~2/armgnu~1/12dbab~1.2re/bin/../lib/gcc/arm-none-eabi/12.2.1/thumb/v6-m/nofp\libc.a(libc_a-callocr.o) (__errno)
c:/progra~2/armgnu~1/12dbab~1.2re/bin/../lib/gcc/arm-none-eabi/12.2.1/thumb/v6-m/nofp\libc.a(libc_a-init.o)
                              c:/progra~2/armgnu~1/12dbab~1.2re/bin/../lib/gcc/arm-none-eabi/12.2.1/thumb/v6-m/nofp/crt0.o (__libc_init_array)
c:/progra~2/armgnu~1/12dbab~1.2re/bin/../lib/gcc/arm-none-eabi/12.2.1/thumb/v6-m/nofp\libc.a(libc_a-lock.o)
[...]
Memory Configuration

Name             Origin             Length             Attributes
FLASH            0x10000000         0x00200000         xr
RAM              0x20000000         0x00040000         xrw
SCRATCH_X        0x20040000         0x00001000         xrw
SCRATCH_Y        0x20041000         0x00001000         xrw
*default*        0x00000000         0xffffffff

Linker script and memory map

LOAD c:/progra~2/armgnu~1/12dbab~1.2re/bin/../lib/gcc/arm-none-eabi/12.2.1/thumb/v6-m/nofp/crti.o
LOAD c:/progra~2/armgnu~1/12dbab~1.2re/bin/../lib/gcc/arm-none-eabi/12.2.1/thumb/v6-m/nofp/crtbegin.o
LOAD c:/progra~2/armgnu~1/12dbab~1.2re/bin/../lib/gcc/arm-none-eabi/12.2.1/thumb/v6-m/nofp/crt0.o

.flash_begin    0x10000000        0x0
                0x10000000                __flash_binary_start = .

.boot2          0x10000000      0x100
                0x10000000                __boot2_start__ = .
 *(.boot2)
 .boot2         0x10000000      0x100 C:\Users\JACOBA~1\AppData\Local\Temp\ccQ3DZf7.o
                0x10000100                __boot2_end__ = .
                0x00000001                ASSERT (((__boot2_end__ - __boot2_start__) == 0x100), ERROR: Pico second stage bootloader must be 256 bytes in size)

.text           0x10000100    0x16b48
                0x10000100                __logical_binary_start = .
 *(.vectors)
 .vectors       0x10000100       0xd4 CMakeFiles/buttonInterface.dir/C_/Workspace/Pico/pico-sdk/src/rp2_common/pico_standard_link/crt0.S.obj
                0x10000100                __VECTOR_TABLE
                0x10000100                __vectors
                0x100001c0                isr_invalid
                0x100001c0                __default_isrs_start
                0x100001c2                isr_nmi
                0x100001c4                isr_hardfault
                0x100001c6                isr_svcall
                0x100001c8                isr_pendsv
                0x100001ca                isr_systick
                0x100001cc                isr_irq23
                0x100001cc                isr_irq18
                0x100001cc                isr_irq11
                0x100001cc                isr_irq28
                0x100001cc                isr_irq19
                0x100001cc                isr_irq0
                0x100001cc                isr_irq6
                0x100001cc                isr_irq5
                0x100001cc                isr_irq12
                0x100001cc                isr_irq22
                0x100001cc                isr_irq31
                0x100001cc                isr_irq17
                0x100001cc                isr_irq27
                0x100001cc                isr_irq30
                0x100001cc                isr_irq2
                0x100001cc                isr_irq10
                0x100001cc                isr_irq8
                0x100001cc                isr_irq24
                0x100001cc                isr_irq1
                0x100001cc                isr_irq7
                0x100001cc                isr_irq21
                0x100001cc                isr_irq20
                0x100001cc                isr_irq15
                0x100001cc                isr_irq25
                0x100001cc                isr_irq13
                0x100001cc                __unhandled_user_irq
                0x100001cc                isr_irq4
                0x100001cc                isr_irq16
                0x100001cc                isr_irq29
                0x100001cc                isr_irq26
                0x100001cc                __default_isrs_end
                0x100001cc                isr_irq3
                0x100001cc                isr_irq14
                0x100001cc                isr_irq9
                0x100001d2                unhandled_user_irq_num_in_r0
 *(.binary_info_header)
 .binary_info_header
                0x100001d4       0x14 CMakeFiles/buttonInterface.dir/C_/Workspace/Pico/pico-sdk/src/rp2_common/pico_standard_link/crt0.S.obj
                0x100001e8                __binary_info_header_end = .
 *(.reset)
 .reset         0x100001e8       0xa0 CMakeFiles/buttonInterface.dir/C_/Workspace/Pico/pico-sdk/src/rp2_common/pico_standard_link/crt0.S.obj
                0x100001e8                _entry_point
 .reset         0x10000288       0x30 CMakeFiles/buttonInterface.dir/C_/Workspace/Pico/pico-sdk/src/rp2_common/pico_standard_link/binary_info.c.obj
 *(.init)
 .init          0x100002b8        0x4 c:/progra~2/armgnu~1/12dbab~1.2re/bin/../lib/gcc/arm-none-eabi/12.2.1/thumb/v6-m/nofp/crti.o
                0x100002b8                _init
 *(EXCLUDE_FILE(*libm.a: *libc.a:*lib_a-mem*.o *libgcc.a:) .text*)
 .text.register_tm_clones
                0x100002bc       0x28 c:/progra~2/armgnu~1/12dbab~1.2re/bin/../lib/gcc/arm-none-eabi/12.2.1/thumb/v6-m/nofp/crtbegin.o
 .text.frame_dummy
                0x100002e4       0x24 c:/progra~2/armgnu~1/12dbab~1.2re/bin/../lib/gcc/arm-none-eabi/12.2.1/thumb/v6-m/nofp/crtbegin.o
 .text.tcp_client_sent
                0x10000308       0x14 CMakeFiles/buttonInterface.dir/buttonInterface.c.obj
 .text.tcp_client_open
                0x1000031c       0x84 CMakeFiles/buttonInterface.dir/buttonInterface.c.obj
 .text.tcp_client_err
                0x100003a0       0x84 CMakeFiles/buttonInterface.dir/buttonInterface.c.obj
 .text.tcp_client_connected
                0x10000424       0xf8 CMakeFiles/buttonInterface.dir/buttonInterface.c.obj
 .text.tcp_client_recv
                0x1000051c      0x144 CMakeFiles/buttonInterface.dir/buttonInterface.c.obj
                0x1000051c                tcp_client_recv
 .text.initDebug
                0x10000660       0x34 CMakeFiles/buttonInterface.dir/buttonInterface.c.obj
                0x10000660                initDebug
 .text.startup.main
                0x10000694      0x220 CMakeFiles/buttonInterface.dir/buttonInterface.c.obj
                0x10000694                main
 .text.gpio_set_function
                0x100008b4       0x30 CMakeFiles/buttonInterface.dir/C_/Workspace/Pico/pico-sdk/src/rp2_common/hardware_gpio/gpio.c.obj
                0x100008b4                gpio_set_function
 .text.gpio_set_pulls
                0x100008e4       0x24 CMakeFiles/buttonInterface.dir/C_/Workspace/Pico/pico-sdk/src/rp2_common/hardware_gpio/gpio.c.obj
                0x100008e4                gpio_set_pulls
 .text.gpio_set_input_hysteresis_enabled
                0x10000908       0x28 CMakeFiles/buttonInterface.dir/C_/Workspace/Pico/pico-sdk/src/rp2_common/hardware_gpio/gpio.c.obj
                0x10000908                gpio_set_input_hysteresis_enabled
 .text.gpio_set_irq_enabled
                0x10000930       0x54 CMakeFiles/buttonInterface.dir/C_/Workspace/Pico/pico-sdk/src/rp2_common/hardware_gpio/gpio.c.obj
                0x10000930                gpio_set_irq_enabled
 .text.gpio_add_raw_irq_handler_with_order_priority_masked
                0x10000984       0x44 CMakeFiles/buttonInterface.dir/C_/Workspace/Pico/pico-sdk/src/rp2_common/hardware_gpio/gpio.c.obj
                0x10000984                gpio_add_raw_irq_handler_with_order_priority_masked
 .text.gpio_remove_raw_irq_handler_masked
                0x100009c8       0x20 CMakeFiles/buttonInterface.dir/C_/Workspace/Pico/pico-sdk/src/rp2_common/hardware_gpio/gpio.c.obj
                0x100009c8                gpio_remove_raw_irq_handler_masked
 .text.gpio_init
                0x100009e8       0x3c CMakeFiles/buttonInterface.dir/C_/Workspace/Pico/pico-sdk/src/rp2_common/hardware_gpio/gpio.c.obj
                0x100009e8                gpio_init
 .text.running_on_fpga
                0x10000a24       0x10 CMakeFiles/buttonInterface.dir/C_/Workspace/Pico/pico-sdk/src/rp2_common/pico_platform/platform.c.obj
                0x10000a24                running_on_fpga
 .text.hw_claim_lock
                0x10000a34       0x18 CMakeFiles/buttonInterface.dir/C_/Workspace/Pico/pico-sdk/src/rp2_common/hardware_claim/claim.c.obj
                0x10000a34                hw_claim_lock
 .text.hw_claim_unlock
                0x10000a4c       0x14 CMakeFiles/buttonInterface.dir/C_/Workspace/Pico/pico-sdk/src/rp2_common/hardware_claim/claim.c.obj
                0x10000a4c                hw_claim_unlock
 .text.hw_claim_or_assert
                0x10000a60       0x44 CMakeFiles/buttonInterface.dir/C_/Workspace/Pico/pico-sdk/src/rp2_common/hardware_claim/claim.c.obj
                0x10000a60                hw_claim_or_assert
 .text.hw_claim_unused_from_range
                0x10000aa4       0x9c CMakeFiles/buttonInterface.dir/C_/Workspace/Pico/pico-sdk/src/rp2_common/hardware_claim/claim.c.obj
                0x10000aa4                hw_claim_unused_from_range
 .text.hw_claim_clear
                0x10000b40       0x38 CMakeFiles/buttonInterface.dir/C_/Workspace/Pico/pico-sdk/src/rp2_common/hardware_claim/claim.c.obj
                0x10000b40                hw_claim_clear
 .text.spin_locks_reset
                0x10000b78       0x1c CMakeFiles/buttonInterface.dir/C_/Workspace/Pico/pico-sdk/src/rp2_common/hardware_sync/sync.c.obj
                0x10000b78                spin_locks_reset
 .text.next_striped_spin_lock_num
                0x10000b94       0x18 CMakeFiles/buttonInterface.dir/C_/Workspace/Pico/pico-sdk/src/rp2_common/hardware_sync/sync.c.obj
                0x10000b94                next_striped_spin_lock_num
 .text.spin_lock_claim_unused
                0x10000bac       0x24 CMakeFiles/buttonInterface.dir/C_/Workspace/Pico/pico-sdk/src/rp2_common/hardware_sync/sync.c.obj
                0x10000bac                spin_lock_claim_unused
 .text.irq_set_enabled
                0x10000bd0       0x24 CMakeFiles/buttonInterface.dir/C_/Workspace/Pico/pico-sdk/src/rp2_common/hardware_irq/irq.c.obj
                0x10000bd0                irq_set_enabled
 .text.irq_set_pending
                0x10000bf4       0x10 CMakeFiles/buttonInterface.dir/C_/Workspace/Pico/pico-sdk/src/rp2_common/hardware_irq/irq.c.obj
                0x10000bf4                irq_set_pending
 .text.irq_has_shared_handler
                0x10000c04       0x2c CMakeFiles/buttonInterface.dir/C_/Workspace/Pico/pico-sdk/src/rp2_common/hardware_irq/irq.c.obj
                0x10000c04                irq_has_shared_handler
 .text.irq_get_vtable_handler
                0x10000c30       0x10 CMakeFiles/buttonInterface.dir/C_/Workspace/Pico/pico-sdk/src/rp2_common/hardware_irq/irq.c.obj
                0x10000c30                irq_get_vtable_handler
 .text.irq_set_exclusive_handler
                0x10000c40       0x54 CMakeFiles/buttonInterface.dir/C_/Workspace/Pico/pico-sdk/src/rp2_common/hardware_irq/irq.c.obj
                0x10000c40                irq_set_exclusive_handler
 .text.irq_add_shared_handler
                0x10000c94      0x1f4 CMakeFiles/buttonInterface.dir/C_/Workspace/Pico/pico-sdk/src/rp2_common/hardware_irq/irq.c.obj
                0x10000c94                irq_add_shared_handler
 .text.irq_remove_handler
                0x10000e88      0x1c4 CMakeFiles/buttonInterface.dir/C_/Workspace/Pico/pico-sdk/src/rp2_common/hardware_irq/irq.c.obj
                0x10000e88                irq_remove_handler
 .text.irq_set_priority
                0x1000104c       0x28 CMakeFiles/buttonInterface.dir/C_/Workspace/Pico/pico-sdk/src/rp2_common/hardware_irq/irq.c.obj
                0x1000104c                irq_set_priority
 .text.irq_add_tail_to_free_list
                0x10001074       0xb4 CMakeFiles/buttonInterface.dir/C_/Workspace/Pico/pico-sdk/src/rp2_common/hardware_irq/irq.c.obj
                0x10001074                irq_add_tail_to_free_list
 .text.irq_init_priorities
                0x10001128       0x24 CMakeFiles/buttonInterface.dir/C_/Workspace/Pico/pico-sdk/src/rp2_common/hardware_irq/irq.c.obj
                0x10001128                irq_init_priorities
 .text.user_irq_unclaim
                0x1000114c       0x14 CMakeFiles/buttonInterface.dir/C_/Workspace/Pico/pico-sdk/src/rp2_common/hardware_irq/irq.c.obj
                0x1000114c                user_irq_unclaim
 .text.user_irq_claim_unused
                0x10001160       0x2c CMakeFiles/buttonInterface.dir/C_/Workspace/Pico/pico-sdk/src/rp2_common/hardware_irq/irq.c.obj
                0x10001160                user_irq_claim_unused
 .text.sem_init
                0x1000118c       0x20 CMakeFiles/buttonInterface.dir/C_/Workspace/Pico/pico-sdk/src/common/pico_sync/sem.c.obj
                0x1000118c                sem_init
 .text.lock_init
                0x100011ac       0x10 CMakeFiles/buttonInterface.dir/C_/Workspace/Pico/pico-sdk/src/common/pico_sync/lock_core.c.obj
                0x100011ac                lock_init
 .text.mutex_init
                0x100011bc       0x1c CMakeFiles/buttonInterface.dir/C_/Workspace/Pico/pico-sdk/src/common/pico_sync/mutex.c.obj
                0x100011bc                mutex_init
 .text.recursive_mutex_init
                0x100011d8       0x1c CMakeFiles/buttonInterface.dir/C_/Workspace/Pico/pico-sdk/src/common/pico_sync/mutex.c.obj
                0x100011d8                recursive_mutex_init
 .text.critical_section_init
                0x100011f4       0x1c CMakeFiles/buttonInterface.dir/C_/Workspace/Pico/pico-sdk/src/common/pico_sync/critical_section.c.obj
                0x100011f4                critical_section_init
 .text.critical_section_init_with_lock_num
                0x10001210       0x14 CMakeFiles/buttonInterface.dir/C_/Workspace/Pico/pico-sdk/src/common/pico_sync/critical_section.c.obj
                0x10001210                critical_section_init_with_lock_num
 .text.timer_pool_entry_comparator
                0x10001224       0x34 CMakeFiles/buttonInterface.dir/C_/Workspace/Pico/pico-sdk/src/common/pico_time/time.c.obj
                0x10001224                timer_pool_entry_comparator
 .text.sleep_until_callback
                0x10001258       0x30 CMakeFiles/buttonInterface.dir/C_/Workspace/Pico/pico-sdk/src/common/pico_time/time.c.obj
 .text.add_alarm_under_lock.isra.0
                0x10001288      0x100 CMakeFiles/buttonInterface.dir/C_/Workspace/Pico/pico-sdk/src/common/pico_time/time.c.obj
 .text.alarm_pool_alarm_callback
                0x10001388      0x1bc CMakeFiles/buttonInterface.dir/C_/Workspace/Pico/pico-sdk/src/common/pico_time/time.c.obj
 .text.alarm_pool_init_default
                0x10001544       0x6c CMakeFiles/buttonInterface.dir/C_/Workspace/Pico/pico-sdk/src/common/pico_time/time.c.obj
                0x10001544                alarm_pool_init_default
 .text.alarm_pool_get_default
                0x100015b0        0x8 CMakeFiles/buttonInterface.dir/C_/Workspace/Pico/pico-sdk/src/common/pico_time/time.c.obj
                0x100015b0                alarm_pool_get_default
 .text.alarm_pool_add_alarm_at
                0x100015b8      0x188 CMakeFiles/buttonInterface.dir/C_/Workspace/Pico/pico-sdk/src/common/pico_time/time.c.obj
                0x100015b8                alarm_pool_add_alarm_at
 .text.alarm_pool_cancel_alarm
                0x10001740       0x6c CMakeFiles/buttonInterface.dir/C_/Workspace/Pico/pico-sdk/src/common/pico_time/time.c.obj
                0x10001740                alarm_pool_cancel_alarm
 .text.alarm_pool_core_num
                0x100017ac        0x4 CMakeFiles/buttonInterface.dir/C_/Workspace/Pico/pico-sdk/src/common/pico_time/time.c.obj
                0x100017ac                alarm_pool_core_num
 .text.sleep_until
                0x100017b0       0xc4 CMakeFiles/buttonInterface.dir/C_/Workspace/Pico/pico-sdk/src/common/pico_time/time.c.obj
                0x100017b0                sleep_until
 .text.sleep_ms
                0x10001874       0x38 CMakeFiles/buttonInterface.dir/C_/Workspace/Pico/pico-sdk/src/common/pico_time/time.c.obj
                0x10001874                sleep_ms
 .text.best_effort_wfe_or_timeout
                0x100018ac       0x78 CMakeFiles/buttonInterface.dir/C_/Workspace/Pico/pico-sdk/src/common/pico_time/time.c.obj
                0x100018ac                best_effort_wfe_or_timeout
 .text.hardware_alarm_irq_handler
                0x10001924       0xbc CMakeFiles/buttonInterface.dir/C_/Workspace/Pico/pico-sdk/src/rp2_common/hardware_timer/timer.c.obj
 .text.hardware_alarm_claim
                0x100019e0       0x18 CMakeFiles/buttonInterface.dir/C_/Workspace/Pico/pico-sdk/src/rp2_common/hardware_timer/timer.c.obj
                0x100019e0                hardware_alarm_claim
 .text.time_us_64
                0x100019f8       0x14 CMakeFiles/buttonInterface.dir/C_/Workspace/Pico/pico-sdk/src/rp2_common/hardware_timer/timer.c.obj
                0x100019f8                time_us_64
 .text.busy_wait_until
                0x10001a0c       0x20 CMakeFiles/buttonInterface.dir/C_/Workspace/Pico/pico-sdk/src/rp2_common/hardware_timer/timer.c.obj
                0x10001a0c                busy_wait_until
 .text.hardware_alarm_set_callback
                0x10001a2c       0x8c CMakeFiles/buttonInterface.dir/C_/Workspace/Pico/pico-sdk/src/rp2_common/hardware_timer/timer.c.obj
                0x10001a2c                hardware_alarm_set_callback
 .text.hardware_alarm_set_target
                0x10001ab8       0xdc CMakeFiles/buttonInterface.dir/C_/Workspace/Pico/pico-sdk/src/rp2_common/hardware_timer/timer.c.obj
                0x10001ab8                hardware_alarm_set_target
 .text.hardware_alarm_cancel
                0x10001b94       0x3c CMakeFiles/buttonInterface.dir/C_/Workspace/Pico/pico-sdk/src/rp2_common/hardware_timer/timer.c.obj
                0x10001b94                hardware_alarm_cancel
 .text.ph_merge_nodes
                0x10001bd0       0x64 CMakeFiles/buttonInterface.dir/C_/Workspace/Pico/pico-sdk/src/common/pico_util/pheap.c.obj
 .text.ph_post_alloc_init
                0x10001c34       0x3c CMakeFiles/buttonInterface.dir/C_/Workspace/Pico/pico-sdk/src/common/pico_util/pheap.c.obj
                0x10001c34                ph_post_alloc_init
 .text.ph_merge_two_pass
                0x10001c70       0x98 CMakeFiles/buttonInterface.dir/C_/Workspace/Pico/pico-sdk/src/common/pico_util/pheap.c.obj
                0x10001c70                ph_merge_two_pass
 .text.ph_remove_any_head
                0x10001d08      0x100 CMakeFiles/buttonInterface.dir/C_/Workspace/Pico/pico-sdk/src/common/pico_util/pheap.c.obj
 .text.ph_remove_head
                0x10001e08      0x104 CMakeFiles/buttonInterface.dir/C_/Workspace/Pico/pico-sdk/src/common/pico_util/pheap.c.obj
                0x10001e08                ph_remove_head
 .text.ph_remove_and_free_node
                0x10001f0c       0x78 CMakeFiles/buttonInterface.dir/C_/Workspace/Pico/pico-sdk/src/common/pico_util/pheap.c.obj
                0x10001f0c                ph_remove_and_free_node
 .text.clocks_init
                0x10001f84      0x2b4 CMakeFiles/buttonInterface.dir/C_/Workspace/Pico/pico-sdk/src/rp2_common/hardware_clocks/clocks.c.obj
                0x10001f84                clocks_init
 .text.clock_get_hz
                0x10002238        0xc CMakeFiles/buttonInterface.dir/C_/Workspace/Pico/pico-sdk/src/rp2_common/hardware_clocks/clocks.c.obj
                0x10002238                clock_get_hz
 .text.pll_init
                0x10002244       0xa8 CMakeFiles/buttonInterface.dir/C_/Workspace/Pico/pico-sdk/src/rp2_common/hardware_pll/pll.c.obj
                0x10002244                pll_init
 .text.watchdog_start_tick
                0x100022ec       0x10 CMakeFiles/buttonInterface.dir/C_/Workspace/Pico/pico-sdk/src/rp2_common/hardware_watchdog/watchdog.c.obj
                0x100022ec                watchdog_start_tick
 .text.watchdog_reboot
                0x100022fc       0x9c CMakeFiles/buttonInterface.dir/C_/Workspace/Pico/pico-sdk/src/rp2_common/hardware_watchdog/watchdog.c.obj
                0x100022fc                watchdog_reboot
 .text.xosc_init
                0x10002398       0x28 CMakeFiles/buttonInterface.dir/C_/Workspace/Pico/pico-sdk/src/rp2_common/hardware_xosc/xosc.c.obj
                0x10002398                xosc_init
 .text.runtime_init
                0x100023c0       0xf0 CMakeFiles/buttonInterface.dir/C_/Workspace/Pico/pico-sdk/src/rp2_common/pico_runtime/runtime.c.obj
                0x100023c0                runtime_init
 .text._exit    0x100024b0        0x4 CMakeFiles/buttonInterface.dir/C_/Workspace/Pico/pico-sdk/src/rp2_common/pico_runtime/runtime.c.obj
                0x100024b0                _exit
 .text._sbrk    0x100024b4       0x34 CMakeFiles/buttonInterface.dir/C_/Workspace/Pico/pico-sdk/src/rp2_common/pico_runtime/runtime.c.obj
                0x100024b4                _sbrk
 .text.exit     0x100024e8        0x8 CMakeFiles/buttonInterface.dir/C_/Workspace/Pico/pico-sdk/src/rp2_common/pico_runtime/runtime.c.obj
                0x100024e8                exit
 .text.panic    0x100024f0       0x30 CMakeFiles/buttonInterface.dir/C_/Workspace/Pico/pico-sdk/src/rp2_common/pico_runtime/runtime.c.obj
                0x100024f0                panic
 .text.hard_assertion_failure
                0x10002520        0xc CMakeFiles/buttonInterface.dir/C_/Workspace/Pico/pico-sdk/src/rp2_common/pico_runtime/runtime.c.obj
                0x10002520                hard_assertion_failure
 .text._out_null
                0x1000252c        0x4 CMakeFiles/buttonInterface.dir/C_/Workspace/Pico/pico-sdk/src/rp2_common/pico_printf/printf.c.obj
 .text._out_rev
                0x10002530       0x90 CMakeFiles/buttonInterface.dir/C_/Workspace/Pico/pico-sdk/src/rp2_common/pico_printf/printf.c.obj
 .text._ntoa_format
                0x100025c0      0x1f4 CMakeFiles/buttonInterface.dir/C_/Workspace/Pico/pico-sdk/src/rp2_common/pico_printf/printf.c.obj
 .text._out_char
                0x100027b4       0x10 CMakeFiles/buttonInterface.dir/C_/Workspace/Pico/pico-sdk/src/rp2_common/pico_printf/printf.c.obj
 .text._out_fct
                0x100027c4       0x10 CMakeFiles/buttonInterface.dir/C_/Workspace/Pico/pico-sdk/src/rp2_common/pico_printf/printf.c.obj
 .text._etoa    0x100027d4      0x454 CMakeFiles/buttonInterface.dir/C_/Workspace/Pico/pico-sdk/src/rp2_common/pico_printf/printf.c.obj
 .text._ftoa    0x10002c28      0x3c4 CMakeFiles/buttonInterface.dir/C_/Workspace/Pico/pico-sdk/src/rp2_common/pico_printf/printf.c.obj
 .text._vsnprintf
                0x10002fec      0xb24 CMakeFiles/buttonInterface.dir/C_/Workspace/Pico/pico-sdk/src/rp2_common/pico_printf/printf.c.obj
 .text.vfctprintf
                0x10003b10       0x20 CMakeFiles/buttonInterface.dir/C_/Workspace/Pico/pico-sdk/src/rp2_common/pico_printf/printf.c.obj
                0x10003b10                vfctprintf
 .text.weak_raw_vprintf
                0x10003b30       0x30 CMakeFiles/buttonInterface.dir/C_/Workspace/Pico/pico-sdk/src/rp2_common/pico_printf/printf.c.obj
                0x10003b30                weak_raw_vprintf
 .text          0x10003b60       0x10 CMakeFiles/buttonInterface.dir/C_/Workspace/Pico/pico-sdk/src/rp2_common/pico_bit_ops/bit_ops_aeabi.S.obj
 .text.ctzsi    0x10003b70        0xc CMakeFiles/buttonInterface.dir/C_/Workspace/Pico/pico-sdk/src/rp2_common/pico_bit_ops/bit_ops_aeabi.S.obj
                0x10003b70                __wrap___ctzsi2
 .text.rom_func_lookup
                0x10003b7c       0x10 CMakeFiles/buttonInterface.dir/C_/Workspace/Pico/pico-sdk/src/rp2_common/pico_bootrom/bootrom.c.obj
                0x10003b7c                rom_func_lookup
 .text.rom_data_lookup
                0x10003b8c       0x10 CMakeFiles/buttonInterface.dir/C_/Workspace/Pico/pico-sdk/src/rp2_common/pico_bootrom/bootrom.c.obj
                0x10003b8c                rom_data_lookup
 .text.rom_funcs_lookup
                0x10003b9c       0x44 CMakeFiles/buttonInterface.dir/C_/Workspace/Pico/pico-sdk/src/rp2_common/pico_bootrom/bootrom.c.obj
                0x10003b9c                rom_funcs_lookup
 .text.__wrap___aeabi_idiv
                0x10003be0       0x50 CMakeFiles/buttonInterface.dir/C_/Workspace/Pico/pico-sdk/src/rp2_common/pico_divider/divider.S.obj
                0x10003be0                __wrap___aeabi_idivmod
                0x10003be0                divmod_s32s32
                0x10003be0                div_s32s32
                0x10003be0                __wrap___aeabi_idiv
                0x10003be8                divmod_s32s32_unsafe
                0x10003c14                divmod_s32s32_savestate
 .text.__wrap___aeabi_uidiv
                0x10003c30       0x4c CMakeFiles/buttonInterface.dir/C_/Workspace/Pico/pico-sdk/src/rp2_common/pico_divider/divider.S.obj
                0x10003c30                __wrap___aeabi_uidiv
                0x10003c30                __wrap___aeabi_uidivmod
                0x10003c30                div_u32u32
                0x10003c30                divmod_u32u32
                0x10003c38                divmod_u32u32_unsafe
                0x10003c60                divmod_u32u32_savestate
 .text.__wrap___aeabi_ldiv
                0x10003c7c      0x424 CMakeFiles/buttonInterface.dir/C_/Workspace/Pico/pico-sdk/src/rp2_common/pico_divider/divider.S.obj
                0x10003c7c                div_s64s64
                0x10003c7c                divmod_s64s64
                0x10003c7c                __wrap___aeabi_ldivmod
                0x10003cac                divmod_u64u64
                0x10003cac                div_u64u64
                0x10003cac                __wrap___aeabi_uldivmod
                0x10003cbc                divmod_u64u64_savestate
                0x10003cdc                divmod_s64s64_unsafe
                0x10003d64                divmod_u64u64_unsafe
 .text.__wrap___aeabi_darithmetic
                0x100040a0       0x60 CMakeFiles/buttonInterface.dir/C_/Workspace/Pico/pico-sdk/src/rp2_common/pico_double/double_aeabi.S.obj
                0x100040a0                __wrap___aeabi_drsub
                0x100040a6                __wrap___aeabi_dsub
                0x100040b0                __wrap___aeabi_dadd
                0x100040ba                __wrap___aeabi_ddiv
                0x100040ee                __wrap___aeabi_dmul
 .text.__wrap___aeabi_cdcmple
                0x10004100       0x6c CMakeFiles/buttonInterface.dir/C_/Workspace/Pico/pico-sdk/src/rp2_common/pico_double/double_aeabi.S.obj
                0x10004100                __wrap___aeabi_cdrcmple
                0x10004110                __wrap___aeabi_cdcmpeq
                0x10004110                __wrap___aeabi_cdcmple
 .text.__wrap___aeabi_dcmplt
                0x1000416c        0xc CMakeFiles/buttonInterface.dir/C_/Workspace/Pico/pico-sdk/src/rp2_common/pico_double/double_aeabi.S.obj
                0x1000416c                __wrap___aeabi_dcmplt
 .text.__wrap___aeabi_dcmpge
                0x10004178       0x10 CMakeFiles/buttonInterface.dir/C_/Workspace/Pico/pico-sdk/src/rp2_common/pico_double/double_aeabi.S.obj
                0x10004178                __wrap___aeabi_dcmpge
 .text.__wrap___aeabi_dcmpgt
                0x10004188        0xa CMakeFiles/buttonInterface.dir/C_/Workspace/Pico/pico-sdk/src/rp2_common/pico_double/double_aeabi.S.obj
                0x10004188                __wrap___aeabi_dcmpgt
 .text.__wrap___aeabi_dcmpun
                0x10004192       0x1c CMakeFiles/buttonInterface.dir/C_/Workspace/Pico/pico-sdk/src/rp2_common/pico_double/double_aeabi.S.obj
                0x10004192                __wrap___aeabi_dcmpun
 *fill*         0x100041ae        0x2 
 .text.__wrap___aeabi_i2d
                0x100041b0       0x38 CMakeFiles/buttonInterface.dir/C_/Workspace/Pico/pico-sdk/src/rp2_common/pico_double/double_aeabi.S.obj
                0x100041b0                __wrap___aeabi_ui2d
                0x100041b8                __wrap___aeabi_i2d
 .text.__wrap___aeabi_d2iz
                0x100041e8       0x48 CMakeFiles/buttonInterface.dir/C_/Workspace/Pico/pico-sdk/src/rp2_common/pico_double/double_aeabi.S.obj
                0x100041e8                double2int_z
                0x100041e8                __wrap___aeabi_d2iz
 .text.__wrap___aeabi_d2uiz
                0x10004230       0x10 CMakeFiles/buttonInterface.dir/C_/Workspace/Pico/pico-sdk/src/rp2_common/pico_double/double_aeabi.S.obj
                0x10004230                __wrap___aeabi_d2uiz
                0x10004230                double2uint
 .text.missing_double_func_shim
                0x10004240        0xc CMakeFiles/buttonInterface.dir/C_/Workspace/Pico/pico-sdk/src/rp2_common/pico_double/double_init_rom.c.obj
 .text.__aeabi_double_init
                0x1000424c       0x94 CMakeFiles/buttonInterface.dir/C_/Workspace/Pico/pico-sdk/src/rp2_common/pico_double/double_init_rom.c.obj
                0x1000424c                __aeabi_double_init
 .text.double_table_shim_on_use_helper
                0x100042e0       0x2c CMakeFiles/buttonInterface.dir/C_/Workspace/Pico/pico-sdk/src/rp2_common/pico_double/double_v1_rom_shim.S.obj
                0x100042e0                double_table_shim_on_use_helper
 .text.__aeabi_lmul
                0x1000430c       0x32 CMakeFiles/buttonInterface.dir/C_/Workspace/Pico/pico-sdk/src/rp2_common/pico_int64_ops/pico_int64_ops_aeabi.S.obj
                0x1000430c                __wrap___aeabi_lmul
 *fill*         0x1000433e        0x2 
 .text.missing_float_func_shim
                0x10004340        0xc CMakeFiles/buttonInterface.dir/C_/Workspace/Pico/pico-sdk/src/rp2_common/pico_float/float_init_rom.c.obj
 .text.__aeabi_float_init
                0x1000434c       0x5c CMakeFiles/buttonInterface.dir/C_/Workspace/Pico/pico-sdk/src/rp2_common/pico_float/float_init_rom.c.obj
                0x1000434c                __aeabi_float_init
 .text.__wrap_calloc
                0x100043a8       0x24 CMakeFiles/buttonInterface.dir/C_/Workspace/Pico/pico-sdk/src/rp2_common/pico_malloc/pico_malloc.c.obj
                0x100043a8                __wrap_calloc
 .text          0x100043cc       0x10 CMakeFiles/buttonInterface.dir/C_/Workspace/Pico/pico-sdk/src/rp2_common/pico_mem_ops/mem_ops_aeabi.S.obj
                0x100043cc                __aeabi_mem_init
 .text.memset   0x100043dc        0xc CMakeFiles/buttonInterface.dir/C_/Workspace/Pico/pico-sdk/src/rp2_common/pico_mem_ops/mem_ops_aeabi.S.obj
                0x100043dc                __wrap_memset
 .text.memcpy   0x100043e8        0xc CMakeFiles/buttonInterface.dir/C_/Workspace/Pico/pico-sdk/src/rp2_common/pico_mem_ops/mem_ops_aeabi.S.obj
                0x100043e8                __wrap_memcpy
                0x100043e8                __wrap___aeabi_memcpy
 .text.stdio_out_chars_crlf
                0x100043f4       0xbc CMakeFiles/buttonInterface.dir/C_/Workspace/Pico/pico-sdk/src/rp2_common/pico_stdio/stdio.c.obj
 .text.stdio_buffered_printer
                0x100044b0       0x64 CMakeFiles/buttonInterface.dir/C_/Workspace/Pico/pico-sdk/src/rp2_common/pico_stdio/stdio.c.obj
 .text.__wrap_putchar
                0x10004514       0x98 CMakeFiles/buttonInterface.dir/C_/Workspace/Pico/pico-sdk/src/rp2_common/pico_stdio/stdio.c.obj
                0x10004514                __wrap_putchar
 .text.__wrap_puts
                0x100045ac       0xe0 CMakeFiles/buttonInterface.dir/C_/Workspace/Pico/pico-sdk/src/rp2_common/pico_stdio/stdio.c.obj
                0x100045ac                __wrap_puts
 .text.stdio_set_driver_enabled
                0x1000468c       0x30 CMakeFiles/buttonInterface.dir/C_/Workspace/Pico/pico-sdk/src/rp2_common/pico_stdio/stdio.c.obj
                0x1000468c                stdio_set_driver_enabled
 .text.__wrap_vprintf
                0x100046bc       0xd4 CMakeFiles/buttonInterface.dir/C_/Workspace/Pico/pico-sdk/src/rp2_common/pico_stdio/stdio.c.obj
                0x100046bc                __wrap_vprintf
 .text.__wrap_printf
                0x10004790       0x18 CMakeFiles/buttonInterface.dir/C_/Workspace/Pico/pico-sdk/src/rp2_common/pico_stdio/stdio.c.obj
                0x10004790                __wrap_printf
 .text.stdio_init_all
                0x100047a8        0x8 CMakeFiles/buttonInterface.dir/C_/Workspace/Pico/pico-sdk/src/rp2_common/pico_stdio/stdio.c.obj
                0x100047a8                stdio_init_all
 .text.resetd_init
                0x100047b0        0x4 CMakeFiles/buttonInterface.dir/C_/Workspace/Pico/pico-sdk/src/rp2_common/pico_stdio_usb/reset_interface.c.obj
 .text.resetd_reset
                0x100047b4        0xc CMakeFiles/buttonInterface.dir/C_/Workspace/Pico/pico-sdk/src/rp2_common/pico_stdio_usb/reset_interface.c.obj
 .text.resetd_open
                0x100047c0       0x28 CMakeFiles/buttonInterface.dir/C_/Workspace/Pico/pico-sdk/src/rp2_common/pico_stdio_usb/reset_interface.c.obj
 .text.resetd_xfer_cb
                0x100047e8        0x4 CMakeFiles/buttonInterface.dir/C_/Workspace/Pico/pico-sdk/src/rp2_common/pico_stdio_usb/reset_interface.c.obj
 .text.resetd_control_xfer_cb
                0x100047ec       0x60 CMakeFiles/buttonInterface.dir/C_/Workspace/Pico/pico-sdk/src/rp2_common/pico_stdio_usb/reset_interface.c.obj
 .text.usbd_app_driver_get_cb
                0x1000484c        0xc CMakeFiles/buttonInterface.dir/C_/Workspace/Pico/pico-sdk/src/rp2_common/pico_stdio_usb/reset_interface.c.obj
                0x1000484c                usbd_app_driver_get_cb
 .text.tud_cdc_line_coding_cb
                0x10004858       0x34 CMakeFiles/buttonInterface.dir/C_/Workspace/Pico/pico-sdk/src/rp2_common/pico_stdio_usb/reset_interface.c.obj
                0x10004858                tud_cdc_line_coding_cb
 .text.stdio_usb_set_chars_available_callback
                0x1000488c       0x14 CMakeFiles/buttonInterface.dir/C_/Workspace/Pico/pico-sdk/src/rp2_common/pico_stdio_usb/stdio_usb.c.obj
                0x1000488c                stdio_usb_set_chars_available_callback
 .text.usb_irq  0x100048a0       0x10 CMakeFiles/buttonInterface.dir/C_/Workspace/Pico/pico-sdk/src/rp2_common/pico_stdio_usb/stdio_usb.c.obj
 .text.timer_task
                0x100048b0       0x54 CMakeFiles/buttonInterface.dir/C_/Workspace/Pico/pico-sdk/src/rp2_common/pico_stdio_usb/stdio_usb.c.obj
 .text.stdio_usb_in_chars
                0x10004904       0x90 CMakeFiles/buttonInterface.dir/C_/Workspace/Pico/pico-sdk/src/rp2_common/pico_stdio_usb/stdio_usb.c.obj
                0x10004904                stdio_usb_in_chars
 .text.stdio_usb_out_chars
                0x10004994      0x104 CMakeFiles/buttonInterface.dir/C_/Workspace/Pico/pico-sdk/src/rp2_common/pico_stdio_usb/stdio_usb.c.obj
 .text.low_priority_worker_irq
                0x10004a98       0xa8 CMakeFiles/buttonInterface.dir/C_/Workspace/Pico/pico-sdk/src/rp2_common/pico_stdio_usb/stdio_usb.c.obj
 .text.tud_cdc_rx_cb
                0x10004b40       0x20 CMakeFiles/buttonInterface.dir/C_/Workspace/Pico/pico-sdk/src/rp2_common/pico_stdio_usb/stdio_usb.c.obj
                0x10004b40                tud_cdc_rx_cb
 .text.stdio_usb_init
                0x10004b60       0xe0 CMakeFiles/buttonInterface.dir/C_/Workspace/Pico/pico-sdk/src/rp2_common/pico_stdio_usb/stdio_usb.c.obj
                0x10004b60                stdio_usb_init
 .text.tud_descriptor_device_cb
                0x10004c40        0x8 CMakeFiles/buttonInterface.dir/C_/Workspace/Pico/pico-sdk/src/rp2_common/pico_stdio_usb/stdio_usb_descriptors.c.obj
                0x10004c40                tud_descriptor_device_cb
 .text.tud_descriptor_configuration_cb
                0x10004c48        0x8 CMakeFiles/buttonInterface.dir/C_/Workspace/Pico/pico-sdk/src/rp2_common/pico_stdio_usb/stdio_usb_descriptors.c.obj
                0x10004c48                tud_descriptor_configuration_cb
 .text.tud_descriptor_string_cb
                0x10004c50       0x78 CMakeFiles/buttonInterface.dir/C_/Workspace/Pico/pico-sdk/src/rp2_common/pico_stdio_usb/stdio_usb_descriptors.c.obj
                0x10004c50                tud_descriptor_string_cb
 .text.startup._retrieve_unique_id_on_boot
                0x10004cc8       0x10 CMakeFiles/buttonInterface.dir/C_/Workspace/Pico/pico-sdk/src/rp2_common/pico_unique_id/unique_id.c.obj
 .text.pico_get_unique_board_id
                0x10004cd8       0x10 CMakeFiles/buttonInterface.dir/C_/Workspace/Pico/pico-sdk/src/rp2_common/pico_unique_id/unique_id.c.obj
                0x10004cd8                pico_get_unique_board_id
 .text.pico_get_unique_board_id_string
                0x10004ce8      0x1a8 CMakeFiles/buttonInterface.dir/C_/Workspace/Pico/pico-sdk/src/rp2_common/pico_unique_id/unique_id.c.obj
                0x10004ce8                pico_get_unique_board_id_string
 .text.flash_get_unique_id
                0x10004e90       0x40 CMakeFiles/buttonInterface.dir/C_/Workspace/Pico/pico-sdk/src/rp2_common/hardware_flash/flash.c.obj
                0x10004e90                flash_get_unique_id
 .text.dcd_int_enable
                0x10004ed0        0xc CMakeFiles/buttonInterface.dir/C_/Workspace/Pico/pico-sdk/lib/tinyusb/src/portable/raspberrypi/rp2040/dcd_rp2040.c.obj
                0x10004ed0                dcd_int_enable
 .text.dcd_set_address
                0x10004edc       0x14 CMakeFiles/buttonInterface.dir/C_/Workspace/Pico/pico-sdk/lib/tinyusb/src/portable/raspberrypi/rp2040/dcd_rp2040.c.obj
                0x10004edc                dcd_set_address
 .text.dcd_connect
                0x10004ef0       0x10 CMakeFiles/buttonInterface.dir/C_/Workspace/Pico/pico-sdk/lib/tinyusb/src/portable/raspberrypi/rp2040/dcd_rp2040.c.obj
                0x10004ef0                dcd_connect
 .text.dcd_init
                0x10004f00       0x98 CMakeFiles/buttonInterface.dir/C_/Workspace/Pico/pico-sdk/lib/tinyusb/src/portable/raspberrypi/rp2040/dcd_rp2040.c.obj
                0x10004f00                dcd_init
 .text.dcd_edpt0_status_complete
                0x10004f98       0x1c CMakeFiles/buttonInterface.dir/C_/Workspace/Pico/pico-sdk/lib/tinyusb/src/portable/raspberrypi/rp2040/dcd_rp2040.c.obj
                0x10004f98                dcd_edpt0_status_complete
 .text.dcd_edpt_open
                0x10004fb4      0x108 CMakeFiles/buttonInterface.dir/C_/Workspace/Pico/pico-sdk/lib/tinyusb/src/portable/raspberrypi/rp2040/dcd_rp2040.c.obj
                0x10004fb4                dcd_edpt_open
 .text.dcd_edpt_close_all
                0x100050bc        0x8 CMakeFiles/buttonInterface.dir/C_/Workspace/Pico/pico-sdk/lib/tinyusb/src/portable/raspberrypi/rp2040/dcd_rp2040.c.obj
                0x100050bc                dcd_edpt_close_all
 .text.dcd_edpt_xfer
                0x100050c4       0x24 CMakeFiles/buttonInterface.dir/C_/Workspace/Pico/pico-sdk/lib/tinyusb/src/portable/raspberrypi/rp2040/dcd_rp2040.c.obj
                0x100050c4                dcd_edpt_xfer
 .text.dcd_edpt_stall
                0x100050e8       0x38 CMakeFiles/buttonInterface.dir/C_/Workspace/Pico/pico-sdk/lib/tinyusb/src/portable/raspberrypi/rp2040/dcd_rp2040.c.obj
                0x100050e8                dcd_edpt_stall
 .text.dcd_edpt_clear_stall
                0x10005120       0x30 CMakeFiles/buttonInterface.dir/C_/Workspace/Pico/pico-sdk/lib/tinyusb/src/portable/raspberrypi/rp2040/dcd_rp2040.c.obj
                0x10005120                dcd_edpt_clear_stall
 .text.rp2040_usb_init
                0x10005150       0x4c CMakeFiles/buttonInterface.dir/C_/Workspace/Pico/pico-sdk/lib/tinyusb/src/portable/raspberrypi/rp2040/rp2040_usb.c.obj
                0x10005150                rp2040_usb_init
 .text.hw_endpoint_xfer_start
                0x1000519c       0x40 CMakeFiles/buttonInterface.dir/C_/Workspace/Pico/pico-sdk/lib/tinyusb/src/portable/raspberrypi/rp2040/rp2040_usb.c.obj
                0x1000519c                hw_endpoint_xfer_start
 .text.tud_mounted
                0x100051dc       0x10 CMakeFiles/buttonInterface.dir/C_/Workspace/Pico/pico-sdk/lib/tinyusb/src/device/usbd.c.obj
                0x100051dc                tud_mounted
 .text.tud_suspended
                0x100051ec       0x10 CMakeFiles/buttonInterface.dir/C_/Workspace/Pico/pico-sdk/lib/tinyusb/src/device/usbd.c.obj
                0x100051ec                tud_suspended
 .text.tud_inited
                0x100051fc       0x14 CMakeFiles/buttonInterface.dir/C_/Workspace/Pico/pico-sdk/lib/tinyusb/src/device/usbd.c.obj
                0x100051fc                tud_inited
 .text.tud_init
                0x10005210       0xd8 CMakeFiles/buttonInterface.dir/C_/Workspace/Pico/pico-sdk/lib/tinyusb/src/device/usbd.c.obj
                0x10005210                tud_init
 .text.tud_task_ext
                0x100052e8      0x8a4 CMakeFiles/buttonInterface.dir/C_/Workspace/Pico/pico-sdk/lib/tinyusb/src/device/usbd.c.obj
                0x100052e8                tud_task_ext
 .text.usbd_open_edpt_pair
                0x10005b8c       0x9c CMakeFiles/buttonInterface.dir/C_/Workspace/Pico/pico-sdk/lib/tinyusb/src/device/usbd.c.obj
                0x10005b8c                usbd_open_edpt_pair
 .text.usbd_defer_func
                0x10005c28       0x48 CMakeFiles/buttonInterface.dir/C_/Workspace/Pico/pico-sdk/lib/tinyusb/src/device/usbd.c.obj
                0x10005c28                usbd_defer_func
 .text.usbd_edpt_open
                0x10005c70       0x34 CMakeFiles/buttonInterface.dir/C_/Workspace/Pico/pico-sdk/lib/tinyusb/src/device/usbd.c.obj
                0x10005c70                usbd_edpt_open
 .text.usbd_edpt_claim
                0x10005ca4       0x28 CMakeFiles/buttonInterface.dir/C_/Workspace/Pico/pico-sdk/lib/tinyusb/src/device/usbd.c.obj
                0x10005ca4                usbd_edpt_claim
 .text.usbd_edpt_release
                0x10005ccc       0x28 CMakeFiles/buttonInterface.dir/C_/Workspace/Pico/pico-sdk/lib/tinyusb/src/device/usbd.c.obj
                0x10005ccc                usbd_edpt_release
 .text.usbd_edpt_xfer
                0x10005cf4       0x4c CMakeFiles/buttonInterface.dir/C_/Workspace/Pico/pico-sdk/lib/tinyusb/src/device/usbd.c.obj
                0x10005cf4                usbd_edpt_xfer
 .text.tud_control_status
                0x10005d40       0x2c CMakeFiles/buttonInterface.dir/C_/Workspace/Pico/pico-sdk/lib/tinyusb/src/device/usbd_control.c.obj
                0x10005d40                tud_control_status
 .text.tud_control_xfer
                0x10005d6c       0xac CMakeFiles/buttonInterface.dir/C_/Workspace/Pico/pico-sdk/lib/tinyusb/src/device/usbd_control.c.obj
                0x10005d6c                tud_control_xfer
 .text.usbd_control_reset
                0x10005e18       0x14 CMakeFiles/buttonInterface.dir/C_/Workspace/Pico/pico-sdk/lib/tinyusb/src/device/usbd_control.c.obj
                0x10005e18                usbd_control_reset
 .text.usbd_control_set_complete_callback
                0x10005e2c        0xc CMakeFiles/buttonInterface.dir/C_/Workspace/Pico/pico-sdk/lib/tinyusb/src/device/usbd_control.c.obj
                0x10005e2c                usbd_control_set_complete_callback
 .text.usbd_control_set_request
                0x10005e38       0x1c CMakeFiles/buttonInterface.dir/C_/Workspace/Pico/pico-sdk/lib/tinyusb/src/device/usbd_control.c.obj
                0x10005e38                usbd_control_set_request
 .text.usbd_control_xfer_cb
                0x10005e54       0xf4 CMakeFiles/buttonInterface.dir/C_/Workspace/Pico/pico-sdk/lib/tinyusb/src/device/usbd_control.c.obj
                0x10005e54                usbd_control_xfer_cb
 .text.tud_cdc_n_connected
                0x10005f48       0x30 CMakeFiles/buttonInterface.dir/C_/Workspace/Pico/pico-sdk/lib/tinyusb/src/class/cdc/cdc_device.c.obj
                0x10005f48                tud_cdc_n_connected
 .text.tud_cdc_n_available
                0x10005f78       0x18 CMakeFiles/buttonInterface.dir/C_/Workspace/Pico/pico-sdk/lib/tinyusb/src/class/cdc/cdc_device.c.obj
                0x10005f78                tud_cdc_n_available
 .text.tud_cdc_n_read
                0x10005f90       0x70 CMakeFiles/buttonInterface.dir/C_/Workspace/Pico/pico-sdk/lib/tinyusb/src/class/cdc/cdc_device.c.obj
                0x10005f90                tud_cdc_n_read
 .text.tud_cdc_n_write_flush
                0x10006000       0x78 CMakeFiles/buttonInterface.dir/C_/Workspace/Pico/pico-sdk/lib/tinyusb/src/class/cdc/cdc_device.c.obj
                0x10006000                tud_cdc_n_write_flush
 .text.tud_cdc_n_write
                0x10006078       0x34 CMakeFiles/buttonInterface.dir/C_/Workspace/Pico/pico-sdk/lib/tinyusb/src/class/cdc/cdc_device.c.obj
                0x10006078                tud_cdc_n_write
 .text.tud_cdc_n_write_available
                0x100060ac       0x18 CMakeFiles/buttonInterface.dir/C_/Workspace/Pico/pico-sdk/lib/tinyusb/src/class/cdc/cdc_device.c.obj
                0x100060ac                tud_cdc_n_write_available
 .text.cdcd_init
                0x100060c4       0x7c CMakeFiles/buttonInterface.dir/C_/Workspace/Pico/pico-sdk/lib/tinyusb/src/class/cdc/cdc_device.c.obj
                0x100060c4                cdcd_init
 .text.cdcd_reset
                0x10006140       0x2c CMakeFiles/buttonInterface.dir/C_/Workspace/Pico/pico-sdk/lib/tinyusb/src/class/cdc/cdc_device.c.obj
                0x10006140                cdcd_reset
 .text.cdcd_open
                0x1000616c       0xe4 CMakeFiles/buttonInterface.dir/C_/Workspace/Pico/pico-sdk/lib/tinyusb/src/class/cdc/cdc_device.c.obj
                0x1000616c                cdcd_open
 .text.cdcd_control_xfer_cb
                0x10006250       0xe4 CMakeFiles/buttonInterface.dir/C_/Workspace/Pico/pico-sdk/lib/tinyusb/src/class/cdc/cdc_device.c.obj
                0x10006250                cdcd_control_xfer_cb
 .text.cdcd_xfer_cb
                0x10006334      0x13c CMakeFiles/buttonInterface.dir/C_/Workspace/Pico/pico-sdk/lib/tinyusb/src/class/cdc/cdc_device.c.obj
                0x10006334                cdcd_xfer_cb
 .text.tusb_init
                0x10006470        0xc CMakeFiles/buttonInterface.dir/C_/Workspace/Pico/pico-sdk/lib/tinyusb/src/tusb.c.obj
                0x10006470                tusb_init
 .text.tusb_inited
                0x1000647c        0x8 CMakeFiles/buttonInterface.dir/C_/Workspace/Pico/pico-sdk/lib/tinyusb/src/tusb.c.obj
                0x1000647c                tusb_inited
 .text.tu_edpt_claim
                0x10006484       0x50 CMakeFiles/buttonInterface.dir/C_/Workspace/Pico/pico-sdk/lib/tinyusb/src/tusb.c.obj
                0x10006484                tu_edpt_claim
 .text.tu_edpt_release
                0x100064d4       0x38 CMakeFiles/buttonInterface.dir/C_/Workspace/Pico/pico-sdk/lib/tinyusb/src/tusb.c.obj
                0x100064d4                tu_edpt_release
 .text.tu_edpt_validate
                0x1000650c       0x7c CMakeFiles/buttonInterface.dir/C_/Workspace/Pico/pico-sdk/lib/tinyusb/src/tusb.c.obj
                0x1000650c                tu_edpt_validate
 .text.tu_edpt_bind_driver
                0x10006588       0x34 CMakeFiles/buttonInterface.dir/C_/Workspace/Pico/pico-sdk/lib/tinyusb/src/tusb.c.obj
                0x10006588                tu_edpt_bind_driver
 .text.tu_fifo_config
                0x100065bc       0x6c CMakeFiles/buttonInterface.dir/C_/Workspace/Pico/pico-sdk/lib/tinyusb/src/common/tusb_fifo.c.obj
                0x100065bc                tu_fifo_config
 .text.tu_fifo_count
                0x10006628       0x2c CMakeFiles/buttonInterface.dir/C_/Workspace/Pico/pico-sdk/lib/tinyusb/src/common/tusb_fifo.c.obj
                0x10006628                tu_fifo_count
 .text.tu_fifo_empty
                0x10006654       0x10 CMakeFiles/buttonInterface.dir/C_/Workspace/Pico/pico-sdk/lib/tinyusb/src/common/tusb_fifo.c.obj
                0x10006654                tu_fifo_empty
 .text.tu_fifo_remaining
                0x10006664       0x2c CMakeFiles/buttonInterface.dir/C_/Workspace/Pico/pico-sdk/lib/tinyusb/src/common/tusb_fifo.c.obj
                0x10006664                tu_fifo_remaining
 .text.tu_fifo_read
                0x10006690       0x9c CMakeFiles/buttonInterface.dir/C_/Workspace/Pico/pico-sdk/lib/tinyusb/src/common/tusb_fifo.c.obj
                0x10006690                tu_fifo_read
 .text.tu_fifo_read_n
                0x1000672c       0xe8 CMakeFiles/buttonInterface.dir/C_/Workspace/Pico/pico-sdk/lib/tinyusb/src/common/tusb_fifo.c.obj
                0x1000672c                tu_fifo_read_n
 .text.tu_fifo_write
                0x10006814       0x88 CMakeFiles/buttonInterface.dir/C_/Workspace/Pico/pico-sdk/lib/tinyusb/src/common/tusb_fifo.c.obj
                0x10006814                tu_fifo_write
 .text.tu_fifo_write_n
                0x1000689c      0x170 CMakeFiles/buttonInterface.dir/C_/Workspace/Pico/pico-sdk/lib/tinyusb/src/common/tusb_fifo.c.obj
                0x1000689c                tu_fifo_write_n
 .text.tu_fifo_clear
                0x10006a0c       0x40 CMakeFiles/buttonInterface.dir/C_/Workspace/Pico/pico-sdk/lib/tinyusb/src/common/tusb_fifo.c.obj
                0x10006a0c                tu_fifo_clear
 .text.tu_fifo_set_overwritable
                0x10006a4c       0x48 CMakeFiles/buttonInterface.dir/C_/Workspace/Pico/pico-sdk/lib/tinyusb/src/common/tusb_fifo.c.obj
                0x10006a4c                tu_fifo_set_overwritable
 .text.lwip_timeout_reached
                0x10006a94        0x8 CMakeFiles/buttonInterface.dir/C_/Workspace/Pico/pico-sdk/src/rp2_common/pico_lwip/lwip_nosys.c.obj
 .text.update_next_timeout
                0x10006a9c       0x60 CMakeFiles/buttonInterface.dir/C_/Workspace/Pico/pico-sdk/src/rp2_common/pico_lwip/lwip_nosys.c.obj
 .text.lwip_nosys_init
                0x10006afc       0x30 CMakeFiles/buttonInterface.dir/C_/Workspace/Pico/pico-sdk/src/rp2_common/pico_lwip/lwip_nosys.c.obj
                0x10006afc                lwip_nosys_init
 .text.lwip_nosys_deinit
                0x10006b2c       0x20 CMakeFiles/buttonInterface.dir/C_/Workspace/Pico/pico-sdk/src/rp2_common/pico_lwip/lwip_nosys.c.obj
                0x10006b2c                lwip_nosys_deinit
 .text.sys_arch_protect
                0x10006b4c        0x4 CMakeFiles/buttonInterface.dir/C_/Workspace/Pico/pico-sdk/src/rp2_common/pico_lwip/lwip_nosys.c.obj
                0x10006b4c                sys_arch_protect
 .text.sys_arch_unprotect
                0x10006b50        0x4 CMakeFiles/buttonInterface.dir/C_/Workspace/Pico/pico-sdk/src/rp2_common/pico_lwip/lwip_nosys.c.obj
                0x10006b50                sys_arch_unprotect
 .text.sys_now  0x10006b54       0x20 CMakeFiles/buttonInterface.dir/C_/Workspace/Pico/pico-sdk/src/rp2_common/pico_lwip/lwip_nosys.c.obj
                0x10006b54                sys_now
 .text.async_context_base_add_at_time_worker
                0x10006b74       0x24 CMakeFiles/buttonInterface.dir/C_/Workspace/Pico/pico-sdk/src/rp2_common/pico_async_context/async_context_base.c.obj
                0x10006b74                async_context_base_add_at_time_worker
 .text.async_context_base_remove_at_time_worker
                0x10006b98       0x28 CMakeFiles/buttonInterface.dir/C_/Workspace/Pico/pico-sdk/src/rp2_common/pico_async_context/async_context_base.c.obj
                0x10006b98                async_context_base_remove_at_time_worker
 .text.async_context_base_add_when_pending_worker
                0x10006bc0       0x24 CMakeFiles/buttonInterface.dir/C_/Workspace/Pico/pico-sdk/src/rp2_common/pico_async_context/async_context_base.c.obj
                0x10006bc0                async_context_base_add_when_pending_worker
 .text.async_context_base_remove_when_pending_worker
                0x10006be4       0x28 CMakeFiles/buttonInterface.dir/C_/Workspace/Pico/pico-sdk/src/rp2_common/pico_async_context/async_context_base.c.obj
                0x10006be4                async_context_base_remove_when_pending_worker
 .text.async_context_base_execute_once
                0x10006c0c       0xfc CMakeFiles/buttonInterface.dir/C_/Workspace/Pico/pico-sdk/src/rp2_common/pico_async_context/async_context_base.c.obj
                0x10006c0c                async_context_base_execute_once
 .text.splitmix64
                0x10006d08       0x58 CMakeFiles/buttonInterface.dir/C_/Workspace/Pico/pico-sdk/src/rp2_common/pico_rand/rand.c.obj
 .text.xoroshiro128ss
                0x10006d60       0x90 CMakeFiles/buttonInterface.dir/C_/Workspace/Pico/pico-sdk/src/rp2_common/pico_rand/rand.c.obj
 .text.get_rand_64
                0x10006df0      0x4a4 CMakeFiles/buttonInterface.dir/C_/Workspace/Pico/pico-sdk/src/rp2_common/pico_rand/rand.c.obj
                0x10006df0                get_rand_64
 .text.get_rand_32
                0x10007294        0x8 CMakeFiles/buttonInterface.dir/C_/Workspace/Pico/pico-sdk/src/rp2_common/pico_rand/rand.c.obj
                0x10007294                get_rand_32
 .text.lwip_init
                0x1000729c       0x24 CMakeFiles/buttonInterface.dir/C_/Workspace/Pico/pico-sdk/lib/lwip/src/core/init.c.obj
                0x1000729c                lwip_init
 .text.lwip_htons
                0x100072c0        0x8 CMakeFiles/buttonInterface.dir/C_/Workspace/Pico/pico-sdk/lib/lwip/src/core/def.c.obj
                0x100072c0                lwip_htons
 .text.lwip_htonl
                0x100072c8        0x4 CMakeFiles/buttonInterface.dir/C_/Workspace/Pico/pico-sdk/lib/lwip/src/core/def.c.obj
                0x100072c8                lwip_htonl
 .text.dns_call_found
                0x100072cc      0x184 CMakeFiles/buttonInterface.dir/C_/Workspace/Pico/pico-sdk/lib/lwip/src/core/dns.c.obj
 .text.dns_send.isra.0
                0x10007450      0x174 CMakeFiles/buttonInterface.dir/C_/Workspace/Pico/pico-sdk/lib/lwip/src/core/dns.c.obj
 .text.dns_init
                0x100075c4        0x4 CMakeFiles/buttonInterface.dir/C_/Workspace/Pico/pico-sdk/lib/lwip/src/core/dns.c.obj
                0x100075c4                dns_init
 .text.dns_setserver
                0x100075c8       0x24 CMakeFiles/buttonInterface.dir/C_/Workspace/Pico/pico-sdk/lib/lwip/src/core/dns.c.obj
                0x100075c8                dns_setserver
 .text.dns_tmr  0x100075ec      0x140 CMakeFiles/buttonInterface.dir/C_/Workspace/Pico/pico-sdk/lib/lwip/src/core/dns.c.obj
                0x100075ec                dns_tmr
 .text.lwip_standard_chksum
                0x1000772c       0xdc CMakeFiles/buttonInterface.dir/C_/Workspace/Pico/pico-sdk/lib/lwip/src/core/inet_chksum.c.obj
                0x1000772c                lwip_standard_chksum
 .text.inet_chksum_pseudo
                0x10007808       0xbc CMakeFiles/buttonInterface.dir/C_/Workspace/Pico/pico-sdk/lib/lwip/src/core/inet_chksum.c.obj
                0x10007808                inet_chksum_pseudo
 .text.ip_chksum_pseudo
                0x100078c4       0x10 CMakeFiles/buttonInterface.dir/C_/Workspace/Pico/pico-sdk/lib/lwip/src/core/inet_chksum.c.obj
                0x100078c4                ip_chksum_pseudo
 .text.inet_chksum
                0x100078d4        0xc CMakeFiles/buttonInterface.dir/C_/Workspace/Pico/pico-sdk/lib/lwip/src/core/inet_chksum.c.obj
                0x100078d4                inet_chksum
 .text.inet_chksum_pbuf
                0x100078e0       0x78 CMakeFiles/buttonInterface.dir/C_/Workspace/Pico/pico-sdk/lib/lwip/src/core/inet_chksum.c.obj
                0x100078e0                inet_chksum_pbuf
 .text.mem_init
                0x10007958       0x3c CMakeFiles/buttonInterface.dir/C_/Workspace/Pico/pico-sdk/lib/lwip/src/core/mem.c.obj
                0x10007958                mem_init
 .text.mem_free
                0x10007994      0x130 CMakeFiles/buttonInterface.dir/C_/Workspace/Pico/pico-sdk/lib/lwip/src/core/mem.c.obj
                0x10007994                mem_free
 .text.mem_trim
                0x10007ac4       0xfc CMakeFiles/buttonInterface.dir/C_/Workspace/Pico/pico-sdk/lib/lwip/src/core/mem.c.obj
                0x10007ac4                mem_trim
 .text.mem_malloc
                0x10007bc0      0x114 CMakeFiles/buttonInterface.dir/C_/Workspace/Pico/pico-sdk/lib/lwip/src/core/mem.c.obj
                0x10007bc0                mem_malloc
 .text.memp_init
                0x10007cd4       0x6c CMakeFiles/buttonInterface.dir/C_/Workspace/Pico/pico-sdk/lib/lwip/src/core/memp.c.obj
                0x10007cd4                memp_init
 .text.memp_malloc
                0x10007d40       0x40 CMakeFiles/buttonInterface.dir/C_/Workspace/Pico/pico-sdk/lib/lwip/src/core/memp.c.obj
                0x10007d40                memp_malloc
 .text.memp_free
                0x10007d80       0x38 CMakeFiles/buttonInterface.dir/C_/Workspace/Pico/pico-sdk/lib/lwip/src/core/memp.c.obj
                0x10007d80                memp_free
 .text.netif_null_output_ip4
                0x10007db8        0x8 CMakeFiles/buttonInterface.dir/C_/Workspace/Pico/pico-sdk/lib/lwip/src/core/netif.c.obj
 .text.netif_do_set_ipaddr.isra.0
                0x10007dc0       0x60 CMakeFiles/buttonInterface.dir/C_/Workspace/Pico/pico-sdk/lib/lwip/src/core/netif.c.obj
 .text.netif_init
                0x10007e20        0x4 CMakeFiles/buttonInterface.dir/C_/Workspace/Pico/pico-sdk/lib/lwip/src/core/netif.c.obj
                0x10007e20                netif_init
 .text.netif_add
                0x10007e24      0x16c CMakeFiles/buttonInterface.dir/C_/Workspace/Pico/pico-sdk/lib/lwip/src/core/netif.c.obj
                0x10007e24                netif_add
 .text.netif_set_addr
                0x10007f90       0xb4 CMakeFiles/buttonInterface.dir/C_/Workspace/Pico/pico-sdk/lib/lwip/src/core/netif.c.obj
                0x10007f90                netif_set_addr
 .text.netif_remove
                0x10008044       0x94 CMakeFiles/buttonInterface.dir/C_/Workspace/Pico/pico-sdk/lib/lwip/src/core/netif.c.obj
                0x10008044                netif_remove
 .text.netif_set_default
                0x100080d8        0xc CMakeFiles/buttonInterface.dir/C_/Workspace/Pico/pico-sdk/lib/lwip/src/core/netif.c.obj
                0x100080d8                netif_set_default
 .text.netif_set_up
                0x100080e4       0x40 CMakeFiles/buttonInterface.dir/C_/Workspace/Pico/pico-sdk/lib/lwip/src/core/netif.c.obj
                0x100080e4                netif_set_up
 .text.netif_set_link_up
                0x10008124       0x44 CMakeFiles/buttonInterface.dir/C_/Workspace/Pico/pico-sdk/lib/lwip/src/core/netif.c.obj
                0x10008124                netif_set_link_up
 .text.netif_set_link_down
                0x10008168       0x20 CMakeFiles/buttonInterface.dir/C_/Workspace/Pico/pico-sdk/lib/lwip/src/core/netif.c.obj
                0x10008168                netif_set_link_down
 .text.netif_get_by_index
                0x10008188       0x2c CMakeFiles/buttonInterface.dir/C_/Workspace/Pico/pico-sdk/lib/lwip/src/core/netif.c.obj
                0x10008188                netif_get_by_index
 .text.pbuf_free.part.0
                0x100081b4       0x7c CMakeFiles/buttonInterface.dir/C_/Workspace/Pico/pico-sdk/lib/lwip/src/core/pbuf.c.obj
 .text.pbuf_free_ooseq
                0x10008230       0x34 CMakeFiles/buttonInterface.dir/C_/Workspace/Pico/pico-sdk/lib/lwip/src/core/pbuf.c.obj
                0x10008230                pbuf_free_ooseq
 .text.pbuf_alloc
                0x10008264      0x13c CMakeFiles/buttonInterface.dir/C_/Workspace/Pico/pico-sdk/lib/lwip/src/core/pbuf.c.obj
                0x10008264                pbuf_alloc
 .text.pbuf_realloc
                0x100083a0       0x84 CMakeFiles/buttonInterface.dir/C_/Workspace/Pico/pico-sdk/lib/lwip/src/core/pbuf.c.obj
                0x100083a0                pbuf_realloc
 .text.pbuf_add_header
                0x10008424       0x50 CMakeFiles/buttonInterface.dir/C_/Workspace/Pico/pico-sdk/lib/lwip/src/core/pbuf.c.obj
                0x10008424                pbuf_add_header
 .text.pbuf_remove_header
                0x10008474       0x3c CMakeFiles/buttonInterface.dir/C_/Workspace/Pico/pico-sdk/lib/lwip/src/core/pbuf.c.obj
                0x10008474                pbuf_remove_header
 .text.pbuf_header_force
                0x100084b0       0x6c CMakeFiles/buttonInterface.dir/C_/Workspace/Pico/pico-sdk/lib/lwip/src/core/pbuf.c.obj
                0x100084b0                pbuf_header_force
 .text.pbuf_free
                0x1000851c       0x18 CMakeFiles/buttonInterface.dir/C_/Workspace/Pico/pico-sdk/lib/lwip/src/core/pbuf.c.obj
                0x1000851c                pbuf_free
 .text.pbuf_clen
                0x10008534       0x14 CMakeFiles/buttonInterface.dir/C_/Workspace/Pico/pico-sdk/lib/lwip/src/core/pbuf.c.obj
                0x10008534                pbuf_clen
 .text.pbuf_ref
                0x10008548       0x28 CMakeFiles/buttonInterface.dir/C_/Workspace/Pico/pico-sdk/lib/lwip/src/core/pbuf.c.obj
                0x10008548                pbuf_ref
 .text.pbuf_cat
                0x10008570       0x44 CMakeFiles/buttonInterface.dir/C_/Workspace/Pico/pico-sdk/lib/lwip/src/core/pbuf.c.obj
                0x10008570                pbuf_cat
 .text.pbuf_chain
                0x100085b4       0x64 CMakeFiles/buttonInterface.dir/C_/Workspace/Pico/pico-sdk/lib/lwip/src/core/pbuf.c.obj
                0x100085b4                pbuf_chain
 .text.pbuf_copy_partial_pbuf
                0x10008618      0x130 CMakeFiles/buttonInterface.dir/C_/Workspace/Pico/pico-sdk/lib/lwip/src/core/pbuf.c.obj
                0x10008618                pbuf_copy_partial_pbuf
 .text.pbuf_copy
                0x10008748       0x18 CMakeFiles/buttonInterface.dir/C_/Workspace/Pico/pico-sdk/lib/lwip/src/core/pbuf.c.obj
                0x10008748                pbuf_copy
 .text.pbuf_copy_partial
                0x10008760       0x68 CMakeFiles/buttonInterface.dir/C_/Workspace/Pico/pico-sdk/lib/lwip/src/core/pbuf.c.obj
                0x10008760                pbuf_copy_partial
 .text.pbuf_take
                0x100087c8       0x78 CMakeFiles/buttonInterface.dir/C_/Workspace/Pico/pico-sdk/lib/lwip/src/core/pbuf.c.obj
                0x100087c8                pbuf_take
 .text.pbuf_take_at
                0x10008840       0xcc CMakeFiles/buttonInterface.dir/C_/Workspace/Pico/pico-sdk/lib/lwip/src/core/pbuf.c.obj
                0x10008840                pbuf_take_at
 .text.pbuf_clone
                0x1000890c       0x30 CMakeFiles/buttonInterface.dir/C_/Workspace/Pico/pico-sdk/lib/lwip/src/core/pbuf.c.obj
                0x1000890c                pbuf_clone
 .text.pbuf_put_at
                0x1000893c       0x1c CMakeFiles/buttonInterface.dir/C_/Workspace/Pico/pico-sdk/lib/lwip/src/core/pbuf.c.obj
                0x1000893c                pbuf_put_at
 .text.raw_input
                0x10008958       0xfc CMakeFiles/buttonInterface.dir/C_/Workspace/Pico/pico-sdk/lib/lwip/src/core/raw.c.obj
                0x10008958                raw_input
 .text.raw_netif_ip_addr_changed
                0x10008a54       0x40 CMakeFiles/buttonInterface.dir/C_/Workspace/Pico/pico-sdk/lib/lwip/src/core/raw.c.obj
                0x10008a54                raw_netif_ip_addr_changed
 .text.stats_init
                0x10008a94        0x4 CMakeFiles/buttonInterface.dir/C_/Workspace/Pico/pico-sdk/lib/lwip/src/core/stats.c.obj
                0x10008a94                stats_init
 .text.tcp_close_shutdown_fin
                0x10008a98       0x58 CMakeFiles/buttonInterface.dir/C_/Workspace/Pico/pico-sdk/lib/lwip/src/core/tcp.c.obj
 .text.tcp_pcb_purge.part.0
                0x10008af0       0xc4 CMakeFiles/buttonInterface.dir/C_/Workspace/Pico/pico-sdk/lib/lwip/src/core/tcp.c.obj
 .text.tcp_init
                0x10008bb4       0x20 CMakeFiles/buttonInterface.dir/C_/Workspace/Pico/pico-sdk/lib/lwip/src/core/tcp.c.obj
                0x10008bb4                tcp_init
 .text.tcp_free
                0x10008bd4       0x1c CMakeFiles/buttonInterface.dir/C_/Workspace/Pico/pico-sdk/lib/lwip/src/core/tcp.c.obj
                0x10008bd4                tcp_free
 .text.tcp_update_rcv_ann_wnd
                0x10008bf0       0x58 CMakeFiles/buttonInterface.dir/C_/Workspace/Pico/pico-sdk/lib/lwip/src/core/tcp.c.obj
                0x10008bf0                tcp_update_rcv_ann_wnd
 .text.tcp_recved
                0x10008c48       0x98 CMakeFiles/buttonInterface.dir/C_/Workspace/Pico/pico-sdk/lib/lwip/src/core/tcp.c.obj
                0x10008c48                tcp_recved
 .text.tcp_connect
                0x10008ce0      0x1bc CMakeFiles/buttonInterface.dir/C_/Workspace/Pico/pico-sdk/lib/lwip/src/core/tcp.c.obj
                0x10008ce0                tcp_connect
 .text.tcp_slowtmr
                0x10008e9c      0x534 CMakeFiles/buttonInterface.dir/C_/Workspace/Pico/pico-sdk/lib/lwip/src/core/tcp.c.obj
                0x10008e9c                tcp_slowtmr
 .text.tcp_segs_free
                0x100093d0       0x38 CMakeFiles/buttonInterface.dir/C_/Workspace/Pico/pico-sdk/lib/lwip/src/core/tcp.c.obj
                0x100093d0                tcp_segs_free
 .text.tcp_seg_free
                0x10009408       0x1c CMakeFiles/buttonInterface.dir/C_/Workspace/Pico/pico-sdk/lib/lwip/src/core/tcp.c.obj
                0x10009408                tcp_seg_free
 .text.tcp_seg_copy
                0x10009424       0x2c CMakeFiles/buttonInterface.dir/C_/Workspace/Pico/pico-sdk/lib/lwip/src/core/tcp.c.obj
                0x10009424                tcp_seg_copy
 .text.tcp_arg  0x10009450        0x8 CMakeFiles/buttonInterface.dir/C_/Workspace/Pico/pico-sdk/lib/lwip/src/core/tcp.c.obj
                0x10009450                tcp_arg
 .text.tcp_recv
                0x10009458       0x1c CMakeFiles/buttonInterface.dir/C_/Workspace/Pico/pico-sdk/lib/lwip/src/core/tcp.c.obj
                0x10009458                tcp_recv
 .text.tcp_sent
                0x10009474       0x1c CMakeFiles/buttonInterface.dir/C_/Workspace/Pico/pico-sdk/lib/lwip/src/core/tcp.c.obj
                0x10009474                tcp_sent
 .text.tcp_err  0x10009490       0x1c CMakeFiles/buttonInterface.dir/C_/Workspace/Pico/pico-sdk/lib/lwip/src/core/tcp.c.obj
                0x10009490                tcp_err
 .text.tcp_pcb_purge
                0x100094ac       0x18 CMakeFiles/buttonInterface.dir/C_/Workspace/Pico/pico-sdk/lib/lwip/src/core/tcp.c.obj
                0x100094ac                tcp_pcb_purge
 .text.tcp_pcb_remove
                0x100094c4       0xc8 CMakeFiles/buttonInterface.dir/C_/Workspace/Pico/pico-sdk/lib/lwip/src/core/tcp.c.obj
                0x100094c4                tcp_pcb_remove
 .text.tcp_abandon
                0x1000958c      0x1a4 CMakeFiles/buttonInterface.dir/C_/Workspace/Pico/pico-sdk/lib/lwip/src/core/tcp.c.obj
                0x1000958c                tcp_abandon
 .text.tcp_abort
                0x10009730        0xc CMakeFiles/buttonInterface.dir/C_/Workspace/Pico/pico-sdk/lib/lwip/src/core/tcp.c.obj
                0x10009730                tcp_abort
 .text.tcp_alloc
                0x1000973c      0x1d4 CMakeFiles/buttonInterface.dir/C_/Workspace/Pico/pico-sdk/lib/lwip/src/core/tcp.c.obj
                0x1000973c                tcp_alloc
 .text.tcp_new_ip_type
                0x10009910        0xc CMakeFiles/buttonInterface.dir/C_/Workspace/Pico/pico-sdk/lib/lwip/src/core/tcp.c.obj
                0x10009910                tcp_new_ip_type
 .text.tcp_close_shutdown
                0x1000991c      0x18c CMakeFiles/buttonInterface.dir/C_/Workspace/Pico/pico-sdk/lib/lwip/src/core/tcp.c.obj
 .text.tcp_recv_null
                0x10009aa8       0xcc CMakeFiles/buttonInterface.dir/C_/Workspace/Pico/pico-sdk/lib/lwip/src/core/tcp.c.obj
                0x10009aa8                tcp_recv_null
 .text.tcp_process_refused_data
                0x10009b74       0x78 CMakeFiles/buttonInterface.dir/C_/Workspace/Pico/pico-sdk/lib/lwip/src/core/tcp.c.obj
                0x10009b74                tcp_process_refused_data
 .text.tcp_fasttmr
                0x10009bec       0x98 CMakeFiles/buttonInterface.dir/C_/Workspace/Pico/pico-sdk/lib/lwip/src/core/tcp.c.obj
                0x10009bec                tcp_fasttmr
 .text.tcp_tmr  0x10009c84       0x20 CMakeFiles/buttonInterface.dir/C_/Workspace/Pico/pico-sdk/lib/lwip/src/core/tcp.c.obj
                0x10009c84                tcp_tmr
 .text.tcp_close
                0x10009ca4      0x170 CMakeFiles/buttonInterface.dir/C_/Workspace/Pico/pico-sdk/lib/lwip/src/core/tcp.c.obj
                0x10009ca4                tcp_close
 .text.tcp_next_iss
                0x10009e14       0x28 CMakeFiles/buttonInterface.dir/C_/Workspace/Pico/pico-sdk/lib/lwip/src/core/tcp.c.obj
                0x10009e14                tcp_next_iss
 .text.tcp_eff_send_mss_netif
                0x10009e3c       0x34 CMakeFiles/buttonInterface.dir/C_/Workspace/Pico/pico-sdk/lib/lwip/src/core/tcp.c.obj
                0x10009e3c                tcp_eff_send_mss_netif
 .text.tcp_netif_ip_addr_changed
                0x10009e70       0x9c CMakeFiles/buttonInterface.dir/C_/Workspace/Pico/pico-sdk/lib/lwip/src/core/tcp.c.obj
                0x10009e70                tcp_netif_ip_addr_changed
 .text.tcp_free_ooseq
                0x10009f0c       0x40 CMakeFiles/buttonInterface.dir/C_/Workspace/Pico/pico-sdk/lib/lwip/src/core/tcp.c.obj
                0x10009f0c                tcp_free_ooseq
 .text.tcp_parseopt
                0x10009f4c      0x1c4 CMakeFiles/buttonInterface.dir/C_/Workspace/Pico/pico-sdk/lib/lwip/src/core/tcp_in.c.obj
 .text.tcp_oos_insert_segment
                0x1000a110       0xdc CMakeFiles/buttonInterface.dir/C_/Workspace/Pico/pico-sdk/lib/lwip/src/core/tcp_in.c.obj
 .text.tcp_free_acked_segments.constprop.0
                0x1000a1ec       0xdc CMakeFiles/buttonInterface.dir/C_/Workspace/Pico/pico-sdk/lib/lwip/src/core/tcp_in.c.obj
 .text.tcp_receive
                0x1000a2c8      0xa10 CMakeFiles/buttonInterface.dir/C_/Workspace/Pico/pico-sdk/lib/lwip/src/core/tcp_in.c.obj
 .text.tcp_input
                0x1000acd8      0xe8c CMakeFiles/buttonInterface.dir/C_/Workspace/Pico/pico-sdk/lib/lwip/src/core/tcp_in.c.obj
                0x1000acd8                tcp_input
 .text.tcp_trigger_input_pcb_close
                0x1000bb64       0x10 CMakeFiles/buttonInterface.dir/C_/Workspace/Pico/pico-sdk/lib/lwip/src/core/tcp_in.c.obj
                0x1000bb64                tcp_trigger_input_pcb_close
 .text.tcp_create_segment
                0x1000bb74       0xf8 CMakeFiles/buttonInterface.dir/C_/Workspace/Pico/pico-sdk/lib/lwip/src/core/tcp_out.c.obj
 .text.tcp_output_control_segment
                0x1000bc6c       0xc0 CMakeFiles/buttonInterface.dir/C_/Workspace/Pico/pico-sdk/lib/lwip/src/core/tcp_out.c.obj
 .text.tcp_output_alloc_header.constprop.0
                0x1000bd2c       0xc8 CMakeFiles/buttonInterface.dir/C_/Workspace/Pico/pico-sdk/lib/lwip/src/core/tcp_out.c.obj
 .text.tcp_write
                0x1000bdf4      0x488 CMakeFiles/buttonInterface.dir/C_/Workspace/Pico/pico-sdk/lib/lwip/src/core/tcp_out.c.obj
                0x1000bdf4                tcp_write
 .text.tcp_split_unsent_seg
                0x1000c27c      0x1b4 CMakeFiles/buttonInterface.dir/C_/Workspace/Pico/pico-sdk/lib/lwip/src/core/tcp_out.c.obj
                0x1000c27c                tcp_split_unsent_seg
 .text.tcp_send_fin
                0x1000c430      0x118 CMakeFiles/buttonInterface.dir/C_/Workspace/Pico/pico-sdk/lib/lwip/src/core/tcp_out.c.obj
                0x1000c430                tcp_send_fin
 .text.tcp_enqueue_flags
                0x1000c548      0x108 CMakeFiles/buttonInterface.dir/C_/Workspace/Pico/pico-sdk/lib/lwip/src/core/tcp_out.c.obj
                0x1000c548                tcp_enqueue_flags
 .text.tcp_rexmit_rto_prepare
                0x1000c650       0x9c CMakeFiles/buttonInterface.dir/C_/Workspace/Pico/pico-sdk/lib/lwip/src/core/tcp_out.c.obj
                0x1000c650                tcp_rexmit_rto_prepare
 .text.tcp_rexmit
                0x1000c6ec       0x9c CMakeFiles/buttonInterface.dir/C_/Workspace/Pico/pico-sdk/lib/lwip/src/core/tcp_out.c.obj
                0x1000c6ec                tcp_rexmit
 .text.tcp_rexmit_fast
                0x1000c788       0x64 CMakeFiles/buttonInterface.dir/C_/Workspace/Pico/pico-sdk/lib/lwip/src/core/tcp_out.c.obj
                0x1000c788                tcp_rexmit_fast
 .text.tcp_rst  0x1000c7ec       0xe8 CMakeFiles/buttonInterface.dir/C_/Workspace/Pico/pico-sdk/lib/lwip/src/core/tcp_out.c.obj
                0x1000c7ec                tcp_rst
 .text.tcp_rst_netif
                0x1000c8d4      0x130 CMakeFiles/buttonInterface.dir/C_/Workspace/Pico/pico-sdk/lib/lwip/src/core/tcp_out.c.obj
                0x1000c8d4                tcp_rst_netif
 .text.tcp_send_empty_ack
                0x1000ca04       0x4c CMakeFiles/buttonInterface.dir/C_/Workspace/Pico/pico-sdk/lib/lwip/src/core/tcp_out.c.obj
                0x1000ca04                tcp_send_empty_ack
 .text.tcp_output
                0x1000ca50      0x458 CMakeFiles/buttonInterface.dir/C_/Workspace/Pico/pico-sdk/lib/lwip/src/core/tcp_out.c.obj
                0x1000ca50                tcp_output
 .text.tcp_rexmit_rto_commit
                0x1000cea8       0x24 CMakeFiles/buttonInterface.dir/C_/Workspace/Pico/pico-sdk/lib/lwip/src/core/tcp_out.c.obj
                0x1000cea8                tcp_rexmit_rto_commit
 .text.tcp_rexmit_rto
                0x1000cecc       0xa4 CMakeFiles/buttonInterface.dir/C_/Workspace/Pico/pico-sdk/lib/lwip/src/core/tcp_out.c.obj
                0x1000cecc                tcp_rexmit_rto
 .text.tcp_keepalive
                0x1000cf70       0xdc CMakeFiles/buttonInterface.dir/C_/Workspace/Pico/pico-sdk/lib/lwip/src/core/tcp_out.c.obj
                0x1000cf70                tcp_keepalive
 .text.tcp_zero_window_probe
                0x1000d04c      0x110 CMakeFiles/buttonInterface.dir/C_/Workspace/Pico/pico-sdk/lib/lwip/src/core/tcp_out.c.obj
                0x1000d04c                tcp_zero_window_probe
 .text.tcpip_tcp_timer
                0x1000d15c       0x78 CMakeFiles/buttonInterface.dir/C_/Workspace/Pico/pico-sdk/lib/lwip/src/core/timeouts.c.obj
 .text.lwip_cyclic_timer
                0x1000d1d4       0x98 CMakeFiles/buttonInterface.dir/C_/Workspace/Pico/pico-sdk/lib/lwip/src/core/timeouts.c.obj
 .text.tcp_timer_needed
                0x1000d26c       0x7c CMakeFiles/buttonInterface.dir/C_/Workspace/Pico/pico-sdk/lib/lwip/src/core/timeouts.c.obj
                0x1000d26c                tcp_timer_needed
 .text.sys_timeouts_init
                0x1000d2e8       0x8c CMakeFiles/buttonInterface.dir/C_/Workspace/Pico/pico-sdk/lib/lwip/src/core/timeouts.c.obj
                0x1000d2e8                sys_timeouts_init
 .text.sys_check_timeouts
                0x1000d374       0x68 CMakeFiles/buttonInterface.dir/C_/Workspace/Pico/pico-sdk/lib/lwip/src/core/timeouts.c.obj
                0x1000d374                sys_check_timeouts
 .text.sys_timeouts_sleeptime
                0x1000d3dc       0x28 CMakeFiles/buttonInterface.dir/C_/Workspace/Pico/pico-sdk/lib/lwip/src/core/timeouts.c.obj
                0x1000d3dc                sys_timeouts_sleeptime
 .text.udp_init
                0x1000d404       0x20 CMakeFiles/buttonInterface.dir/C_/Workspace/Pico/pico-sdk/lib/lwip/src/core/udp.c.obj
                0x1000d404                udp_init
 .text.udp_input
                0x1000d424      0x270 CMakeFiles/buttonInterface.dir/C_/Workspace/Pico/pico-sdk/lib/lwip/src/core/udp.c.obj
                0x1000d424                udp_input
 .text.udp_bind
                0x1000d694      0x108 CMakeFiles/buttonInterface.dir/C_/Workspace/Pico/pico-sdk/lib/lwip/src/core/udp.c.obj
                0x1000d694                udp_bind
 .text.udp_sendto_if_src
                0x1000d79c      0x130 CMakeFiles/buttonInterface.dir/C_/Workspace/Pico/pico-sdk/lib/lwip/src/core/udp.c.obj
                0x1000d79c                udp_sendto_if_src
 .text.udp_sendto_if
                0x1000d8cc       0x48 CMakeFiles/buttonInterface.dir/C_/Workspace/Pico/pico-sdk/lib/lwip/src/core/udp.c.obj
                0x1000d8cc                udp_sendto_if
 .text.udp_sendto
                0x1000d914       0x78 CMakeFiles/buttonInterface.dir/C_/Workspace/Pico/pico-sdk/lib/lwip/src/core/udp.c.obj
                0x1000d914                udp_sendto
 .text.udp_connect
                0x1000d98c       0x60 CMakeFiles/buttonInterface.dir/C_/Workspace/Pico/pico-sdk/lib/lwip/src/core/udp.c.obj
                0x1000d98c                udp_connect
 .text.udp_recv
                0x1000d9ec        0xc CMakeFiles/buttonInterface.dir/C_/Workspace/Pico/pico-sdk/lib/lwip/src/core/udp.c.obj
                0x1000d9ec                udp_recv
 .text.udp_remove
                0x1000d9f8       0x3c CMakeFiles/buttonInterface.dir/C_/Workspace/Pico/pico-sdk/lib/lwip/src/core/udp.c.obj
                0x1000d9f8                udp_remove
 .text.udp_new  0x1000da34       0x1c CMakeFiles/buttonInterface.dir/C_/Workspace/Pico/pico-sdk/lib/lwip/src/core/udp.c.obj
                0x1000da34                udp_new
 .text.udp_netif_ip_addr_changed
                0x1000da50       0x40 CMakeFiles/buttonInterface.dir/C_/Workspace/Pico/pico-sdk/lib/lwip/src/core/udp.c.obj
                0x1000da50                udp_netif_ip_addr_changed
 .text.dhcp_create_msg
                0x1000da90      0x164 CMakeFiles/buttonInterface.dir/C_/Workspace/Pico/pico-sdk/lib/lwip/src/core/ipv4/dhcp.c.obj
 .text.dhcp_inc_pcb_refcount
                0x1000dbf4       0x6c CMakeFiles/buttonInterface.dir/C_/Workspace/Pico/pico-sdk/lib/lwip/src/core/ipv4/dhcp.c.obj
 .text.dhcp_bind
                0x1000dc60      0x154 CMakeFiles/buttonInterface.dir/C_/Workspace/Pico/pico-sdk/lib/lwip/src/core/ipv4/dhcp.c.obj
 .text.dhcp_option_hostname.isra.0
                0x1000ddb4       0x88 CMakeFiles/buttonInterface.dir/C_/Workspace/Pico/pico-sdk/lib/lwip/src/core/ipv4/dhcp.c.obj
 .text.dhcp_handle_ack.isra.0
                0x1000de3c       0xcc CMakeFiles/buttonInterface.dir/C_/Workspace/Pico/pico-sdk/lib/lwip/src/core/ipv4/dhcp.c.obj
 .text.dhcp_reboot.isra.0
                0x1000df08      0x178 CMakeFiles/buttonInterface.dir/C_/Workspace/Pico/pico-sdk/lib/lwip/src/core/ipv4/dhcp.c.obj
 .text.dhcp_discover
                0x1000e080      0x140 CMakeFiles/buttonInterface.dir/C_/Workspace/Pico/pico-sdk/lib/lwip/src/core/ipv4/dhcp.c.obj
 .text.dhcp_select.isra.0
                0x1000e1c0      0x1e0 CMakeFiles/buttonInterface.dir/C_/Workspace/Pico/pico-sdk/lib/lwip/src/core/ipv4/dhcp.c.obj
 .text.dhcp_recv
                0x1000e3a0      0x480 CMakeFiles/buttonInterface.dir/C_/Workspace/Pico/pico-sdk/lib/lwip/src/core/ipv4/dhcp.c.obj
 .text.dhcp_set_struct
                0x1000e820       0x44 CMakeFiles/buttonInterface.dir/C_/Workspace/Pico/pico-sdk/lib/lwip/src/core/ipv4/dhcp.c.obj
                0x1000e820                dhcp_set_struct
 .text.dhcp_network_changed_link_up
                0x1000e864       0x40 CMakeFiles/buttonInterface.dir/C_/Workspace/Pico/pico-sdk/lib/lwip/src/core/ipv4/dhcp.c.obj
                0x1000e864                dhcp_network_changed_link_up
 .text.dhcp_renew
                0x1000e8a4      0x138 CMakeFiles/buttonInterface.dir/C_/Workspace/Pico/pico-sdk/lib/lwip/src/core/ipv4/dhcp.c.obj
                0x1000e8a4                dhcp_renew
 .text.dhcp_release_and_stop
                0x1000e9dc      0x158 CMakeFiles/buttonInterface.dir/C_/Workspace/Pico/pico-sdk/lib/lwip/src/core/ipv4/dhcp.c.obj
                0x1000e9dc                dhcp_release_and_stop
 .text.dhcp_start
                0x1000eb34       0xb0 CMakeFiles/buttonInterface.dir/C_/Workspace/Pico/pico-sdk/lib/lwip/src/core/ipv4/dhcp.c.obj
                0x1000eb34                dhcp_start
 .text.dhcp_coarse_tmr
                0x1000ebe4      0x1d4 CMakeFiles/buttonInterface.dir/C_/Workspace/Pico/pico-sdk/lib/lwip/src/core/ipv4/dhcp.c.obj
                0x1000ebe4                dhcp_coarse_tmr
 .text.dhcp_fine_tmr
                0x1000edb8       0x78 CMakeFiles/buttonInterface.dir/C_/Workspace/Pico/pico-sdk/lib/lwip/src/core/ipv4/dhcp.c.obj
                0x1000edb8                dhcp_fine_tmr
 .text.dhcp_stop
                0x1000ee30      0x158 CMakeFiles/buttonInterface.dir/C_/Workspace/Pico/pico-sdk/lib/lwip/src/core/ipv4/dhcp.c.obj
                0x1000ee30                dhcp_stop
 .text.etharp_find_entry
                0x1000ef88      0x3f4 CMakeFiles/buttonInterface.dir/C_/Workspace/Pico/pico-sdk/lib/lwip/src/core/ipv4/etharp.c.obj
 .text.etharp_raw
                0x1000f37c       0xec CMakeFiles/buttonInterface.dir/C_/Workspace/Pico/pico-sdk/lib/lwip/src/core/ipv4/etharp.c.obj
 .text.etharp_output_to_arp_index
                0x1000f468       0xe4 CMakeFiles/buttonInterface.dir/C_/Workspace/Pico/pico-sdk/lib/lwip/src/core/ipv4/etharp.c.obj
 .text.etharp_tmr
                0x1000f54c       0x94 CMakeFiles/buttonInterface.dir/C_/Workspace/Pico/pico-sdk/lib/lwip/src/core/ipv4/etharp.c.obj
                0x1000f54c                etharp_tmr
 .text.etharp_cleanup_netif
                0x1000f5e0      0x188 CMakeFiles/buttonInterface.dir/C_/Workspace/Pico/pico-sdk/lib/lwip/src/core/ipv4/etharp.c.obj
                0x1000f5e0                etharp_cleanup_netif
 .text.etharp_input
                0x1000f768      0x1b8 CMakeFiles/buttonInterface.dir/C_/Workspace/Pico/pico-sdk/lib/lwip/src/core/ipv4/etharp.c.obj
                0x1000f768                etharp_input
 .text.etharp_query
                0x1000f920      0x1b8 CMakeFiles/buttonInterface.dir/C_/Workspace/Pico/pico-sdk/lib/lwip/src/core/ipv4/etharp.c.obj
                0x1000f920                etharp_query
 .text.etharp_output
                0x1000fad8      0x24c CMakeFiles/buttonInterface.dir/C_/Workspace/Pico/pico-sdk/lib/lwip/src/core/ipv4/etharp.c.obj
                0x1000fad8                etharp_output
 .text.etharp_request
                0x1000fd24       0x2c CMakeFiles/buttonInterface.dir/C_/Workspace/Pico/pico-sdk/lib/lwip/src/core/ipv4/etharp.c.obj
                0x1000fd24                etharp_request
 .text.icmp_input
                0x1000fd50      0x1ec CMakeFiles/buttonInterface.dir/C_/Workspace/Pico/pico-sdk/lib/lwip/src/core/ipv4/icmp.c.obj
                0x1000fd50                icmp_input
 .text.icmp_dest_unreach
                0x1000ff3c       0xcc CMakeFiles/buttonInterface.dir/C_/Workspace/Pico/pico-sdk/lib/lwip/src/core/ipv4/icmp.c.obj
                0x1000ff3c                icmp_dest_unreach
 .text.icmp_time_exceeded
                0x10010008       0xcc CMakeFiles/buttonInterface.dir/C_/Workspace/Pico/pico-sdk/lib/lwip/src/core/ipv4/icmp.c.obj
                0x10010008                icmp_time_exceeded
 .text.ip_reass_free_complete_datagram
                0x100100d4      0x11c CMakeFiles/buttonInterface.dir/C_/Workspace/Pico/pico-sdk/lib/lwip/src/core/ipv4/ip4_frag.c.obj
 .text.ip_reass_remove_oldest_datagram
                0x100101f0       0xd8 CMakeFiles/buttonInterface.dir/C_/Workspace/Pico/pico-sdk/lib/lwip/src/core/ipv4/ip4_frag.c.obj
 .text.ip_reass_tmr
                0x100102c8       0x38 CMakeFiles/buttonInterface.dir/C_/Workspace/Pico/pico-sdk/lib/lwip/src/core/ipv4/ip4_frag.c.obj
                0x100102c8                ip_reass_tmr
 .text.ip4_reass
                0x10010300      0x538 CMakeFiles/buttonInterface.dir/C_/Workspace/Pico/pico-sdk/lib/lwip/src/core/ipv4/ip4_frag.c.obj
                0x10010300                ip4_reass
 .text.ip4_frag
                0x10010838      0x184 CMakeFiles/buttonInterface.dir/C_/Workspace/Pico/pico-sdk/lib/lwip/src/core/ipv4/ip4_frag.c.obj
                0x10010838                ip4_frag
 .text.ip4_route
                0x100109bc       0x7c CMakeFiles/buttonInterface.dir/C_/Workspace/Pico/pico-sdk/lib/lwip/src/core/ipv4/ip4.c.obj
                0x100109bc                ip4_route
 .text.ip4_input
                0x10010a38      0x300 CMakeFiles/buttonInterface.dir/C_/Workspace/Pico/pico-sdk/lib/lwip/src/core/ipv4/ip4.c.obj
                0x10010a38                ip4_input
 .text.ip4_output_if
                0x10010d38      0x188 CMakeFiles/buttonInterface.dir/C_/Workspace/Pico/pico-sdk/lib/lwip/src/core/ipv4/ip4.c.obj
                0x10010d38                ip4_output_if
 .text.ip4_output_if_src
                0x10010ec0      0x180 CMakeFiles/buttonInterface.dir/C_/Workspace/Pico/pico-sdk/lib/lwip/src/core/ipv4/ip4.c.obj
                0x10010ec0                ip4_output_if_src
 .text.ip4_addr_isbroadcast_u32
                0x10011040       0x3c CMakeFiles/buttonInterface.dir/C_/Workspace/Pico/pico-sdk/lib/lwip/src/core/ipv4/ip4_addr.c.obj
                0x10011040                ip4_addr_isbroadcast_u32
 .text.ip4addr_ntoa
                0x1001107c       0xec CMakeFiles/buttonInterface.dir/C_/Workspace/Pico/pico-sdk/lib/lwip/src/core/ipv4/ip4_addr.c.obj
                0x1001107c                ip4addr_ntoa
 .text.ethernet_input
                0x10011168       0xd0 CMakeFiles/buttonInterface.dir/C_/Workspace/Pico/pico-sdk/lib/lwip/src/netif/ethernet.c.obj
                0x10011168                ethernet_input
 .text.ethernet_output
                0x10011238       0x6c CMakeFiles/buttonInterface.dir/C_/Workspace/Pico/pico-sdk/lib/lwip/src/netif/ethernet.c.obj
                0x10011238                ethernet_output
 .text.cyw43_arch_wifi_connect_bssid_until.part.0
                0x100112a4       0xd8 CMakeFiles/buttonInterface.dir/C_/Workspace/Pico/pico-sdk/src/rp2_common/pico_cyw43_arch/cyw43_arch.c.obj
 .text.cyw43_arch_set_async_context
                0x1001137c        0xc CMakeFiles/buttonInterface.dir/C_/Workspace/Pico/pico-sdk/src/rp2_common/pico_cyw43_arch/cyw43_arch.c.obj
                0x1001137c                cyw43_arch_set_async_context
 .text.cyw43_arch_enable_sta_mode
                0x10011388       0x1c CMakeFiles/buttonInterface.dir/C_/Workspace/Pico/pico-sdk/src/rp2_common/pico_cyw43_arch/cyw43_arch.c.obj
                0x10011388                cyw43_arch_enable_sta_mode
 .text.cyw43_arch_wifi_connect_timeout_ms
                0x100113a4       0xa0 CMakeFiles/buttonInterface.dir/C_/Workspace/Pico/pico-sdk/src/rp2_common/pico_cyw43_arch/cyw43_arch.c.obj
                0x100113a4                cyw43_arch_wifi_connect_timeout_ms
 .text.cyw43_arch_init_with_country
                0x10011444       0x10 CMakeFiles/buttonInterface.dir/C_/Workspace/Pico/pico-sdk/src/rp2_common/pico_cyw43_arch/cyw43_arch.c.obj
                0x10011444                cyw43_arch_init_with_country
 .text.cyw43_arch_gpio_put
                0x10011454       0x14 CMakeFiles/buttonInterface.dir/C_/Workspace/Pico/pico-sdk/src/rp2_common/pico_cyw43_arch/cyw43_arch.c.obj
                0x10011454                cyw43_arch_gpio_put
 .text.cyw43_arch_async_context
                0x10011468        0xc CMakeFiles/buttonInterface.dir/C_/Workspace/Pico/pico-sdk/src/rp2_common/pico_cyw43_arch/cyw43_arch.c.obj
                0x10011468                cyw43_arch_async_context
 .text.cyw43_arch_init
                0x10011474       0x74 CMakeFiles/buttonInterface.dir/C_/Workspace/Pico/pico-sdk/src/rp2_common/pico_cyw43_arch/cyw43_arch_threadsafe_background.c.obj
                0x10011474                cyw43_arch_init
 .text.ns_delay.constprop.0
                0x100114e8       0x20 CMakeFiles/buttonInterface.dir/C_/Workspace/Pico/pico-sdk/src/rp2_common/pico_cyw43_driver/cyw43_bus_pio_spi.c.obj
 .text.cyw43_spi_init
                0x10011508      0x1b4 CMakeFiles/buttonInterface.dir/C_/Workspace/Pico/pico-sdk/src/rp2_common/pico_cyw43_driver/cyw43_bus_pio_spi.c.obj
                0x10011508                cyw43_spi_init
 .text.cyw43_spi_deinit
                0x100116bc       0x6c CMakeFiles/buttonInterface.dir/C_/Workspace/Pico/pico-sdk/src/rp2_common/pico_cyw43_driver/cyw43_bus_pio_spi.c.obj
                0x100116bc                cyw43_spi_deinit
 .text.cyw43_spi_transfer
                0x10011728      0x3dc CMakeFiles/buttonInterface.dir/C_/Workspace/Pico/pico-sdk/src/rp2_common/pico_cyw43_driver/cyw43_bus_pio_spi.c.obj
                0x10011728                cyw43_spi_transfer
 .text.cyw43_spi_gpio_setup
                0x10011b04       0x3c CMakeFiles/buttonInterface.dir/C_/Workspace/Pico/pico-sdk/src/rp2_common/pico_cyw43_driver/cyw43_bus_pio_spi.c.obj
                0x10011b04                cyw43_spi_gpio_setup
 .text.cyw43_spi_reset
                0x10011b40       0x28 CMakeFiles/buttonInterface.dir/C_/Workspace/Pico/pico-sdk/src/rp2_common/pico_cyw43_driver/cyw43_bus_pio_spi.c.obj
                0x10011b40                cyw43_spi_reset
 .text.read_reg_u32_swap
                0x10011b68       0x3c CMakeFiles/buttonInterface.dir/C_/Workspace/Pico/pico-sdk/src/rp2_common/pico_cyw43_driver/cyw43_bus_pio_spi.c.obj
                0x10011b68                read_reg_u32_swap
 .text.cyw43_read_reg_u32
                0x10011ba4       0x50 CMakeFiles/buttonInterface.dir/C_/Workspace/Pico/pico-sdk/src/rp2_common/pico_cyw43_driver/cyw43_bus_pio_spi.c.obj
                0x10011ba4                cyw43_read_reg_u32
 .text.cyw43_read_reg_u16
                0x10011bf4       0x50 CMakeFiles/buttonInterface.dir/C_/Workspace/Pico/pico-sdk/src/rp2_common/pico_cyw43_driver/cyw43_bus_pio_spi.c.obj
                0x10011bf4                cyw43_read_reg_u16
 .text.cyw43_read_reg_u8
                0x10011c44       0x50 CMakeFiles/buttonInterface.dir/C_/Workspace/Pico/pico-sdk/src/rp2_common/pico_cyw43_driver/cyw43_bus_pio_spi.c.obj
                0x10011c44                cyw43_read_reg_u8
 .text.write_reg_u32_swap
                0x10011c94      0x1e8 CMakeFiles/buttonInterface.dir/C_/Workspace/Pico/pico-sdk/src/rp2_common/pico_cyw43_driver/cyw43_bus_pio_spi.c.obj
                0x10011c94                write_reg_u32_swap
 .text.cyw43_write_reg_u32
                0x10011e7c      0x208 CMakeFiles/buttonInterface.dir/C_/Workspace/Pico/pico-sdk/src/rp2_common/pico_cyw43_driver/cyw43_bus_pio_spi.c.obj
                0x10011e7c                cyw43_write_reg_u32
 .text.cyw43_write_reg_u16
                0x10012084      0x208 CMakeFiles/buttonInterface.dir/C_/Workspace/Pico/pico-sdk/src/rp2_common/pico_cyw43_driver/cyw43_bus_pio_spi.c.obj
                0x10012084                cyw43_write_reg_u16
 .text.cyw43_write_reg_u8
                0x1001228c      0x208 CMakeFiles/buttonInterface.dir/C_/Workspace/Pico/pico-sdk/src/rp2_common/pico_cyw43_driver/cyw43_bus_pio_spi.c.obj
                0x1001228c                cyw43_write_reg_u8
 .text.cyw43_read_bytes
                0x10012494       0x7c CMakeFiles/buttonInterface.dir/C_/Workspace/Pico/pico-sdk/src/rp2_common/pico_cyw43_driver/cyw43_bus_pio_spi.c.obj
                0x10012494                cyw43_read_bytes
 .text.cyw43_write_bytes
                0x10012510       0xcc CMakeFiles/buttonInterface.dir/C_/Workspace/Pico/pico-sdk/src/rp2_common/pico_cyw43_driver/cyw43_bus_pio_spi.c.obj
                0x10012510                cyw43_write_bytes
 .text.cyw43_set_backplane_window
                0x100125dc       0x68 CMakeFiles/buttonInterface.dir/C_/Workspace/Pico/pico-sdk/lib/cyw43-driver/src/cyw43_ll.c.obj
 .text.cyw43_ll_parse_async_event
                0x10012644      0x134 CMakeFiles/buttonInterface.dir/C_/Workspace/Pico/pico-sdk/lib/cyw43-driver/src/cyw43_ll.c.obj
 .text.cyw43_kso_set
                0x10012778       0x80 CMakeFiles/buttonInterface.dir/C_/Workspace/Pico/pico-sdk/lib/cyw43-driver/src/cyw43_ll.c.obj
 .text.cyw43_ll_sdpcm_poll_device
                0x100127f8      0x240 CMakeFiles/buttonInterface.dir/C_/Workspace/Pico/pico-sdk/lib/cyw43-driver/src/cyw43_ll.c.obj
 .text.cyw43_sdpcm_send_common
                0x10012a38       0xf4 CMakeFiles/buttonInterface.dir/C_/Workspace/Pico/pico-sdk/lib/cyw43-driver/src/cyw43_ll.c.obj
 .text.cyw43_do_ioctl
                0x10012b2c      0x110 CMakeFiles/buttonInterface.dir/C_/Workspace/Pico/pico-sdk/lib/cyw43-driver/src/cyw43_ll.c.obj
 .text.cyw43_do_ioctl.constprop.0
                0x10012c3c      0x108 CMakeFiles/buttonInterface.dir/C_/Workspace/Pico/pico-sdk/lib/cyw43-driver/src/cyw43_ll.c.obj
 .text.reset_device_core.constprop.0
                0x10012d44      0x410 CMakeFiles/buttonInterface.dir/C_/Workspace/Pico/pico-sdk/lib/cyw43-driver/src/cyw43_ll.c.obj
 .text.cyw43_ll_init
                0x10013154       0x18 CMakeFiles/buttonInterface.dir/C_/Workspace/Pico/pico-sdk/lib/cyw43-driver/src/cyw43_ll.c.obj
                0x10013154                cyw43_ll_init
 .text.cyw43_ll_deinit
                0x1001316c        0x8 CMakeFiles/buttonInterface.dir/C_/Workspace/Pico/pico-sdk/lib/cyw43-driver/src/cyw43_ll.c.obj
                0x1001316c                cyw43_ll_deinit
 .text.cyw43_ll_send_ethernet
                0x10013174       0x60 CMakeFiles/buttonInterface.dir/C_/Workspace/Pico/pico-sdk/lib/cyw43-driver/src/cyw43_ll.c.obj
                0x10013174                cyw43_ll_send_ethernet
 .text.cyw43_ll_process_packets
                0x100131d4       0x68 CMakeFiles/buttonInterface.dir/C_/Workspace/Pico/pico-sdk/lib/cyw43-driver/src/cyw43_ll.c.obj
                0x100131d4                cyw43_ll_process_packets
 .text.cyw43_ll_ioctl
                0x1001323c       0x20 CMakeFiles/buttonInterface.dir/C_/Workspace/Pico/pico-sdk/lib/cyw43-driver/src/cyw43_ll.c.obj
                0x1001323c                cyw43_ll_ioctl
 .text.cyw43_ll_bus_sleep
                0x1001325c       0x34 CMakeFiles/buttonInterface.dir/C_/Workspace/Pico/pico-sdk/lib/cyw43-driver/src/cyw43_ll.c.obj
                0x1001325c                cyw43_ll_bus_sleep
 .text.cyw43_ll_bus_init
                0x10013290      0xcb8 CMakeFiles/buttonInterface.dir/C_/Workspace/Pico/pico-sdk/lib/cyw43-driver/src/cyw43_ll.c.obj
                0x10013290                cyw43_ll_bus_init
 .text.cyw43_ll_wifi_on
                0x10013f48      0x238 CMakeFiles/buttonInterface.dir/C_/Workspace/Pico/pico-sdk/lib/cyw43-driver/src/cyw43_ll.c.obj
                0x10013f48                cyw43_ll_wifi_on
 .text.cyw43_ll_wifi_get_mac
                0x10014180       0x40 CMakeFiles/buttonInterface.dir/C_/Workspace/Pico/pico-sdk/lib/cyw43-driver/src/cyw43_ll.c.obj
                0x10014180                cyw43_ll_wifi_get_mac
 .text.cyw43_ll_wifi_pm
                0x100141c0      0x19c CMakeFiles/buttonInterface.dir/C_/Workspace/Pico/pico-sdk/lib/cyw43-driver/src/cyw43_ll.c.obj
                0x100141c0                cyw43_ll_wifi_pm
 .text.cyw43_ll_wifi_join
                0x1001435c      0x2ec CMakeFiles/buttonInterface.dir/C_/Workspace/Pico/pico-sdk/lib/cyw43-driver/src/cyw43_ll.c.obj
                0x1001435c                cyw43_ll_wifi_join
 .text.cyw43_ll_wifi_set_wpa_auth
                0x10014648       0x2c CMakeFiles/buttonInterface.dir/C_/Workspace/Pico/pico-sdk/lib/cyw43-driver/src/cyw43_ll.c.obj
                0x10014648                cyw43_ll_wifi_set_wpa_auth
 .text.cyw43_ll_wifi_rejoin