Archive member included to satisfy reference by file (symbol)

c:/progra~2/armgnu~1/12dbab~1.2re/bin/../lib/gcc/arm-none-eabi/12.2.1/thumb/v6-m/nofp\libgcc.a(_dvmd_tls.o)
                              CMakeFiles/buttonInterface.dir/C_/Workspace/Pico/pico-sdk/src/rp2_common/pico_divider/divider.S.obj (__aeabi_idiv0)
c:/progra~2/armgnu~1/12dbab~1.2re/bin/../lib/gcc/arm-none-eabi/12.2.1/thumb/v6-m/nofp\libc.a(libc_a-atoi.o)
                              CMakeFiles/buttonInterface.dir/C_/Workspace/Pico/pico-sdk/lib/lwip/src/core/netif.c.obj (atoi)
c:/progra~2/armgnu~1/12dbab~1.2re/bin/../lib/gcc/arm-none-eabi/12.2.1/thumb/v6-m/nofp\libc.a(libc_a-calloc.o)
                              CMakeFiles/buttonInterface.dir/C_/Workspace/Pico/pico-sdk/src/rp2_common/pico_malloc/pico_malloc.c.obj (calloc)
c:/progra~2/armgnu~1/12dbab~1.2re/bin/../lib/gcc/arm-none-eabi/12.2.1/thumb/v6-m/nofp\libc.a(libc_a-callocr.o)
                              c:/progra~2/armgnu~1/12dbab~1.2re/bin/../lib/gcc/arm-none-eabi/12.2.1/thumb/v6-m/nofp\libc.a(libc_a-calloc.o) (_calloc_r)
c:/progra~2/armgnu~1/12dbab~1.2re/bin/../lib/gcc/arm-none-eabi/12.2.1/thumb/v6-m/nofp\libc.a(libc_a-malloc.o)
                              CMakeFiles/buttonInterface.dir/C_/Workspace/Pico/pico-sdk/src/rp2_common/pico_malloc/pico_malloc.c.obj (malloc)
c:/progra~2/armgnu~1/12dbab~1.2re/bin/../lib/gcc/arm-none-eabi/12.2.1/thumb/v6-m/nofp\libc.a(libc_a-mallocr.o)
                              c:/progra~2/armgnu~1/12dbab~1.2re/bin/../lib/gcc/arm-none-eabi/12.2.1/thumb/v6-m/nofp\libc.a(libc_a-callocr.o) (_malloc_r)
c:/progra~2/armgnu~1/12dbab~1.2re/bin/../lib/gcc/arm-none-eabi/12.2.1/thumb/v6-m/nofp\libc.a(libc_a-mlock.o)
                              c:/progra~2/armgnu~1/12dbab~1.2re/bin/../lib/gcc/arm-none-eabi/12.2.1/thumb/v6-m/nofp\libc.a(libc_a-mallocr.o) (__malloc_lock)
c:/progra~2/armgnu~1/12dbab~1.2re/bin/../lib/gcc/arm-none-eabi/12.2.1/thumb/v6-m/nofp\libc.a(libc_a-realloc.o)
                              CMakeFiles/buttonInterface.dir/C_/Workspace/Pico/pico-sdk/src/rp2_common/pico_malloc/pico_malloc.c.obj (realloc)
c:/progra~2/armgnu~1/12dbab~1.2re/bin/../lib/gcc/arm-none-eabi/12.2.1/thumb/v6-m/nofp\libc.a(libc_a-reallocr.o)
                              c:/progra~2/armgnu~1/12dbab~1.2re/bin/../lib/gcc/arm-none-eabi/12.2.1/thumb/v6-m/nofp\libc.a(libc_a-realloc.o) (_realloc_r)
c:/progra~2/armgnu~1/12dbab~1.2re/bin/../lib/gcc/arm-none-eabi/12.2.1/thumb/v6-m/nofp\libc.a(libc_a-strtol.o)
                              c:/progra~2/armgnu~1/12dbab~1.2re/bin/../lib/gcc/arm-none-eabi/12.2.1/thumb/v6-m/nofp\libc.a(libc_a-atoi.o) (_strtol_r)
c:/progra~2/armgnu~1/12dbab~1.2re/bin/../lib/gcc/arm-none-eabi/12.2.1/thumb/v6-m/nofp\libc.a(libc_a-ctype_.o)
                              CMakeFiles/buttonInterface.dir/C_/Workspace/Pico/pico-sdk/lib/lwip/src/core/dns.c.obj (_ctype_)
c:/progra~2/armgnu~1/12dbab~1.2re/bin/../lib/gcc/arm-none-eabi/12.2.1/thumb/v6-m/nofp\libc.a(libc_a-memcmp.o)
                              CMakeFiles/buttonInterface.dir/C_/Workspace/Pico/pico-sdk/lib/lwip/src/netif/ethernet.c.obj (memcmp)
c:/progra~2/armgnu~1/12dbab~1.2re/bin/../lib/gcc/arm-none-eabi/12.2.1/thumb/v6-m/nofp\libc.a(libc_a-memmove.o)
                              CMakeFiles/buttonInterface.dir/C_/Workspace/Pico/pico-sdk/lib/lwip/src/core/def.c.obj (memmove)
c:/progra~2/armgnu~1/12dbab~1.2re/bin/../lib/gcc/arm-none-eabi/12.2.1/thumb/v6-m/nofp\libc.a(libc_a-strchr.o)
                              CMakeFiles/buttonInterface.dir/C_/Workspace/Pico/pico-sdk/lib/lwip/src/apps/http/httpd.c.obj (strchr)
c:/progra~2/armgnu~1/12dbab~1.2re/bin/../lib/gcc/arm-none-eabi/12.2.1/thumb/v6-m/nofp\libc.a(libc_a-strncmp.o)
                              CMakeFiles/buttonInterface.dir/C_/Workspace/Pico/pico-sdk/lib/lwip/src/core/def.c.obj (strncmp)
c:/progra~2/armgnu~1/12dbab~1.2re/bin/../lib/gcc/arm-none-eabi/12.2.1/thumb/v6-m/nofp\libc.a(libc_a-impure.o)
                              c:/progra~2/armgnu~1/12dbab~1.2re/bin/../lib/gcc/arm-none-eabi/12.2.1/thumb/v6-m/nofp\libc.a(libc_a-calloc.o) (_impure_ptr)
c:/progra~2/armgnu~1/12dbab~1.2re/bin/../lib/gcc/arm-none-eabi/12.2.1/thumb/v6-m/nofp\libc.a(libc_a-sbrkr.o)
                              c:/progra~2/armgnu~1/12dbab~1.2re/bin/../lib/gcc/arm-none-eabi/12.2.1/thumb/v6-m/nofp\libc.a(libc_a-mallocr.o) (_sbrk_r)
c:/progra~2/armgnu~1/12dbab~1.2re/bin/../lib/gcc/arm-none-eabi/12.2.1/thumb/v6-m/nofp\libc.a(libc_a-errno.o)
                              c:/progra~2/armgnu~1/12dbab~1.2re/bin/../lib/gcc/arm-none-eabi/12.2.1/thumb/v6-m/nofp\libc.a(libc_a-callocr.o) (__errno)
c:/progra~2/armgnu~1/12dbab~1.2re/bin/../lib/gcc/arm-none-eabi/12.2.1/thumb/v6-m/nofp\libc.a(libc_a-init.o)
                              c:/progra~2/armgnu~1/12dbab~1.2re/bin/../lib/gcc/arm-none-eabi/12.2.1/thumb/v6-m/nofp/crt0.o (__libc_init_array)
c:/progra~2/armgnu~1/12dbab~1.2re/bin/../lib/gcc/arm-none-eabi/12.2.1/thumb/v6-m/nofp\libc.a(libc_a-lock.o)
[...]
Memory Configuration

Name             Origin             Length             Attributes
FLASH            0x10000000         0x00200000         xr
RAM              0x20000000         0x00040000         xrw
SCRATCH_X        0x20040000         0x00001000         xrw
SCRATCH_Y        0x20041000         0x00001000         xrw
*default*        0x00000000         0xffffffff

Linker script and memory map

LOAD c:/progra~2/armgnu~1/12dbab~1.2re/bin/../lib/gcc/arm-none-eabi/12.2.1/thumb/v6-m/nofp/crti.o
LOAD c:/progra~2/armgnu~1/12dbab~1.2re/bin/../lib/gcc/arm-none-eabi/12.2.1/thumb/v6-m/nofp/crtbegin.o
LOAD c:/progra~2/armgnu~1/12dbab~1.2re/bin/../lib/gcc/arm-none-eabi/12.2.1/thumb/v6-m/nofp/crt0.o

.flash_begin    0x10000000        0x0
                0x10000000                __flash_binary_start = .

.boot2          0x10000000      0x100
                0x10000000                __boot2_start__ = .
 *(.boot2)
 .boot2         0x10000000      0x100 C:\Users\JACOBA~1\AppData\Local\Temp\ccWK3RUn.o
                0x10000100                __boot2_end__ = .
                0x00000001                ASSERT (((__boot2_end__ - __boot2_start__) == 0x100), ERROR: Pico second stage bootloader must be 256 bytes in size)

.text           0x10000100    0x16a28
                0x10000100                __logical_binary_start = .
 *(.vectors)
 .vectors       0x10000100       0xd4 CMakeFiles/buttonInterface.dir/C_/Workspace/Pico/pico-sdk/src/rp2_common/pico_standard_link/crt0.S.obj
                0x10000100                __VECTOR_TABLE
                0x10000100                __vectors
                0x100001c0                isr_invalid
                0x100001c0                __default_isrs_start
                0x100001c2                isr_nmi
                0x100001c4                isr_hardfault
                0x100001c6                isr_svcall
                0x100001c8                isr_pendsv
                0x100001ca                isr_systick
                0x100001cc                isr_irq23
                0x100001cc                isr_irq18
                0x100001cc                isr_irq11
                0x100001cc                isr_irq28
                0x100001cc                isr_irq19
                0x100001cc                isr_irq0
                0x100001cc                isr_irq6
                0x100001cc                isr_irq5
                0x100001cc                isr_irq12
                0x100001cc                isr_irq22
                0x100001cc                isr_irq31
                0x100001cc                isr_irq17
                0x100001cc                isr_irq27
                0x100001cc                isr_irq30
                0x100001cc                isr_irq2
                0x100001cc                isr_irq10
                0x100001cc                isr_irq8
                0x100001cc                isr_irq24
                0x100001cc                isr_irq1
                0x100001cc                isr_irq7
                0x100001cc                isr_irq21
                0x100001cc                isr_irq20
                0x100001cc                isr_irq15
                0x100001cc                isr_irq25
                0x100001cc                isr_irq13
                0x100001cc                __unhandled_user_irq
                0x100001cc                isr_irq4
                0x100001cc                isr_irq16
                0x100001cc                isr_irq29
                0x100001cc                isr_irq26
                0x100001cc                __default_isrs_end
                0x100001cc                isr_irq3
                0x100001cc                isr_irq14
                0x100001cc                isr_irq9
                0x100001d2                unhandled_user_irq_num_in_r0
 *(.binary_info_header)
 .binary_info_header
                0x100001d4       0x14 CMakeFiles/buttonInterface.dir/C_/Workspace/Pico/pico-sdk/src/rp2_common/pico_standard_link/crt0.S.obj
                0x100001e8                __binary_info_header_end = .
 *(.reset)
 .reset         0x100001e8       0xa0 CMakeFiles/buttonInterface.dir/C_/Workspace/Pico/pico-sdk/src/rp2_common/pico_standard_link/crt0.S.obj
                0x100001e8                _entry_point
 .reset         0x10000288       0x30 CMakeFiles/buttonInterface.dir/C_/Workspace/Pico/pico-sdk/src/rp2_common/pico_standard_link/binary_info.c.obj
 *(.init)
 .init          0x100002b8        0x4 c:/progra~2/armgnu~1/12dbab~1.2re/bin/../lib/gcc/arm-none-eabi/12.2.1/thumb/v6-m/nofp/crti.o
                0x100002b8                _init
 *(EXCLUDE_FILE(*libm.a: *libc.a:*lib_a-mem*.o *libgcc.a:) .text*)
 .text.register_tm_clones
                0x100002bc       0x28 c:/progra~2/armgnu~1/12dbab~1.2re/bin/../lib/gcc/arm-none-eabi/12.2.1/thumb/v6-m/nofp/crtbegin.o
 .text.frame_dummy
                0x100002e4       0x24 c:/progra~2/armgnu~1/12dbab~1.2re/bin/../lib/gcc/arm-none-eabi/12.2.1/thumb/v6-m/nofp/crtbegin.o
 .text.startup.main
                0x10000308       0xe0 CMakeFiles/buttonInterface.dir/buttonInterface.c.obj
                0x10000308                main
 .text.tcp_client_sent
                0x100003e8       0x14 CMakeFiles/buttonInterface.dir/apiCall/apiCall.c.obj
 .text.tcp_client_err
                0x100003fc       0x68 CMakeFiles/buttonInterface.dir/apiCall/apiCall.c.obj
 .text.tcp_client_connected
                0x10000464       0xf8 CMakeFiles/buttonInterface.dir/apiCall/apiCall.c.obj
 .text.tcp_client_recv
                0x1000055c       0xec CMakeFiles/buttonInterface.dir/apiCall/apiCall.c.obj
                0x1000055c                tcp_client_recv
 .text.makeApiCallV2
                0x10000648      0x11c CMakeFiles/buttonInterface.dir/apiCall/apiCall.c.obj
                0x10000648                makeApiCallV2
 .text.gpio_set_function
                0x10000764       0x30 CMakeFiles/buttonInterface.dir/C_/Workspace/Pico/pico-sdk/src/rp2_common/hardware_gpio/gpio.c.obj
                0x10000764                gpio_set_function
 .text.gpio_set_pulls
                0x10000794       0x24 CMakeFiles/buttonInterface.dir/C_/Workspace/Pico/pico-sdk/src/rp2_common/hardware_gpio/gpio.c.obj
                0x10000794                gpio_set_pulls
 .text.gpio_set_input_hysteresis_enabled
                0x100007b8       0x28 CMakeFiles/buttonInterface.dir/C_/Workspace/Pico/pico-sdk/src/rp2_common/hardware_gpio/gpio.c.obj
                0x100007b8                gpio_set_input_hysteresis_enabled
 .text.gpio_set_irq_enabled
                0x100007e0       0x54 CMakeFiles/buttonInterface.dir/C_/Workspace/Pico/pico-sdk/src/rp2_common/hardware_gpio/gpio.c.obj
                0x100007e0                gpio_set_irq_enabled
 .text.gpio_add_raw_irq_handler_with_order_priority_masked
                0x10000834       0x44 CMakeFiles/buttonInterface.dir/C_/Workspace/Pico/pico-sdk/src/rp2_common/hardware_gpio/gpio.c.obj
                0x10000834                gpio_add_raw_irq_handler_with_order_priority_masked
 .text.gpio_remove_raw_irq_handler_masked
                0x10000878       0x20 CMakeFiles/buttonInterface.dir/C_/Workspace/Pico/pico-sdk/src/rp2_common/hardware_gpio/gpio.c.obj
                0x10000878                gpio_remove_raw_irq_handler_masked
 .text.gpio_init
                0x10000898       0x3c CMakeFiles/buttonInterface.dir/C_/Workspace/Pico/pico-sdk/src/rp2_common/hardware_gpio/gpio.c.obj
                0x10000898                gpio_init
 .text.running_on_fpga
                0x100008d4       0x10 CMakeFiles/buttonInterface.dir/C_/Workspace/Pico/pico-sdk/src/rp2_common/pico_platform/platform.c.obj
                0x100008d4                running_on_fpga
 .text.hw_claim_lock
                0x100008e4       0x18 CMakeFiles/buttonInterface.dir/C_/Workspace/Pico/pico-sdk/src/rp2_common/hardware_claim/claim.c.obj
                0x100008e4                hw_claim_lock
 .text.hw_claim_unlock
                0x100008fc       0x14 CMakeFiles/buttonInterface.dir/C_/Workspace/Pico/pico-sdk/src/rp2_common/hardware_claim/claim.c.obj
                0x100008fc                hw_claim_unlock
 .text.hw_claim_or_assert
                0x10000910       0x44 CMakeFiles/buttonInterface.dir/C_/Workspace/Pico/pico-sdk/src/rp2_common/hardware_claim/claim.c.obj
                0x10000910                hw_claim_or_assert
 .text.hw_claim_unused_from_range
                0x10000954       0x9c CMakeFiles/buttonInterface.dir/C_/Workspace/Pico/pico-sdk/src/rp2_common/hardware_claim/claim.c.obj
                0x10000954                hw_claim_unused_from_range
 .text.hw_claim_clear
                0x100009f0       0x38 CMakeFiles/buttonInterface.dir/C_/Workspace/Pico/pico-sdk/src/rp2_common/hardware_claim/claim.c.obj
                0x100009f0                hw_claim_clear
 .text.spin_locks_reset
                0x10000a28       0x1c CMakeFiles/buttonInterface.dir/C_/Workspace/Pico/pico-sdk/src/rp2_common/hardware_sync/sync.c.obj
                0x10000a28                spin_locks_reset
 .text.next_striped_spin_lock_num
                0x10000a44       0x18 CMakeFiles/buttonInterface.dir/C_/Workspace/Pico/pico-sdk/src/rp2_common/hardware_sync/sync.c.obj
                0x10000a44                next_striped_spin_lock_num
 .text.spin_lock_claim_unused
                0x10000a5c       0x24 CMakeFiles/buttonInterface.dir/C_/Workspace/Pico/pico-sdk/src/rp2_common/hardware_sync/sync.c.obj
                0x10000a5c                spin_lock_claim_unused
 .text.irq_set_enabled
                0x10000a80       0x24 CMakeFiles/buttonInterface.dir/C_/Workspace/Pico/pico-sdk/src/rp2_common/hardware_irq/irq.c.obj
                0x10000a80                irq_set_enabled
 .text.irq_set_pending
                0x10000aa4       0x10 CMakeFiles/buttonInterface.dir/C_/Workspace/Pico/pico-sdk/src/rp2_common/hardware_irq/irq.c.obj
                0x10000aa4                irq_set_pending
 .text.irq_has_shared_handler
                0x10000ab4       0x2c CMakeFiles/buttonInterface.dir/C_/Workspace/Pico/pico-sdk/src/rp2_common/hardware_irq/irq.c.obj
                0x10000ab4                irq_has_shared_handler
 .text.irq_get_vtable_handler
                0x10000ae0       0x10 CMakeFiles/buttonInterface.dir/C_/Workspace/Pico/pico-sdk/src/rp2_common/hardware_irq/irq.c.obj
                0x10000ae0                irq_get_vtable_handler
 .text.irq_set_exclusive_handler
                0x10000af0       0x54 CMakeFiles/buttonInterface.dir/C_/Workspace/Pico/pico-sdk/src/rp2_common/hardware_irq/irq.c.obj
                0x10000af0                irq_set_exclusive_handler
 .text.irq_add_shared_handler
                0x10000b44      0x1f4 CMakeFiles/buttonInterface.dir/C_/Workspace/Pico/pico-sdk/src/rp2_common/hardware_irq/irq.c.obj
                0x10000b44                irq_add_shared_handler
 .text.irq_remove_handler
                0x10000d38      0x1c4 CMakeFiles/buttonInterface.dir/C_/Workspace/Pico/pico-sdk/src/rp2_common/hardware_irq/irq.c.obj
                0x10000d38                irq_remove_handler
 .text.irq_set_priority
                0x10000efc       0x28 CMakeFiles/buttonInterface.dir/C_/Workspace/Pico/pico-sdk/src/rp2_common/hardware_irq/irq.c.obj
                0x10000efc                irq_set_priority
 .text.irq_add_tail_to_free_list
                0x10000f24       0xb4 CMakeFiles/buttonInterface.dir/C_/Workspace/Pico/pico-sdk/src/rp2_common/hardware_irq/irq.c.obj
                0x10000f24                irq_add_tail_to_free_list
 .text.irq_init_priorities
                0x10000fd8       0x24 CMakeFiles/buttonInterface.dir/C_/Workspace/Pico/pico-sdk/src/rp2_common/hardware_irq/irq.c.obj
                0x10000fd8                irq_init_priorities
 .text.user_irq_unclaim
                0x10000ffc       0x14 CMakeFiles/buttonInterface.dir/C_/Workspace/Pico/pico-sdk/src/rp2_common/hardware_irq/irq.c.obj
                0x10000ffc                user_irq_unclaim
 .text.user_irq_claim_unused
                0x10001010       0x2c CMakeFiles/buttonInterface.dir/C_/Workspace/Pico/pico-sdk/src/rp2_common/hardware_irq/irq.c.obj
                0x10001010                user_irq_claim_unused
 .text.sem_init
                0x1000103c       0x20 CMakeFiles/buttonInterface.dir/C_/Workspace/Pico/pico-sdk/src/common/pico_sync/sem.c.obj
                0x1000103c                sem_init
 .text.lock_init
                0x1000105c       0x10 CMakeFiles/buttonInterface.dir/C_/Workspace/Pico/pico-sdk/src/common/pico_sync/lock_core.c.obj
                0x1000105c                lock_init
 .text.mutex_init
                0x1000106c       0x1c CMakeFiles/buttonInterface.dir/C_/Workspace/Pico/pico-sdk/src/common/pico_sync/mutex.c.obj
                0x1000106c                mutex_init
 .text.recursive_mutex_init
                0x10001088       0x1c CMakeFiles/buttonInterface.dir/C_/Workspace/Pico/pico-sdk/src/common/pico_sync/mutex.c.obj
                0x10001088                recursive_mutex_init
 .text.critical_section_init
                0x100010a4       0x1c CMakeFiles/buttonInterface.dir/C_/Workspace/Pico/pico-sdk/src/common/pico_sync/critical_section.c.obj
                0x100010a4                critical_section_init
 .text.critical_section_init_with_lock_num
                0x100010c0       0x14 CMakeFiles/buttonInterface.dir/C_/Workspace/Pico/pico-sdk/src/common/pico_sync/critical_section.c.obj
                0x100010c0                critical_section_init_with_lock_num
 .text.timer_pool_entry_comparator
                0x100010d4       0x34 CMakeFiles/buttonInterface.dir/C_/Workspace/Pico/pico-sdk/src/common/pico_time/time.c.obj
                0x100010d4                timer_pool_entry_comparator
 .text.sleep_until_callback
                0x10001108       0x30 CMakeFiles/buttonInterface.dir/C_/Workspace/Pico/pico-sdk/src/common/pico_time/time.c.obj
 .text.add_alarm_under_lock.isra.0
                0x10001138      0x100 CMakeFiles/buttonInterface.dir/C_/Workspace/Pico/pico-sdk/src/common/pico_time/time.c.obj
 .text.alarm_pool_alarm_callback
                0x10001238      0x1bc CMakeFiles/buttonInterface.dir/C_/Workspace/Pico/pico-sdk/src/common/pico_time/time.c.obj
 .text.alarm_pool_init_default
                0x100013f4       0x6c CMakeFiles/buttonInterface.dir/C_/Workspace/Pico/pico-sdk/src/common/pico_time/time.c.obj
                0x100013f4                alarm_pool_init_default
 .text.alarm_pool_get_default
                0x10001460        0x8 CMakeFiles/buttonInterface.dir/C_/Workspace/Pico/pico-sdk/src/common/pico_time/time.c.obj
                0x10001460                alarm_pool_get_default
 .text.alarm_pool_add_alarm_at
                0x10001468      0x188 CMakeFiles/buttonInterface.dir/C_/Workspace/Pico/pico-sdk/src/common/pico_time/time.c.obj
                0x10001468                alarm_pool_add_alarm_at
 .text.alarm_pool_cancel_alarm
                0x100015f0       0x6c CMakeFiles/buttonInterface.dir/C_/Workspace/Pico/pico-sdk/src/common/pico_time/time.c.obj
                0x100015f0                alarm_pool_cancel_alarm
 .text.alarm_pool_core_num
                0x1000165c        0x4 CMakeFiles/buttonInterface.dir/C_/Workspace/Pico/pico-sdk/src/common/pico_time/time.c.obj
                0x1000165c                alarm_pool_core_num
 .text.sleep_until
                0x10001660       0xc4 CMakeFiles/buttonInterface.dir/C_/Workspace/Pico/pico-sdk/src/common/pico_time/time.c.obj
                0x10001660                sleep_until
 .text.sleep_ms
                0x10001724       0x38 CMakeFiles/buttonInterface.dir/C_/Workspace/Pico/pico-sdk/src/common/pico_time/time.c.obj
                0x10001724                sleep_ms
 .text.best_effort_wfe_or_timeout
                0x1000175c       0x78 CMakeFiles/buttonInterface.dir/C_/Workspace/Pico/pico-sdk/src/common/pico_time/time.c.obj
                0x1000175c                best_effort_wfe_or_timeout
 .text.hardware_alarm_irq_handler
                0x100017d4       0xbc CMakeFiles/buttonInterface.dir/C_/Workspace/Pico/pico-sdk/src/rp2_common/hardware_timer/timer.c.obj
 .text.hardware_alarm_claim
                0x10001890       0x18 CMakeFiles/buttonInterface.dir/C_/Workspace/Pico/pico-sdk/src/rp2_common/hardware_timer/timer.c.obj
                0x10001890                hardware_alarm_claim
 .text.time_us_64
                0x100018a8       0x14 CMakeFiles/buttonInterface.dir/C_/Workspace/Pico/pico-sdk/src/rp2_common/hardware_timer/timer.c.obj
                0x100018a8                time_us_64
 .text.busy_wait_until
                0x100018bc       0x20 CMakeFiles/buttonInterface.dir/C_/Workspace/Pico/pico-sdk/src/rp2_common/hardware_timer/timer.c.obj
                0x100018bc                busy_wait_until
 .text.hardware_alarm_set_callback
                0x100018dc       0x8c CMakeFiles/buttonInterface.dir/C_/Workspace/Pico/pico-sdk/src/rp2_common/hardware_timer/timer.c.obj
                0x100018dc                hardware_alarm_set_callback
 .text.hardware_alarm_set_target
                0x10001968       0xdc CMakeFiles/buttonInterface.dir/C_/Workspace/Pico/pico-sdk/src/rp2_common/hardware_timer/timer.c.obj
                0x10001968                hardware_alarm_set_target
 .text.hardware_alarm_cancel
                0x10001a44       0x3c CMakeFiles/buttonInterface.dir/C_/Workspace/Pico/pico-sdk/src/rp2_common/hardware_timer/timer.c.obj
                0x10001a44                hardware_alarm_cancel
 .text.ph_merge_nodes
                0x10001a80       0x64 CMakeFiles/buttonInterface.dir/C_/Workspace/Pico/pico-sdk/src/common/pico_util/pheap.c.obj
 .text.ph_post_alloc_init
                0x10001ae4       0x3c CMakeFiles/buttonInterface.dir/C_/Workspace/Pico/pico-sdk/src/common/pico_util/pheap.c.obj
                0x10001ae4                ph_post_alloc_init
 .text.ph_merge_two_pass
                0x10001b20       0x98 CMakeFiles/buttonInterface.dir/C_/Workspace/Pico/pico-sdk/src/common/pico_util/pheap.c.obj
                0x10001b20                ph_merge_two_pass
 .text.ph_remove_any_head
                0x10001bb8      0x100 CMakeFiles/buttonInterface.dir/C_/Workspace/Pico/pico-sdk/src/common/pico_util/pheap.c.obj
 .text.ph_remove_head
                0x10001cb8      0x104 CMakeFiles/buttonInterface.dir/C_/Workspace/Pico/pico-sdk/src/common/pico_util/pheap.c.obj
                0x10001cb8                ph_remove_head
 .text.ph_remove_and_free_node
                0x10001dbc       0x78 CMakeFiles/buttonInterface.dir/C_/Workspace/Pico/pico-sdk/src/common/pico_util/pheap.c.obj
                0x10001dbc                ph_remove_and_free_node
 .text.clocks_init
                0x10001e34      0x2b4 CMakeFiles/buttonInterface.dir/C_/Workspace/Pico/pico-sdk/src/rp2_common/hardware_clocks/clocks.c.obj
                0x10001e34                clocks_init
 .text.clock_get_hz
                0x100020e8        0xc CMakeFiles/buttonInterface.dir/C_/Workspace/Pico/pico-sdk/src/rp2_common/hardware_clocks/clocks.c.obj
                0x100020e8                clock_get_hz
 .text.pll_init
                0x100020f4       0xa8 CMakeFiles/buttonInterface.dir/C_/Workspace/Pico/pico-sdk/src/rp2_common/hardware_pll/pll.c.obj
                0x100020f4                pll_init
 .text.watchdog_start_tick
                0x1000219c       0x10 CMakeFiles/buttonInterface.dir/C_/Workspace/Pico/pico-sdk/src/rp2_common/hardware_watchdog/watchdog.c.obj
                0x1000219c                watchdog_start_tick
 .text.watchdog_reboot
                0x100021ac       0x9c CMakeFiles/buttonInterface.dir/C_/Workspace/Pico/pico-sdk/src/rp2_common/hardware_watchdog/watchdog.c.obj
                0x100021ac                watchdog_reboot
 .text.xosc_init
                0x10002248       0x28 CMakeFiles/buttonInterface.dir/C_/Workspace/Pico/pico-sdk/src/rp2_common/hardware_xosc/xosc.c.obj
                0x10002248                xosc_init
 .text.runtime_init
                0x10002270       0xf0 CMakeFiles/buttonInterface.dir/C_/Workspace/Pico/pico-sdk/src/rp2_common/pico_runtime/runtime.c.obj
                0x10002270                runtime_init
 .text._exit    0x10002360        0x4 CMakeFiles/buttonInterface.dir/C_/Workspace/Pico/pico-sdk/src/rp2_common/pico_runtime/runtime.c.obj
                0x10002360                _exit
 .text._sbrk    0x10002364       0x34 CMakeFiles/buttonInterface.dir/C_/Workspace/Pico/pico-sdk/src/rp2_common/pico_runtime/runtime.c.obj
                0x10002364                _sbrk
 .text.exit     0x10002398        0x8 CMakeFiles/buttonInterface.dir/C_/Workspace/Pico/pico-sdk/src/rp2_common/pico_runtime/runtime.c.obj
                0x10002398                exit
 .text.panic    0x100023a0       0x30 CMakeFiles/buttonInterface.dir/C_/Workspace/Pico/pico-sdk/src/rp2_common/pico_runtime/runtime.c.obj
                0x100023a0                panic
 .text.hard_assertion_failure
                0x100023d0        0xc CMakeFiles/buttonInterface.dir/C_/Workspace/Pico/pico-sdk/src/rp2_common/pico_runtime/runtime.c.obj
                0x100023d0                hard_assertion_failure
 .text._out_buffer
                0x100023dc        0x8 CMakeFiles/buttonInterface.dir/C_/Workspace/Pico/pico-sdk/src/rp2_common/pico_printf/printf.c.obj
 .text._out_null
                0x100023e4        0x4 CMakeFiles/buttonInterface.dir/C_/Workspace/Pico/pico-sdk/src/rp2_common/pico_printf/printf.c.obj
 .text._out_rev
                0x100023e8       0x90 CMakeFiles/buttonInterface.dir/C_/Workspace/Pico/pico-sdk/src/rp2_common/pico_printf/printf.c.obj
 .text._ntoa_format
                0x10002478      0x1f4 CMakeFiles/buttonInterface.dir/C_/Workspace/Pico/pico-sdk/src/rp2_common/pico_printf/printf.c.obj
 .text._out_char
                0x1000266c       0x10 CMakeFiles/buttonInterface.dir/C_/Workspace/Pico/pico-sdk/src/rp2_common/pico_printf/printf.c.obj
 .text._out_fct
                0x1000267c       0x10 CMakeFiles/buttonInterface.dir/C_/Workspace/Pico/pico-sdk/src/rp2_common/pico_printf/printf.c.obj
 .text._etoa    0x1000268c      0x454 CMakeFiles/buttonInterface.dir/C_/Workspace/Pico/pico-sdk/src/rp2_common/pico_printf/printf.c.obj
 .text._ftoa    0x10002ae0      0x3c4 CMakeFiles/buttonInterface.dir/C_/Workspace/Pico/pico-sdk/src/rp2_common/pico_printf/printf.c.obj
 .text._vsnprintf
                0x10002ea4      0xb24 CMakeFiles/buttonInterface.dir/C_/Workspace/Pico/pico-sdk/src/rp2_common/pico_printf/printf.c.obj
 .text.__wrap_sprintf
                0x100039c8       0x2c CMakeFiles/buttonInterface.dir/C_/Workspace/Pico/pico-sdk/src/rp2_common/pico_printf/printf.c.obj
                0x100039c8                __wrap_sprintf
 .text.vfctprintf
                0x100039f4       0x20 CMakeFiles/buttonInterface.dir/C_/Workspace/Pico/pico-sdk/src/rp2_common/pico_printf/printf.c.obj
                0x100039f4                vfctprintf
 .text.weak_raw_vprintf
                0x10003a14       0x30 CMakeFiles/buttonInterface.dir/C_/Workspace/Pico/pico-sdk/src/rp2_common/pico_printf/printf.c.obj
                0x10003a14                weak_raw_vprintf
 .text          0x10003a44       0x10 CMakeFiles/buttonInterface.dir/C_/Workspace/Pico/pico-sdk/src/rp2_common/pico_bit_ops/bit_ops_aeabi.S.obj
 .text.ctzsi    0x10003a54        0xc CMakeFiles/buttonInterface.dir/C_/Workspace/Pico/pico-sdk/src/rp2_common/pico_bit_ops/bit_ops_aeabi.S.obj
                0x10003a54                __wrap___ctzsi2
 .text.rom_func_lookup
                0x10003a60       0x10 CMakeFiles/buttonInterface.dir/C_/Workspace/Pico/pico-sdk/src/rp2_common/pico_bootrom/bootrom.c.obj
                0x10003a60                rom_func_lookup
 .text.rom_data_lookup
                0x10003a70       0x10 CMakeFiles/buttonInterface.dir/C_/Workspace/Pico/pico-sdk/src/rp2_common/pico_bootrom/bootrom.c.obj
                0x10003a70                rom_data_lookup
 .text.rom_funcs_lookup
                0x10003a80       0x44 CMakeFiles/buttonInterface.dir/C_/Workspace/Pico/pico-sdk/src/rp2_common/pico_bootrom/bootrom.c.obj
                0x10003a80                rom_funcs_lookup
 .text.__wrap___aeabi_idiv
                0x10003ac4       0x50 CMakeFiles/buttonInterface.dir/C_/Workspace/Pico/pico-sdk/src/rp2_common/pico_divider/divider.S.obj
                0x10003ac4                __wrap___aeabi_idivmod
                0x10003ac4                divmod_s32s32
                0x10003ac4                div_s32s32
                0x10003ac4                __wrap___aeabi_idiv
                0x10003acc                divmod_s32s32_unsafe
                0x10003af8                divmod_s32s32_savestate
 .text.__wrap___aeabi_uidiv
                0x10003b14       0x4c CMakeFiles/buttonInterface.dir/C_/Workspace/Pico/pico-sdk/src/rp2_common/pico_divider/divider.S.obj
                0x10003b14                __wrap___aeabi_uidiv
                0x10003b14                __wrap___aeabi_uidivmod
                0x10003b14                div_u32u32
                0x10003b14                divmod_u32u32
                0x10003b1c                divmod_u32u32_unsafe
                0x10003b44                divmod_u32u32_savestate
 .text.__wrap___aeabi_ldiv
                0x10003b60      0x424 CMakeFiles/buttonInterface.dir/C_/Workspace/Pico/pico-sdk/src/rp2_common/pico_divider/divider.S.obj
                0x10003b60                div_s64s64
                0x10003b60                divmod_s64s64
                0x10003b60                __wrap___aeabi_ldivmod
                0x10003b90                divmod_u64u64
                0x10003b90                div_u64u64
                0x10003b90                __wrap___aeabi_uldivmod
                0x10003ba0                divmod_u64u64_savestate
                0x10003bc0                divmod_s64s64_unsafe
                0x10003c48                divmod_u64u64_unsafe
 .text.__wrap___aeabi_darithmetic
                0x10003f84       0x60 CMakeFiles/buttonInterface.dir/C_/Workspace/Pico/pico-sdk/src/rp2_common/pico_double/double_aeabi.S.obj
                0x10003f84                __wrap___aeabi_drsub
                0x10003f8a                __wrap___aeabi_dsub
                0x10003f94                __wrap___aeabi_dadd
                0x10003f9e                __wrap___aeabi_ddiv
                0x10003fd2                __wrap___aeabi_dmul
 .text.__wrap___aeabi_cdcmple
                0x10003fe4       0x6c CMakeFiles/buttonInterface.dir/C_/Workspace/Pico/pico-sdk/src/rp2_common/pico_double/double_aeabi.S.obj
                0x10003fe4                __wrap___aeabi_cdrcmple
                0x10003ff4                __wrap___aeabi_cdcmpeq
                0x10003ff4                __wrap___aeabi_cdcmple
 .text.__wrap___aeabi_dcmplt
                0x10004050        0xc CMakeFiles/buttonInterface.dir/C_/Workspace/Pico/pico-sdk/src/rp2_common/pico_double/double_aeabi.S.obj
                0x10004050                __wrap___aeabi_dcmplt
 .text.__wrap___aeabi_dcmpge
                0x1000405c       0x10 CMakeFiles/buttonInterface.dir/C_/Workspace/Pico/pico-sdk/src/rp2_common/pico_double/double_aeabi.S.obj
                0x1000405c                __wrap___aeabi_dcmpge
 .text.__wrap___aeabi_dcmpgt
                0x1000406c        0xa CMakeFiles/buttonInterface.dir/C_/Workspace/Pico/pico-sdk/src/rp2_common/pico_double/double_aeabi.S.obj
                0x1000406c                __wrap___aeabi_dcmpgt
 .text.__wrap___aeabi_dcmpun
                0x10004076       0x1c CMakeFiles/buttonInterface.dir/C_/Workspace/Pico/pico-sdk/src/rp2_common/pico_double/double_aeabi.S.obj
                0x10004076                __wrap___aeabi_dcmpun
 *fill*         0x10004092        0x2 
 .text.__wrap___aeabi_i2d
                0x10004094       0x38 CMakeFiles/buttonInterface.dir/C_/Workspace/Pico/pico-sdk/src/rp2_common/pico_double/double_aeabi.S.obj
                0x10004094                __wrap___aeabi_ui2d
                0x1000409c                __wrap___aeabi_i2d
 .text.__wrap___aeabi_d2iz
                0x100040cc       0x48 CMakeFiles/buttonInterface.dir/C_/Workspace/Pico/pico-sdk/src/rp2_common/pico_double/double_aeabi.S.obj
                0x100040cc                double2int_z
                0x100040cc                __wrap___aeabi_d2iz
 .text.__wrap___aeabi_d2uiz
                0x10004114       0x10 CMakeFiles/buttonInterface.dir/C_/Workspace/Pico/pico-sdk/src/rp2_common/pico_double/double_aeabi.S.obj
                0x10004114                __wrap___aeabi_d2uiz
                0x10004114                double2uint
 .text.missing_double_func_shim
                0x10004124        0xc CMakeFiles/buttonInterface.dir/C_/Workspace/Pico/pico-sdk/src/rp2_common/pico_double/double_init_rom.c.obj
 .text.__aeabi_double_init
                0x10004130       0x94 CMakeFiles/buttonInterface.dir/C_/Workspace/Pico/pico-sdk/src/rp2_common/pico_double/double_init_rom.c.obj
                0x10004130                __aeabi_double_init
 .text.double_table_shim_on_use_helper
                0x100041c4       0x2c CMakeFiles/buttonInterface.dir/C_/Workspace/Pico/pico-sdk/src/rp2_common/pico_double/double_v1_rom_shim.S.obj
                0x100041c4                double_table_shim_on_use_helper
 .text.__aeabi_lmul
                0x100041f0       0x32 CMakeFiles/buttonInterface.dir/C_/Workspace/Pico/pico-sdk/src/rp2_common/pico_int64_ops/pico_int64_ops_aeabi.S.obj
                0x100041f0                __wrap___aeabi_lmul
 *fill*         0x10004222        0x2 
 .text.missing_float_func_shim
                0x10004224        0xc CMakeFiles/buttonInterface.dir/C_/Workspace/Pico/pico-sdk/src/rp2_common/pico_float/float_init_rom.c.obj
 .text.__aeabi_float_init
                0x10004230       0x5c CMakeFiles/buttonInterface.dir/C_/Workspace/Pico/pico-sdk/src/rp2_common/pico_float/float_init_rom.c.obj
                0x10004230                __aeabi_float_init
 .text.__wrap_calloc
                0x1000428c       0x24 CMakeFiles/buttonInterface.dir/C_/Workspace/Pico/pico-sdk/src/rp2_common/pico_malloc/pico_malloc.c.obj
                0x1000428c                __wrap_calloc
 .text          0x100042b0       0x10 CMakeFiles/buttonInterface.dir/C_/Workspace/Pico/pico-sdk/src/rp2_common/pico_mem_ops/mem_ops_aeabi.S.obj
                0x100042b0                __aeabi_mem_init
 .text.memset   0x100042c0        0xc CMakeFiles/buttonInterface.dir/C_/Workspace/Pico/pico-sdk/src/rp2_common/pico_mem_ops/mem_ops_aeabi.S.obj
                0x100042c0                __wrap_memset
 .text.memcpy   0x100042cc        0xc CMakeFiles/buttonInterface.dir/C_/Workspace/Pico/pico-sdk/src/rp2_common/pico_mem_ops/mem_ops_aeabi.S.obj
                0x100042cc                __wrap_memcpy
                0x100042cc                __wrap___aeabi_memcpy
 .text.stdio_out_chars_crlf
                0x100042d8       0xbc CMakeFiles/buttonInterface.dir/C_/Workspace/Pico/pico-sdk/src/rp2_common/pico_stdio/stdio.c.obj
 .text.stdio_buffered_printer
                0x10004394       0x64 CMakeFiles/buttonInterface.dir/C_/Workspace/Pico/pico-sdk/src/rp2_common/pico_stdio/stdio.c.obj
 .text.__wrap_putchar
                0x100043f8       0x98 CMakeFiles/buttonInterface.dir/C_/Workspace/Pico/pico-sdk/src/rp2_common/pico_stdio/stdio.c.obj
                0x100043f8                __wrap_putchar
 .text.__wrap_puts
                0x10004490       0xe0 CMakeFiles/buttonInterface.dir/C_/Workspace/Pico/pico-sdk/src/rp2_common/pico_stdio/stdio.c.obj
                0x10004490                __wrap_puts
 .text.stdio_set_driver_enabled
                0x10004570       0x30 CMakeFiles/buttonInterface.dir/C_/Workspace/Pico/pico-sdk/src/rp2_common/pico_stdio/stdio.c.obj
                0x10004570                stdio_set_driver_enabled
 .text.__wrap_vprintf
                0x100045a0       0xd4 CMakeFiles/buttonInterface.dir/C_/Workspace/Pico/pico-sdk/src/rp2_common/pico_stdio/stdio.c.obj
                0x100045a0                __wrap_vprintf
 .text.__wrap_printf
                0x10004674       0x18 CMakeFiles/buttonInterface.dir/C_/Workspace/Pico/pico-sdk/src/rp2_common/pico_stdio/stdio.c.obj
                0x10004674                __wrap_printf
 .text.stdio_init_all
                0x1000468c        0x8 CMakeFiles/buttonInterface.dir/C_/Workspace/Pico/pico-sdk/src/rp2_common/pico_stdio/stdio.c.obj
                0x1000468c                stdio_init_all
 .text.resetd_init
                0x10004694        0x4 CMakeFiles/buttonInterface.dir/C_/Workspace/Pico/pico-sdk/src/rp2_common/pico_stdio_usb/reset_interface.c.obj
 .text.resetd_reset
                0x10004698        0xc CMakeFiles/buttonInterface.dir/C_/Workspace/Pico/pico-sdk/src/rp2_common/pico_stdio_usb/reset_interface.c.obj
 .text.resetd_open
                0x100046a4       0x28 CMakeFiles/buttonInterface.dir/C_/Workspace/Pico/pico-sdk/src/rp2_common/pico_stdio_usb/reset_interface.c.obj
 .text.resetd_xfer_cb
                0x100046cc        0x4 CMakeFiles/buttonInterface.dir/C_/Workspace/Pico/pico-sdk/src/rp2_common/pico_stdio_usb/reset_interface.c.obj
 .text.resetd_control_xfer_cb
                0x100046d0       0x60 CMakeFiles/buttonInterface.dir/C_/Workspace/Pico/pico-sdk/src/rp2_common/pico_stdio_usb/reset_interface.c.obj
 .text.usbd_app_driver_get_cb
                0x10004730        0xc CMakeFiles/buttonInterface.dir/C_/Workspace/Pico/pico-sdk/src/rp2_common/pico_stdio_usb/reset_interface.c.obj
                0x10004730                usbd_app_driver_get_cb
 .text.tud_cdc_line_coding_cb
                0x1000473c       0x34 CMakeFiles/buttonInterface.dir/C_/Workspace/Pico/pico-sdk/src/rp2_common/pico_stdio_usb/reset_interface.c.obj
                0x1000473c                tud_cdc_line_coding_cb
 .text.stdio_usb_set_chars_available_callback
                0x10004770       0x14 CMakeFiles/buttonInterface.dir/C_/Workspace/Pico/pico-sdk/src/rp2_common/pico_stdio_usb/stdio_usb.c.obj
                0x10004770                stdio_usb_set_chars_available_callback
 .text.usb_irq  0x10004784       0x10 CMakeFiles/buttonInterface.dir/C_/Workspace/Pico/pico-sdk/src/rp2_common/pico_stdio_usb/stdio_usb.c.obj
 .text.timer_task
                0x10004794       0x54 CMakeFiles/buttonInterface.dir/C_/Workspace/Pico/pico-sdk/src/rp2_common/pico_stdio_usb/stdio_usb.c.obj
 .text.stdio_usb_in_chars
                0x100047e8       0x90 CMakeFiles/buttonInterface.dir/C_/Workspace/Pico/pico-sdk/src/rp2_common/pico_stdio_usb/stdio_usb.c.obj
                0x100047e8                stdio_usb_in_chars
 .text.stdio_usb_out_chars
                0x10004878      0x104 CMakeFiles/buttonInterface.dir/C_/Workspace/Pico/pico-sdk/src/rp2_common/pico_stdio_usb/stdio_usb.c.obj
 .text.low_priority_worker_irq
                0x1000497c       0xa8 CMakeFiles/buttonInterface.dir/C_/Workspace/Pico/pico-sdk/src/rp2_common/pico_stdio_usb/stdio_usb.c.obj
 .text.tud_cdc_rx_cb
                0x10004a24       0x20 CMakeFiles/buttonInterface.dir/C_/Workspace/Pico/pico-sdk/src/rp2_common/pico_stdio_usb/stdio_usb.c.obj
                0x10004a24                tud_cdc_rx_cb
 .text.stdio_usb_init
                0x10004a44       0xe0 CMakeFiles/buttonInterface.dir/C_/Workspace/Pico/pico-sdk/src/rp2_common/pico_stdio_usb/stdio_usb.c.obj
                0x10004a44                stdio_usb_init
 .text.tud_descriptor_device_cb
                0x10004b24        0x8 CMakeFiles/buttonInterface.dir/C_/Workspace/Pico/pico-sdk/src/rp2_common/pico_stdio_usb/stdio_usb_descriptors.c.obj
                0x10004b24                tud_descriptor_device_cb
 .text.tud_descriptor_configuration_cb
                0x10004b2c        0x8 CMakeFiles/buttonInterface.dir/C_/Workspace/Pico/pico-sdk/src/rp2_common/pico_stdio_usb/stdio_usb_descriptors.c.obj
                0x10004b2c                tud_descriptor_configuration_cb
 .text.tud_descriptor_string_cb
                0x10004b34       0x78 CMakeFiles/buttonInterface.dir/C_/Workspace/Pico/pico-sdk/src/rp2_common/pico_stdio_usb/stdio_usb_descriptors.c.obj
                0x10004b34                tud_descriptor_string_cb
 .text.startup._retrieve_unique_id_on_boot
                0x10004bac       0x10 CMakeFiles/buttonInterface.dir/C_/Workspace/Pico/pico-sdk/src/rp2_common/pico_unique_id/unique_id.c.obj
 .text.pico_get_unique_board_id
                0x10004bbc       0x10 CMakeFiles/buttonInterface.dir/C_/Workspace/Pico/pico-sdk/src/rp2_common/pico_unique_id/unique_id.c.obj
                0x10004bbc                pico_get_unique_board_id
 .text.pico_get_unique_board_id_string
                0x10004bcc      0x1a8 CMakeFiles/buttonInterface.dir/C_/Workspace/Pico/pico-sdk/src/rp2_common/pico_unique_id/unique_id.c.obj
                0x10004bcc                pico_get_unique_board_id_string
 .text.flash_get_unique_id
                0x10004d74       0x40 CMakeFiles/buttonInterface.dir/C_/Workspace/Pico/pico-sdk/src/rp2_common/hardware_flash/flash.c.obj
                0x10004d74                flash_get_unique_id
 .text.dcd_int_enable
                0x10004db4        0xc CMakeFiles/buttonInterface.dir/C_/Workspace/Pico/pico-sdk/lib/tinyusb/src/portable/raspberrypi/rp2040/dcd_rp2040.c.obj
                0x10004db4                dcd_int_enable
 .text.dcd_set_address
                0x10004dc0       0x14 CMakeFiles/buttonInterface.dir/C_/Workspace/Pico/pico-sdk/lib/tinyusb/src/portable/raspberrypi/rp2040/dcd_rp2040.c.obj
                0x10004dc0                dcd_set_address
 .text.dcd_connect
                0x10004dd4       0x10 CMakeFiles/buttonInterface.dir/C_/Workspace/Pico/pico-sdk/lib/tinyusb/src/portable/raspberrypi/rp2040/dcd_rp2040.c.obj
                0x10004dd4                dcd_connect
 .text.dcd_init
                0x10004de4       0x98 CMakeFiles/buttonInterface.dir/C_/Workspace/Pico/pico-sdk/lib/tinyusb/src/portable/raspberrypi/rp2040/dcd_rp2040.c.obj
                0x10004de4                dcd_init
 .text.dcd_edpt0_status_complete
                0x10004e7c       0x1c CMakeFiles/buttonInterface.dir/C_/Workspace/Pico/pico-sdk/lib/tinyusb/src/portable/raspberrypi/rp2040/dcd_rp2040.c.obj
                0x10004e7c                dcd_edpt0_status_complete
 .text.dcd_edpt_open
                0x10004e98      0x108 CMakeFiles/buttonInterface.dir/C_/Workspace/Pico/pico-sdk/lib/tinyusb/src/portable/raspberrypi/rp2040/dcd_rp2040.c.obj
                0x10004e98                dcd_edpt_open
 .text.dcd_edpt_close_all
                0x10004fa0        0x8 CMakeFiles/buttonInterface.dir/C_/Workspace/Pico/pico-sdk/lib/tinyusb/src/portable/raspberrypi/rp2040/dcd_rp2040.c.obj
                0x10004fa0                dcd_edpt_close_all
 .text.dcd_edpt_xfer
                0x10004fa8       0x24 CMakeFiles/buttonInterface.dir/C_/Workspace/Pico/pico-sdk/lib/tinyusb/src/portable/raspberrypi/rp2040/dcd_rp2040.c.obj
                0x10004fa8                dcd_edpt_xfer
 .text.dcd_edpt_stall
                0x10004fcc       0x38 CMakeFiles/buttonInterface.dir/C_/Workspace/Pico/pico-sdk/lib/tinyusb/src/portable/raspberrypi/rp2040/dcd_rp2040.c.obj
                0x10004fcc                dcd_edpt_stall
 .text.dcd_edpt_clear_stall
                0x10005004       0x30 CMakeFiles/buttonInterface.dir/C_/Workspace/Pico/pico-sdk/lib/tinyusb/src/portable/raspberrypi/rp2040/dcd_rp2040.c.obj
                0x10005004                dcd_edpt_clear_stall
 .text.rp2040_usb_init
                0x10005034       0x4c CMakeFiles/buttonInterface.dir/C_/Workspace/Pico/pico-sdk/lib/tinyusb/src/portable/raspberrypi/rp2040/rp2040_usb.c.obj
                0x10005034                rp2040_usb_init
 .text.hw_endpoint_xfer_start
                0x10005080       0x40 CMakeFiles/buttonInterface.dir/C_/Workspace/Pico/pico-sdk/lib/tinyusb/src/portable/raspberrypi/rp2040/rp2040_usb.c.obj
                0x10005080                hw_endpoint_xfer_start
 .text.tud_mounted
                0x100050c0       0x10 CMakeFiles/buttonInterface.dir/C_/Workspace/Pico/pico-sdk/lib/tinyusb/src/device/usbd.c.obj
                0x100050c0                tud_mounted
 .text.tud_suspended
                0x100050d0       0x10 CMakeFiles/buttonInterface.dir/C_/Workspace/Pico/pico-sdk/lib/tinyusb/src/device/usbd.c.obj
                0x100050d0                tud_suspended
 .text.tud_inited
                0x100050e0       0x14 CMakeFiles/buttonInterface.dir/C_/Workspace/Pico/pico-sdk/lib/tinyusb/src/device/usbd.c.obj
                0x100050e0                tud_inited
 .text.tud_init
                0x100050f4       0xd8 CMakeFiles/buttonInterface.dir/C_/Workspace/Pico/pico-sdk/lib/tinyusb/src/device/usbd.c.obj
                0x100050f4                tud_init
 .text.tud_task_ext
                0x100051cc      0x8a4 CMakeFiles/buttonInterface.dir/C_/Workspace/Pico/pico-sdk/lib/tinyusb/src/device/usbd.c.obj
                0x100051cc                tud_task_ext
 .text.usbd_open_edpt_pair
                0x10005a70       0x9c CMakeFiles/buttonInterface.dir/C_/Workspace/Pico/pico-sdk/lib/tinyusb/src/device/usbd.c.obj
                0x10005a70                usbd_open_edpt_pair
 .text.usbd_defer_func
                0x10005b0c       0x48 CMakeFiles/buttonInterface.dir/C_/Workspace/Pico/pico-sdk/lib/tinyusb/src/device/usbd.c.obj
                0x10005b0c                usbd_defer_func
 .text.usbd_edpt_open
                0x10005b54       0x34 CMakeFiles/buttonInterface.dir/C_/Workspace/Pico/pico-sdk/lib/tinyusb/src/device/usbd.c.obj
                0x10005b54                usbd_edpt_open
 .text.usbd_edpt_claim
                0x10005b88       0x28 CMakeFiles/buttonInterface.dir/C_/Workspace/Pico/pico-sdk/lib/tinyusb/src/device/usbd.c.obj
                0x10005b88                usbd_edpt_claim
 .text.usbd_edpt_release
                0x10005bb0       0x28 CMakeFiles/buttonInterface.dir/C_/Workspace/Pico/pico-sdk/lib/tinyusb/src/device/usbd.c.obj
                0x10005bb0                usbd_edpt_release
 .text.usbd_edpt_xfer
                0x10005bd8       0x4c CMakeFiles/buttonInterface.dir/C_/Workspace/Pico/pico-sdk/lib/tinyusb/src/device/usbd.c.obj
                0x10005bd8                usbd_edpt_xfer
 .text.tud_control_status
                0x10005c24       0x2c CMakeFiles/buttonInterface.dir/C_/Workspace/Pico/pico-sdk/lib/tinyusb/src/device/usbd_control.c.obj
                0x10005c24                tud_control_status
 .text.tud_control_xfer
                0x10005c50       0xac CMakeFiles/buttonInterface.dir/C_/Workspace/Pico/pico-sdk/lib/tinyusb/src/device/usbd_control.c.obj
                0x10005c50                tud_control_xfer
 .text.usbd_control_reset
                0x10005cfc       0x14 CMakeFiles/buttonInterface.dir/C_/Workspace/Pico/pico-sdk/lib/tinyusb/src/device/usbd_control.c.obj
                0x10005cfc                usbd_control_reset
 .text.usbd_control_set_complete_callback
                0x10005d10        0xc CMakeFiles/buttonInterface.dir/C_/Workspace/Pico/pico-sdk/lib/tinyusb/src/device/usbd_control.c.obj
                0x10005d10                usbd_control_set_complete_callback
 .text.usbd_control_set_request
                0x10005d1c       0x1c CMakeFiles/buttonInterface.dir/C_/Workspace/Pico/pico-sdk/lib/tinyusb/src/device/usbd_control.c.obj
                0x10005d1c                usbd_control_set_request
 .text.usbd_control_xfer_cb
                0x10005d38       0xf4 CMakeFiles/buttonInterface.dir/C_/Workspace/Pico/pico-sdk/lib/tinyusb/src/device/usbd_control.c.obj
                0x10005d38                usbd_control_xfer_cb
 .text.tud_cdc_n_connected
                0x10005e2c       0x30 CMakeFiles/buttonInterface.dir/C_/Workspace/Pico/pico-sdk/lib/tinyusb/src/class/cdc/cdc_device.c.obj
                0x10005e2c                tud_cdc_n_connected
 .text.tud_cdc_n_available
                0x10005e5c       0x18 CMakeFiles/buttonInterface.dir/C_/Workspace/Pico/pico-sdk/lib/tinyusb/src/class/cdc/cdc_device.c.obj
                0x10005e5c                tud_cdc_n_available
 .text.tud_cdc_n_read
                0x10005e74       0x70 CMakeFiles/buttonInterface.dir/C_/Workspace/Pico/pico-sdk/lib/tinyusb/src/class/cdc/cdc_device.c.obj
                0x10005e74                tud_cdc_n_read
 .text.tud_cdc_n_write_flush
                0x10005ee4       0x78 CMakeFiles/buttonInterface.dir/C_/Workspace/Pico/pico-sdk/lib/tinyusb/src/class/cdc/cdc_device.c.obj
                0x10005ee4                tud_cdc_n_write_flush
 .text.tud_cdc_n_write
                0x10005f5c       0x34 CMakeFiles/buttonInterface.dir/C_/Workspace/Pico/pico-sdk/lib/tinyusb/src/class/cdc/cdc_device.c.obj
                0x10005f5c                tud_cdc_n_write
 .text.tud_cdc_n_write_available
                0x10005f90       0x18 CMakeFiles/buttonInterface.dir/C_/Workspace/Pico/pico-sdk/lib/tinyusb/src/class/cdc/cdc_device.c.obj
                0x10005f90                tud_cdc_n_write_available
 .text.cdcd_init
                0x10005fa8       0x7c CMakeFiles/buttonInterface.dir/C_/Workspace/Pico/pico-sdk/lib/tinyusb/src/class/cdc/cdc_device.c.obj
                0x10005fa8                cdcd_init
 .text.cdcd_reset
                0x10006024       0x2c CMakeFiles/buttonInterface.dir/C_/Workspace/Pico/pico-sdk/lib/tinyusb/src/class/cdc/cdc_device.c.obj
                0x10006024                cdcd_reset
 .text.cdcd_open
                0x10006050       0xe4 CMakeFiles/buttonInterface.dir/C_/Workspace/Pico/pico-sdk/lib/tinyusb/src/class/cdc/cdc_device.c.obj
                0x10006050                cdcd_open
 .text.cdcd_control_xfer_cb
                0x10006134       0xe4 CMakeFiles/buttonInterface.dir/C_/Workspace/Pico/pico-sdk/lib/tinyusb/src/class/cdc/cdc_device.c.obj
                0x10006134                cdcd_control_xfer_cb
 .text.cdcd_xfer_cb
                0x10006218      0x13c CMakeFiles/buttonInterface.dir/C_/Workspace/Pico/pico-sdk/lib/tinyusb/src/class/cdc/cdc_device.c.obj
                0x10006218                cdcd_xfer_cb
 .text.tusb_init
                0x10006354        0xc CMakeFiles/buttonInterface.dir/C_/Workspace/Pico/pico-sdk/lib/tinyusb/src/tusb.c.obj
                0x10006354                tusb_init
 .text.tusb_inited
                0x10006360        0x8 CMakeFiles/buttonInterface.dir/C_/Workspace/Pico/pico-sdk/lib/tinyusb/src/tusb.c.obj
                0x10006360                tusb_inited
 .text.tu_edpt_claim
                0x10006368       0x50 CMakeFiles/buttonInterface.dir/C_/Workspace/Pico/pico-sdk/lib/tinyusb/src/tusb.c.obj
                0x10006368                tu_edpt_claim
 .text.tu_edpt_release
                0x100063b8       0x38 CMakeFiles/buttonInterface.dir/C_/Workspace/Pico/pico-sdk/lib/tinyusb/src/tusb.c.obj
                0x100063b8                tu_edpt_release
 .text.tu_edpt_validate
                0x100063f0       0x7c CMakeFiles/buttonInterface.dir/C_/Workspace/Pico/pico-sdk/lib/tinyusb/src/tusb.c.obj
                0x100063f0                tu_edpt_validate
 .text.tu_edpt_bind_driver
                0x1000646c       0x34 CMakeFiles/buttonInterface.dir/C_/Workspace/Pico/pico-sdk/lib/tinyusb/src/tusb.c.obj
                0x1000646c                tu_edpt_bind_driver
 .text.tu_fifo_config
                0x100064a0       0x6c CMakeFiles/buttonInterface.dir/C_/Workspace/Pico/pico-sdk/lib/tinyusb/src/common/tusb_fifo.c.obj
                0x100064a0                tu_fifo_config
 .text.tu_fifo_count
                0x1000650c       0x2c CMakeFiles/buttonInterface.dir/C_/Workspace/Pico/pico-sdk/lib/tinyusb/src/common/tusb_fifo.c.obj
                0x1000650c                tu_fifo_count
 .text.tu_fifo_empty
                0x10006538       0x10 CMakeFiles/buttonInterface.dir/C_/Workspace/Pico/pico-sdk/lib/tinyusb/src/common/tusb_fifo.c.obj
                0x10006538                tu_fifo_empty
 .text.tu_fifo_remaining
                0x10006548       0x2c CMakeFiles/buttonInterface.dir/C_/Workspace/Pico/pico-sdk/lib/tinyusb/src/common/tusb_fifo.c.obj
                0x10006548                tu_fifo_remaining
 .text.tu_fifo_read
                0x10006574       0x9c CMakeFiles/buttonInterface.dir/C_/Workspace/Pico/pico-sdk/lib/tinyusb/src/common/tusb_fifo.c.obj
                0x10006574                tu_fifo_read
 .text.tu_fifo_read_n
                0x10006610       0xe8 CMakeFiles/buttonInterface.dir/C_/Workspace/Pico/pico-sdk/lib/tinyusb/src/common/tusb_fifo.c.obj
                0x10006610                tu_fifo_read_n
 .text.tu_fifo_write
                0x100066f8       0x88 CMakeFiles/buttonInterface.dir/C_/Workspace/Pico/pico-sdk/lib/tinyusb/src/common/tusb_fifo.c.obj
                0x100066f8                tu_fifo_write
 .text.tu_fifo_write_n
                0x10006780      0x170 CMakeFiles/buttonInterface.dir/C_/Workspace/Pico/pico-sdk/lib/tinyusb/src/common/tusb_fifo.c.obj
                0x10006780                tu_fifo_write_n
 .text.tu_fifo_clear
                0x100068f0       0x40 CMakeFiles/buttonInterface.dir/C_/Workspace/Pico/pico-sdk/lib/tinyusb/src/common/tusb_fifo.c.obj
                0x100068f0                tu_fifo_clear
 .text.tu_fifo_set_overwritable
                0x10006930       0x48 CMakeFiles/buttonInterface.dir/C_/Workspace/Pico/pico-sdk/lib/tinyusb/src/common/tusb_fifo.c.obj
                0x10006930                tu_fifo_set_overwritable
 .text.lwip_timeout_reached
                0x10006978        0x8 CMakeFiles/buttonInterface.dir/C_/Workspace/Pico/pico-sdk/src/rp2_common/pico_lwip/lwip_nosys.c.obj
 .text.update_next_timeout
                0x10006980       0x60 CMakeFiles/buttonInterface.dir/C_/Workspace/Pico/pico-sdk/src/rp2_common/pico_lwip/lwip_nosys.c.obj
 .text.lwip_nosys_init
                0x100069e0       0x30 CMakeFiles/buttonInterface.dir/C_/Workspace/Pico/pico-sdk/src/rp2_common/pico_lwip/lwip_nosys.c.obj
                0x100069e0                lwip_nosys_init
 .text.lwip_nosys_deinit
                0x10006a10       0x20 CMakeFiles/buttonInterface.dir/C_/Workspace/Pico/pico-sdk/src/rp2_common/pico_lwip/lwip_nosys.c.obj
                0x10006a10                lwip_nosys_deinit
 .text.sys_arch_protect
                0x10006a30        0x4 CMakeFiles/buttonInterface.dir/C_/Workspace/Pico/pico-sdk/src/rp2_common/pico_lwip/lwip_nosys.c.obj
                0x10006a30                sys_arch_protect
 .text.sys_arch_unprotect
                0x10006a34        0x4 CMakeFiles/buttonInterface.dir/C_/Workspace/Pico/pico-sdk/src/rp2_common/pico_lwip/lwip_nosys.c.obj
                0x10006a34                sys_arch_unprotect
 .text.sys_now  0x10006a38       0x20 CMakeFiles/buttonInterface.dir/C_/Workspace/Pico/pico-sdk/src/rp2_common/pico_lwip/lwip_nosys.c.obj
                0x10006a38                sys_now
 .text.async_context_base_add_at_time_worker
                0x10006a58       0x24 CMakeFiles/buttonInterface.dir/C_/Workspace/Pico/pico-sdk/src/rp2_common/pico_async_context/async_context_base.c.obj
                0x10006a58                async_context_base_add_at_time_worker
 .text.async_context_base_remove_at_time_worker
                0x10006a7c       0x28 CMakeFiles/buttonInterface.dir/C_/Workspace/Pico/pico-sdk/src/rp2_common/pico_async_context/async_context_base.c.obj
                0x10006a7c                async_context_base_remove_at_time_worker
 .text.async_context_base_add_when_pending_worker
                0x10006aa4       0x24 CMakeFiles/buttonInterface.dir/C_/Workspace/Pico/pico-sdk/src/rp2_common/pico_async_context/async_context_base.c.obj
                0x10006aa4                async_context_base_add_when_pending_worker
 .text.async_context_base_remove_when_pending_worker
                0x10006ac8       0x28 CMakeFiles/buttonInterface.dir/C_/Workspace/Pico/pico-sdk/src/rp2_common/pico_async_context/async_context_base.c.obj
                0x10006ac8                async_context_base_remove_when_pending_worker
 .text.async_context_base_execute_once
                0x10006af0       0xfc CMakeFiles/buttonInterface.dir/C_/Workspace/Pico/pico-sdk/src/rp2_common/pico_async_context/async_context_base.c.obj
                0x10006af0                async_context_base_execute_once
 .text.splitmix64
                0x10006bec       0x58 CMakeFiles/buttonInterface.dir/C_/Workspace/Pico/pico-sdk/src/rp2_common/pico_rand/rand.c.obj
 .text.xoroshiro128ss
                0x10006c44       0x90 CMakeFiles/buttonInterface.dir/C_/Workspace/Pico/pico-sdk/src/rp2_common/pico_rand/rand.c.obj
 .text.get_rand_64
                0x10006cd4      0x4a4 CMakeFiles/buttonInterface.dir/C_/Workspace/Pico/pico-sdk/src/rp2_common/pico_rand/rand.c.obj
                0x10006cd4                get_rand_64
 .text.get_rand_32
                0x10007178        0x8 CMakeFiles/buttonInterface.dir/C_/Workspace/Pico/pico-sdk/src/rp2_common/pico_rand/rand.c.obj
                0x10007178                get_rand_32
 .text.lwip_init
                0x10007180       0x24 CMakeFiles/buttonInterface.dir/C_/Workspace/Pico/pico-sdk/lib/lwip/src/core/init.c.obj
                0x10007180                lwip_init
 .text.lwip_htons
                0x100071a4        0x8 CMakeFiles/buttonInterface.dir/C_/Workspace/Pico/pico-sdk/lib/lwip/src/core/def.c.obj
                0x100071a4                lwip_htons
 .text.lwip_htonl
                0x100071ac        0x4 CMakeFiles/buttonInterface.dir/C_/Workspace/Pico/pico-sdk/lib/lwip/src/core/def.c.obj
                0x100071ac                lwip_htonl
 .text.dns_call_found
                0x100071b0      0x184 CMakeFiles/buttonInterface.dir/C_/Workspace/Pico/pico-sdk/lib/lwip/src/core/dns.c.obj
 .text.dns_send.isra.0
                0x10007334      0x174 CMakeFiles/buttonInterface.dir/C_/Workspace/Pico/pico-sdk/lib/lwip/src/core/dns.c.obj
 .text.dns_init
                0x100074a8        0x4 CMakeFiles/buttonInterface.dir/C_/Workspace/Pico/pico-sdk/lib/lwip/src/core/dns.c.obj
                0x100074a8                dns_init
 .text.dns_setserver
                0x100074ac       0x24 CMakeFiles/buttonInterface.dir/C_/Workspace/Pico/pico-sdk/lib/lwip/src/core/dns.c.obj
                0x100074ac                dns_setserver
 .text.dns_tmr  0x100074d0      0x140 CMakeFiles/buttonInterface.dir/C_/Workspace/Pico/pico-sdk/lib/lwip/src/core/dns.c.obj
                0x100074d0                dns_tmr
 .text.lwip_standard_chksum
                0x10007610       0xdc CMakeFiles/buttonInterface.dir/C_/Workspace/Pico/pico-sdk/lib/lwip/src/core/inet_chksum.c.obj
                0x10007610                lwip_standard_chksum
 .text.inet_chksum_pseudo
                0x100076ec       0xbc CMakeFiles/buttonInterface.dir/C_/Workspace/Pico/pico-sdk/lib/lwip/src/core/inet_chksum.c.obj
                0x100076ec                inet_chksum_pseudo
 .text.ip_chksum_pseudo
                0x100077a8       0x10 CMakeFiles/buttonInterface.dir/C_/Workspace/Pico/pico-sdk/lib/lwip/src/core/inet_chksum.c.obj
                0x100077a8                ip_chksum_pseudo
 .text.inet_chksum
                0x100077b8        0xc CMakeFiles/buttonInterface.dir/C_/Workspace/Pico/pico-sdk/lib/lwip/src/core/inet_chksum.c.obj
                0x100077b8                inet_chksum
 .text.inet_chksum_pbuf
                0x100077c4       0x78 CMakeFiles/buttonInterface.dir/C_/Workspace/Pico/pico-sdk/lib/lwip/src/core/inet_chksum.c.obj
                0x100077c4                inet_chksum_pbuf
 .text.mem_init
                0x1000783c       0x3c CMakeFiles/buttonInterface.dir/C_/Workspace/Pico/pico-sdk/lib/lwip/src/core/mem.c.obj
                0x1000783c                mem_init
 .text.mem_free
                0x10007878      0x130 CMakeFiles/buttonInterface.dir/C_/Workspace/Pico/pico-sdk/lib/lwip/src/core/mem.c.obj
                0x10007878                mem_free
 .text.mem_trim
                0x100079a8       0xfc CMakeFiles/buttonInterface.dir/C_/Workspace/Pico/pico-sdk/lib/lwip/src/core/mem.c.obj
                0x100079a8                mem_trim
 .text.mem_malloc
                0x10007aa4      0x114 CMakeFiles/buttonInterface.dir/C_/Workspace/Pico/pico-sdk/lib/lwip/src/core/mem.c.obj
                0x10007aa4                mem_malloc
 .text.memp_init
                0x10007bb8       0x6c CMakeFiles/buttonInterface.dir/C_/Workspace/Pico/pico-sdk/lib/lwip/src/core/memp.c.obj
                0x10007bb8                memp_init
 .text.memp_malloc
                0x10007c24       0x40 CMakeFiles/buttonInterface.dir/C_/Workspace/Pico/pico-sdk/lib/lwip/src/core/memp.c.obj
                0x10007c24                memp_malloc
 .text.memp_free
                0x10007c64       0x38 CMakeFiles/buttonInterface.dir/C_/Workspace/Pico/pico-sdk/lib/lwip/src/core/memp.c.obj
                0x10007c64                memp_free
 .text.netif_null_output_ip4
                0x10007c9c        0x8 CMakeFiles/buttonInterface.dir/C_/Workspace/Pico/pico-sdk/lib/lwip/src/core/netif.c.obj
 .text.netif_do_set_ipaddr.isra.0
                0x10007ca4       0x60 CMakeFiles/buttonInterface.dir/C_/Workspace/Pico/pico-sdk/lib/lwip/src/core/netif.c.obj
 .text.netif_init
                0x10007d04        0x4 CMakeFiles/buttonInterface.dir/C_/Workspace/Pico/pico-sdk/lib/lwip/src/core/netif.c.obj
                0x10007d04                netif_init
 .text.netif_add
                0x10007d08      0x16c CMakeFiles/buttonInterface.dir/C_/Workspace/Pico/pico-sdk/lib/lwip/src/core/netif.c.obj
                0x10007d08                netif_add
 .text.netif_set_addr
                0x10007e74       0xb4 CMakeFiles/buttonInterface.dir/C_/Workspace/Pico/pico-sdk/lib/lwip/src/core/netif.c.obj
                0x10007e74                netif_set_addr
 .text.netif_remove
                0x10007f28       0x94 CMakeFiles/buttonInterface.dir/C_/Workspace/Pico/pico-sdk/lib/lwip/src/core/netif.c.obj
                0x10007f28                netif_remove
 .text.netif_set_default
                0x10007fbc        0xc CMakeFiles/buttonInterface.dir/C_/Workspace/Pico/pico-sdk/lib/lwip/src/core/netif.c.obj
                0x10007fbc                netif_set_default
 .text.netif_set_up
                0x10007fc8       0x40 CMakeFiles/buttonInterface.dir/C_/Workspace/Pico/pico-sdk/lib/lwip/src/core/netif.c.obj
                0x10007fc8                netif_set_up
 .text.netif_set_link_up
                0x10008008       0x44 CMakeFiles/buttonInterface.dir/C_/Workspace/Pico/pico-sdk/lib/lwip/src/core/netif.c.obj
                0x10008008                netif_set_link_up
 .text.netif_set_link_down
                0x1000804c       0x20 CMakeFiles/buttonInterface.dir/C_/Workspace/Pico/pico-sdk/lib/lwip/src/core/netif.c.obj
                0x1000804c                netif_set_link_down
 .text.netif_get_by_index
                0x1000806c       0x2c CMakeFiles/buttonInterface.dir/C_/Workspace/Pico/pico-sdk/lib/lwip/src/core/netif.c.obj
                0x1000806c                netif_get_by_index
 .text.pbuf_free.part.0
                0x10008098       0x7c CMakeFiles/buttonInterface.dir/C_/Workspace/Pico/pico-sdk/lib/lwip/src/core/pbuf.c.obj
 .text.pbuf_free_ooseq
                0x10008114       0x34 CMakeFiles/buttonInterface.dir/C_/Workspace/Pico/pico-sdk/lib/lwip/src/core/pbuf.c.obj
                0x10008114                pbuf_free_ooseq
 .text.pbuf_alloc
                0x10008148      0x13c CMakeFiles/buttonInterface.dir/C_/Workspace/Pico/pico-sdk/lib/lwip/src/core/pbuf.c.obj
                0x10008148                pbuf_alloc
 .text.pbuf_realloc
                0x10008284       0x84 CMakeFiles/buttonInterface.dir/C_/Workspace/Pico/pico-sdk/lib/lwip/src/core/pbuf.c.obj
                0x10008284                pbuf_realloc
 .text.pbuf_add_header
                0x10008308       0x50 CMakeFiles/buttonInterface.dir/C_/Workspace/Pico/pico-sdk/lib/lwip/src/core/pbuf.c.obj
                0x10008308                pbuf_add_header
 .text.pbuf_remove_header
                0x10008358       0x3c CMakeFiles/buttonInterface.dir/C_/Workspace/Pico/pico-sdk/lib/lwip/src/core/pbuf.c.obj
                0x10008358                pbuf_remove_header
 .text.pbuf_header_force
                0x10008394       0x6c CMakeFiles/buttonInterface.dir/C_/Workspace/Pico/pico-sdk/lib/lwip/src/core/pbuf.c.obj
                0x10008394                pbuf_header_force
 .text.pbuf_free
                0x10008400       0x18 CMakeFiles/buttonInterface.dir/C_/Workspace/Pico/pico-sdk/lib/lwip/src/core/pbuf.c.obj
                0x10008400                pbuf_free
 .text.pbuf_clen
                0x10008418       0x14 CMakeFiles/buttonInterface.dir/C_/Workspace/Pico/pico-sdk/lib/lwip/src/core/pbuf.c.obj
                0x10008418                pbuf_clen
 .text.pbuf_ref
                0x1000842c       0x28 CMakeFiles/buttonInterface.dir/C_/Workspace/Pico/pico-sdk/lib/lwip/src/core/pbuf.c.obj
                0x1000842c                pbuf_ref
 .text.pbuf_cat
                0x10008454       0x44 CMakeFiles/buttonInterface.dir/C_/Workspace/Pico/pico-sdk/lib/lwip/src/core/pbuf.c.obj
                0x10008454                pbuf_cat
 .text.pbuf_chain
                0x10008498       0x64 CMakeFiles/buttonInterface.dir/C_/Workspace/Pico/pico-sdk/lib/lwip/src/core/pbuf.c.obj
                0x10008498                pbuf_chain
 .text.pbuf_copy_partial_pbuf
                0x100084fc      0x130 CMakeFiles/buttonInterface.dir/C_/Workspace/Pico/pico-sdk/lib/lwip/src/core/pbuf.c.obj
                0x100084fc                pbuf_copy_partial_pbuf
 .text.pbuf_copy
                0x1000862c       0x18 CMakeFiles/buttonInterface.dir/C_/Workspace/Pico/pico-sdk/lib/lwip/src/core/pbuf.c.obj
                0x1000862c                pbuf_copy
 .text.pbuf_copy_partial
                0x10008644       0x68 CMakeFiles/buttonInterface.dir/C_/Workspace/Pico/pico-sdk/lib/lwip/src/core/pbuf.c.obj
                0x10008644                pbuf_copy_partial
 .text.pbuf_take
                0x100086ac       0x78 CMakeFiles/buttonInterface.dir/C_/Workspace/Pico/pico-sdk/lib/lwip/src/core/pbuf.c.obj
                0x100086ac                pbuf_take
 .text.pbuf_take_at
                0x10008724       0xcc CMakeFiles/buttonInterface.dir/C_/Workspace/Pico/pico-sdk/lib/lwip/src/core/pbuf.c.obj
                0x10008724                pbuf_take_at
 .text.pbuf_clone
                0x100087f0       0x30 CMakeFiles/buttonInterface.dir/C_/Workspace/Pico/pico-sdk/lib/lwip/src/core/pbuf.c.obj
                0x100087f0                pbuf_clone
 .text.pbuf_put_at
                0x10008820       0x1c CMakeFiles/buttonInterface.dir/C_/Workspace/Pico/pico-sdk/lib/lwip/src/core/pbuf.c.obj
                0x10008820                pbuf_put_at
 .text.raw_input
                0x1000883c       0xfc CMakeFiles/buttonInterface.dir/C_/Workspace/Pico/pico-sdk/lib/lwip/src/core/raw.c.obj
                0x1000883c                raw_input
 .text.raw_netif_ip_addr_changed
                0x10008938       0x40 CMakeFiles/buttonInterface.dir/C_/Workspace/Pico/pico-sdk/lib/lwip/src/core/raw.c.obj
                0x10008938                raw_netif_ip_addr_changed
 .text.stats_init
                0x10008978        0x4 CMakeFiles/buttonInterface.dir/C_/Workspace/Pico/pico-sdk/lib/lwip/src/core/stats.c.obj
                0x10008978                stats_init
 .text.tcp_close_shutdown_fin
                0x1000897c       0x58 CMakeFiles/buttonInterface.dir/C_/Workspace/Pico/pico-sdk/lib/lwip/src/core/tcp.c.obj
 .text.tcp_pcb_purge.part.0
                0x100089d4       0xc4 CMakeFiles/buttonInterface.dir/C_/Workspace/Pico/pico-sdk/lib/lwip/src/core/tcp.c.obj
 .text.tcp_init
                0x10008a98       0x20 CMakeFiles/buttonInterface.dir/C_/Workspace/Pico/pico-sdk/lib/lwip/src/core/tcp.c.obj
                0x10008a98                tcp_init
 .text.tcp_free
                0x10008ab8       0x1c CMakeFiles/buttonInterface.dir/C_/Workspace/Pico/pico-sdk/lib/lwip/src/core/tcp.c.obj
                0x10008ab8                tcp_free
 .text.tcp_update_rcv_ann_wnd
                0x10008ad4       0x58 CMakeFiles/buttonInterface.dir/C_/Workspace/Pico/pico-sdk/lib/lwip/src/core/tcp.c.obj
                0x10008ad4                tcp_update_rcv_ann_wnd
 .text.tcp_recved
                0x10008b2c       0x98 CMakeFiles/buttonInterface.dir/C_/Workspace/Pico/pico-sdk/lib/lwip/src/core/tcp.c.obj
                0x10008b2c                tcp_recved
 .text.tcp_connect
                0x10008bc4      0x1bc CMakeFiles/buttonInterface.dir/C_/Workspace/Pico/pico-sdk/lib/lwip/src/core/tcp.c.obj
                0x10008bc4                tcp_connect
 .text.tcp_slowtmr
                0x10008d80      0x534 CMakeFiles/buttonInterface.dir/C_/Workspace/Pico/pico-sdk/lib/lwip/src/core/tcp.c.obj
                0x10008d80                tcp_slowtmr
 .text.tcp_segs_free
                0x100092b4       0x38 CMakeFiles/buttonInterface.dir/C_/Workspace/Pico/pico-sdk/lib/lwip/src/core/tcp.c.obj
                0x100092b4                tcp_segs_free
 .text.tcp_seg_free
                0x100092ec       0x1c CMakeFiles/buttonInterface.dir/C_/Workspace/Pico/pico-sdk/lib/lwip/src/core/tcp.c.obj
                0x100092ec                tcp_seg_free
 .text.tcp_seg_copy
                0x10009308       0x2c CMakeFiles/buttonInterface.dir/C_/Workspace/Pico/pico-sdk/lib/lwip/src/core/tcp.c.obj
                0x10009308                tcp_seg_copy
 .text.tcp_arg  0x10009334        0x8 CMakeFiles/buttonInterface.dir/C_/Workspace/Pico/pico-sdk/lib/lwip/src/core/tcp.c.obj
                0x10009334                tcp_arg
 .text.tcp_recv
                0x1000933c       0x1c CMakeFiles/buttonInterface.dir/C_/Workspace/Pico/pico-sdk/lib/lwip/src/core/tcp.c.obj
                0x1000933c                tcp_recv
 .text.tcp_sent
                0x10009358       0x1c CMakeFiles/buttonInterface.dir/C_/Workspace/Pico/pico-sdk/lib/lwip/src/core/tcp.c.obj
                0x10009358                tcp_sent
 .text.tcp_err  0x10009374       0x1c CMakeFiles/buttonInterface.dir/C_/Workspace/Pico/pico-sdk/lib/lwip/src/core/tcp.c.obj
                0x10009374                tcp_err
 .text.tcp_pcb_purge
                0x10009390       0x18 CMakeFiles/buttonInterface.dir/C_/Workspace/Pico/pico-sdk/lib/lwip/src/core/tcp.c.obj
                0x10009390                tcp_pcb_purge
 .text.tcp_pcb_remove
                0x100093a8       0xc8 CMakeFiles/buttonInterface.dir/C_/Workspace/Pico/pico-sdk/lib/lwip/src/core/tcp.c.obj
                0x100093a8                tcp_pcb_remove
 .text.tcp_abandon
                0x10009470      0x1a4 CMakeFiles/buttonInterface.dir/C_/Workspace/Pico/pico-sdk/lib/lwip/src/core/tcp.c.obj
                0x10009470                tcp_abandon
 .text.tcp_abort
                0x10009614        0xc CMakeFiles/buttonInterface.dir/C_/Workspace/Pico/pico-sdk/lib/lwip/src/core/tcp.c.obj
                0x10009614                tcp_abort
 .text.tcp_alloc
                0x10009620      0x1d4 CMakeFiles/buttonInterface.dir/C_/Workspace/Pico/pico-sdk/lib/lwip/src/core/tcp.c.obj
                0x10009620                tcp_alloc
 .text.tcp_new_ip_type
                0x100097f4        0xc CMakeFiles/buttonInterface.dir/C_/Workspace/Pico/pico-sdk/lib/lwip/src/core/tcp.c.obj
                0x100097f4                tcp_new_ip_type
 .text.tcp_close_shutdown
                0x10009800      0x18c CMakeFiles/buttonInterface.dir/C_/Workspace/Pico/pico-sdk/lib/lwip/src/core/tcp.c.obj
 .text.tcp_recv_null
                0x1000998c       0xcc CMakeFiles/buttonInterface.dir/C_/Workspace/Pico/pico-sdk/lib/lwip/src/core/tcp.c.obj
                0x1000998c                tcp_recv_null
 .text.tcp_process_refused_data
                0x10009a58       0x78 CMakeFiles/buttonInterface.dir/C_/Workspace/Pico/pico-sdk/lib/lwip/src/core/tcp.c.obj
                0x10009a58                tcp_process_refused_data
 .text.tcp_fasttmr
                0x10009ad0       0x98 CMakeFiles/buttonInterface.dir/C_/Workspace/Pico/pico-sdk/lib/lwip/src/core/tcp.c.obj
                0x10009ad0                tcp_fasttmr
 .text.tcp_tmr  0x10009b68       0x20 CMakeFiles/buttonInterface.dir/C_/Workspace/Pico/pico-sdk/lib/lwip/src/core/tcp.c.obj
                0x10009b68                tcp_tmr
 .text.tcp_close
                0x10009b88      0x170 CMakeFiles/buttonInterface.dir/C_/Workspace/Pico/pico-sdk/lib/lwip/src/core/tcp.c.obj
                0x10009b88                tcp_close
 .text.tcp_next_iss
                0x10009cf8       0x28 CMakeFiles/buttonInterface.dir/C_/Workspace/Pico/pico-sdk/lib/lwip/src/core/tcp.c.obj
                0x10009cf8                tcp_next_iss
 .text.tcp_eff_send_mss_netif
                0x10009d20       0x34 CMakeFiles/buttonInterface.dir/C_/Workspace/Pico/pico-sdk/lib/lwip/src/core/tcp.c.obj
                0x10009d20                tcp_eff_send_mss_netif
 .text.tcp_netif_ip_addr_changed
                0x10009d54       0x9c CMakeFiles/buttonInterface.dir/C_/Workspace/Pico/pico-sdk/lib/lwip/src/core/tcp.c.obj
                0x10009d54                tcp_netif_ip_addr_changed
 .text.tcp_free_ooseq
                0x10009df0       0x40 CMakeFiles/buttonInterface.dir/C_/Workspace/Pico/pico-sdk/lib/lwip/src/core/tcp.c.obj
                0x10009df0                tcp_free_ooseq
 .text.tcp_parseopt
                0x10009e30      0x1c4 CMakeFiles/buttonInterface.dir/C_/Workspace/Pico/pico-sdk/lib/lwip/src/core/tcp_in.c.obj
 .text.tcp_oos_insert_segment
                0x10009ff4       0xdc CMakeFiles/buttonInterface.dir/C_/Workspace/Pico/pico-sdk/lib/lwip/src/core/tcp_in.c.obj
 .text.tcp_free_acked_segments.constprop.0
                0x1000a0d0       0xdc CMakeFiles/buttonInterface.dir/C_/Workspace/Pico/pico-sdk/lib/lwip/src/core/tcp_in.c.obj
 .text.tcp_receive
                0x1000a1ac      0xa10 CMakeFiles/buttonInterface.dir/C_/Workspace/Pico/pico-sdk/lib/lwip/src/core/tcp_in.c.obj
 .text.tcp_input
                0x1000abbc      0xe8c CMakeFiles/buttonInterface.dir/C_/Workspace/Pico/pico-sdk/lib/lwip/src/core/tcp_in.c.obj
                0x1000abbc                tcp_input
 .text.tcp_trigger_input_pcb_close
                0x1000ba48       0x10 CMakeFiles/buttonInterface.dir/C_/Workspace/Pico/pico-sdk/lib/lwip/src/core/tcp_in.c.obj
                0x1000ba48                tcp_trigger_input_pcb_close
 .text.tcp_create_segment
                0x1000ba58       0xf8 CMakeFiles/buttonInterface.dir/C_/Workspace/Pico/pico-sdk/lib/lwip/src/core/tcp_out.c.obj
 .text.tcp_output_control_segment
                0x1000bb50       0xc0 CMakeFiles/buttonInterface.dir/C_/Workspace/Pico/pico-sdk/lib/lwip/src/core/tcp_out.c.obj
 .text.tcp_output_alloc_header.constprop.0
                0x1000bc10       0xc8 CMakeFiles/buttonInterface.dir/C_/Workspace/Pico/pico-sdk/lib/lwip/src/core/tcp_out.c.obj
 .text.tcp_write
                0x1000bcd8      0x488 CMakeFiles/buttonInterface.dir/C_/Workspace/Pico/pico-sdk/lib/lwip/src/core/tcp_out.c.obj
                0x1000bcd8                tcp_write
 .text.tcp_split_unsent_seg
                0x1000c160      0x1b4 CMakeFiles/buttonInterface.dir/C_/Workspace/Pico/pico-sdk/lib/lwip/src/core/tcp_out.c.obj
                0x1000c160                tcp_split_unsent_seg
 .text.tcp_send_fin
                0x1000c314      0x118 CMakeFiles/buttonInterface.dir/C_/Workspace/Pico/pico-sdk/lib/lwip/src/core/tcp_out.c.obj
                0x1000c314                tcp_send_fin
 .text.tcp_enqueue_flags
                0x1000c42c      0x108 CMakeFiles/buttonInterface.dir/C_/Workspace/Pico/pico-sdk/lib/lwip/src/core/tcp_out.c.obj
                0x1000c42c                tcp_enqueue_flags
 .text.tcp_rexmit_rto_prepare
                0x1000c534       0x9c CMakeFiles/buttonInterface.dir/C_/Workspace/Pico/pico-sdk/lib/lwip/src/core/tcp_out.c.obj
                0x1000c534                tcp_rexmit_rto_prepare
 .text.tcp_rexmit
                0x1000c5d0       0x9c CMakeFiles/buttonInterface.dir/C_/Workspace/Pico/pico-sdk/lib/lwip/src/core/tcp_out.c.obj
                0x1000c5d0                tcp_rexmit
 .text.tcp_rexmit_fast
                0x1000c66c       0x64 CMakeFiles/buttonInterface.dir/C_/Workspace/Pico/pico-sdk/lib/lwip/src/core/tcp_out.c.obj
                0x1000c66c                tcp_rexmit_fast
 .text.tcp_rst  0x1000c6d0       0xe8 CMakeFiles/buttonInterface.dir/C_/Workspace/Pico/pico-sdk/lib/lwip/src/core/tcp_out.c.obj
                0x1000c6d0                tcp_rst
 .text.tcp_rst_netif
                0x1000c7b8      0x130 CMakeFiles/buttonInterface.dir/C_/Workspace/Pico/pico-sdk/lib/lwip/src/core/tcp_out.c.obj
                0x1000c7b8                tcp_rst_netif
 .text.tcp_send_empty_ack
                0x1000c8e8       0x4c CMakeFiles/buttonInterface.dir/C_/Workspace/Pico/pico-sdk/lib/lwip/src/core/tcp_out.c.obj
                0x1000c8e8                tcp_send_empty_ack
 .text.tcp_output
                0x1000c934      0x458 CMakeFiles/buttonInterface.dir/C_/Workspace/Pico/pico-sdk/lib/lwip/src/core/tcp_out.c.obj
                0x1000c934                tcp_output
 .text.tcp_rexmit_rto_commit
                0x1000cd8c       0x24 CMakeFiles/buttonInterface.dir/C_/Workspace/Pico/pico-sdk/lib/lwip/src/core/tcp_out.c.obj
                0x1000cd8c                tcp_rexmit_rto_commit
 .text.tcp_rexmit_rto
                0x1000cdb0       0xa4 CMakeFiles/buttonInterface.dir/C_/Workspace/Pico/pico-sdk/lib/lwip/src/core/tcp_out.c.obj
                0x1000cdb0                tcp_rexmit_rto
 .text.tcp_keepalive
                0x1000ce54       0xdc CMakeFiles/buttonInterface.dir/C_/Workspace/Pico/pico-sdk/lib/lwip/src/core/tcp_out.c.obj
                0x1000ce54                tcp_keepalive
 .text.tcp_zero_window_probe
                0x1000cf30      0x110 CMakeFiles/buttonInterface.dir/C_/Workspace/Pico/pico-sdk/lib/lwip/src/core/tcp_out.c.obj
                0x1000cf30                tcp_zero_window_probe
 .text.tcpip_tcp_timer
                0x1000d040       0x78 CMakeFiles/buttonInterface.dir/C_/Workspace/Pico/pico-sdk/lib/lwip/src/core/timeouts.c.obj
 .text.lwip_cyclic_timer
                0x1000d0b8       0x98 CMakeFiles/buttonInterface.dir/C_/Workspace/Pico/pico-sdk/lib/lwip/src/core/timeouts.c.obj
 .text.tcp_timer_needed
                0x1000d150       0x7c CMakeFiles/buttonInterface.dir/C_/Workspace/Pico/pico-sdk/lib/lwip/src/core/timeouts.c.obj
                0x1000d150                tcp_timer_needed
 .text.sys_timeouts_init
                0x1000d1cc       0x8c CMakeFiles/buttonInterface.dir/C_/Workspace/Pico/pico-sdk/lib/lwip/src/core/timeouts.c.obj
                0x1000d1cc                sys_timeouts_init
 .text.sys_check_timeouts
                0x1000d258       0x68 CMakeFiles/buttonInterface.dir/C_/Workspace/Pico/pico-sdk/lib/lwip/src/core/timeouts.c.obj
                0x1000d258                sys_check_timeouts
 .text.sys_timeouts_sleeptime
                0x1000d2c0       0x28 CMakeFiles/buttonInterface.dir/C_/Workspace/Pico/pico-sdk/lib/lwip/src/core/timeouts.c.obj
                0x1000d2c0                sys_timeouts_sleeptime
 .text.udp_init
                0x1000d2e8       0x20 CMakeFiles/buttonInterface.dir/C_/Workspace/Pico/pico-sdk/lib/lwip/src/core/udp.c.obj
                0x1000d2e8                udp_init
 .text.udp_input
                0x1000d308      0x270 CMakeFiles/buttonInterface.dir/C_/Workspace/Pico/pico-sdk/lib/lwip/src/core/udp.c.obj
                0x1000d308                udp_input
 .text.udp_bind
                0x1000d578      0x108 CMakeFiles/buttonInterface.dir/C_/Workspace/Pico/pico-sdk/lib/lwip/src/core/udp.c.obj
                0x1000d578                udp_bind
 .text.udp_sendto_if_src
                0x1000d680      0x130 CMakeFiles/buttonInterface.dir/C_/Workspace/Pico/pico-sdk/lib/lwip/src/core/udp.c.obj
                0x1000d680                udp_sendto_if_src
 .text.udp_sendto_if
                0x1000d7b0       0x48 CMakeFiles/buttonInterface.dir/C_/Workspace/Pico/pico-sdk/lib/lwip/src/core/udp.c.obj
                0x1000d7b0                udp_sendto_if
 .text.udp_sendto
                0x1000d7f8       0x78 CMakeFiles/buttonInterface.dir/C_/Workspace/Pico/pico-sdk/lib/lwip/src/core/udp.c.obj
                0x1000d7f8                udp_sendto
 .text.udp_connect
                0x1000d870       0x60 CMakeFiles/buttonInterface.dir/C_/Workspace/Pico/pico-sdk/lib/lwip/src/core/udp.c.obj
                0x1000d870                udp_connect
 .text.udp_recv
                0x1000d8d0        0xc CMakeFiles/buttonInterface.dir/C_/Workspace/Pico/pico-sdk/lib/lwip/src/core/udp.c.obj
                0x1000d8d0                udp_recv
 .text.udp_remove
                0x1000d8dc       0x3c CMakeFiles/buttonInterface.dir/C_/Workspace/Pico/pico-sdk/lib/lwip/src/core/udp.c.obj
                0x1000d8dc                udp_remove
 .text.udp_new  0x1000d918       0x1c CMakeFiles/buttonInterface.dir/C_/Workspace/Pico/pico-sdk/lib/lwip/src/core/udp.c.obj
                0x1000d918                udp_new
 .text.udp_netif_ip_addr_changed
                0x1000d934       0x40 CMakeFiles/buttonInterface.dir/C_/Workspace/Pico/pico-sdk/lib/lwip/src/core/udp.c.obj
                0x1000d934                udp_netif_ip_addr_changed
 .text.dhcp_create_msg
                0x1000d974      0x164 CMakeFiles/buttonInterface.dir/C_/Workspace/Pico/pico-sdk/lib/lwip/src/core/ipv4/dhcp.c.obj
 .text.dhcp_inc_pcb_refcount
                0x1000dad8       0x6c CMakeFiles/buttonInterface.dir/C_/Workspace/Pico/pico-sdk/lib/lwip/src/core/ipv4/dhcp.c.obj
 .text.dhcp_bind
                0x1000db44      0x154 CMakeFiles/buttonInterface.dir/C_/Workspace/Pico/pico-sdk/lib/lwip/src/core/ipv4/dhcp.c.obj
 .text.dhcp_option_hostname.isra.0
                0x1000dc98       0x88 CMakeFiles/buttonInterface.dir/C_/Workspace/Pico/pico-sdk/lib/lwip/src/core/ipv4/dhcp.c.obj
 .text.dhcp_handle_ack.isra.0
                0x1000dd20       0xcc CMakeFiles/buttonInterface.dir/C_/Workspace/Pico/pico-sdk/lib/lwip/src/core/ipv4/dhcp.c.obj
 .text.dhcp_reboot.isra.0
                0x1000ddec      0x178 CMakeFiles/buttonInterface.dir/C_/Workspace/Pico/pico-sdk/lib/lwip/src/core/ipv4/dhcp.c.obj
 .text.dhcp_discover
                0x1000df64      0x140 CMakeFiles/buttonInterface.dir/C_/Workspace/Pico/pico-sdk/lib/lwip/src/core/ipv4/dhcp.c.obj
 .text.dhcp_select.isra.0
                0x1000e0a4      0x1e0 CMakeFiles/buttonInterface.dir/C_/Workspace/Pico/pico-sdk/lib/lwip/src/core/ipv4/dhcp.c.obj
 .text.dhcp_recv
                0x1000e284      0x480 CMakeFiles/buttonInterface.dir/C_/Workspace/Pico/pico-sdk/lib/lwip/src/core/ipv4/dhcp.c.obj
 .text.dhcp_set_struct
                0x1000e704       0x44 CMakeFiles/buttonInterface.dir/C_/Workspace/Pico/pico-sdk/lib/lwip/src/core/ipv4/dhcp.c.obj
                0x1000e704                dhcp_set_struct
 .text.dhcp_network_changed_link_up
                0x1000e748       0x40 CMakeFiles/buttonInterface.dir/C_/Workspace/Pico/pico-sdk/lib/lwip/src/core/ipv4/dhcp.c.obj
                0x1000e748                dhcp_network_changed_link_up
 .text.dhcp_renew
                0x1000e788      0x138 CMakeFiles/buttonInterface.dir/C_/Workspace/Pico/pico-sdk/lib/lwip/src/core/ipv4/dhcp.c.obj
                0x1000e788                dhcp_renew
 .text.dhcp_release_and_stop
                0x1000e8c0      0x158 CMakeFiles/buttonInterface.dir/C_/Workspace/Pico/pico-sdk/lib/lwip/src/core/ipv4/dhcp.c.obj
                0x1000e8c0                dhcp_release_and_stop
 .text.dhcp_start
                0x1000ea18       0xb0 CMakeFiles/buttonInterface.dir/C_/Workspace/Pico/pico-sdk/lib/lwip/src/core/ipv4/dhcp.c.obj
                0x1000ea18                dhcp_start
 .text.dhcp_coarse_tmr
                0x1000eac8      0x1d4 CMakeFiles/buttonInterface.dir/C_/Workspace/Pico/pico-sdk/lib/lwip/src/core/ipv4/dhcp.c.obj
                0x1000eac8                dhcp_coarse_tmr
 .text.dhcp_fine_tmr
                0x1000ec9c       0x78 CMakeFiles/buttonInterface.dir/C_/Workspace/Pico/pico-sdk/lib/lwip/src/core/ipv4/dhcp.c.obj
                0x1000ec9c                dhcp_fine_tmr
 .text.dhcp_stop
                0x1000ed14      0x158 CMakeFiles/buttonInterface.dir/C_/Workspace/Pico/pico-sdk/lib/lwip/src/core/ipv4/dhcp.c.obj
                0x1000ed14                dhcp_stop
 .text.etharp_find_entry
                0x1000ee6c      0x3f4 CMakeFiles/buttonInterface.dir/C_/Workspace/Pico/pico-sdk/lib/lwip/src/core/ipv4/etharp.c.obj
 .text.etharp_raw
                0x1000f260       0xec CMakeFiles/buttonInterface.dir/C_/Workspace/Pico/pico-sdk/lib/lwip/src/core/ipv4/etharp.c.obj
 .text.etharp_output_to_arp_index
                0x1000f34c       0xe4 CMakeFiles/buttonInterface.dir/C_/Workspace/Pico/pico-sdk/lib/lwip/src/core/ipv4/etharp.c.obj
 .text.etharp_tmr
                0x1000f430       0x94 CMakeFiles/buttonInterface.dir/C_/Workspace/Pico/pico-sdk/lib/lwip/src/core/ipv4/etharp.c.obj
                0x1000f430                etharp_tmr
 .text.etharp_cleanup_netif
                0x1000f4c4      0x188 CMakeFiles/buttonInterface.dir/C_/Workspace/Pico/pico-sdk/lib/lwip/src/core/ipv4/etharp.c.obj
                0x1000f4c4                etharp_cleanup_netif
 .text.etharp_input
                0x1000f64c      0x1b8 CMakeFiles/buttonInterface.dir/C_/Workspace/Pico/pico-sdk/lib/lwip/src/core/ipv4/etharp.c.obj
                0x1000f64c                etharp_input
 .text.etharp_query
                0x1000f804      0x1b8 CMakeFiles/buttonInterface.dir/C_/Workspace/Pico/pico-sdk/lib/lwip/src/core/ipv4/etharp.c.obj
                0x1000f804                etharp_query
 .text.etharp_output
                0x1000f9bc      0x24c CMakeFiles/buttonInterface.dir/C_/Workspace/Pico/pico-sdk/lib/lwip/src/core/ipv4/etharp.c.obj
                0x1000f9bc                etharp_output
 .text.etharp_request
                0x1000fc08       0x2c CMakeFiles/buttonInterface.dir/C_/Workspace/Pico/pico-sdk/lib/lwip/src/core/ipv4/etharp.c.obj
                0x1000fc08                etharp_request
 .text.icmp_input
                0x1000fc34      0x1ec CMakeFiles/buttonInterface.dir/C_/Workspace/Pico/pico-sdk/lib/lwip/src/core/ipv4/icmp.c.obj
                0x1000fc34                icmp_input
 .text.icmp_dest_unreach
                0x1000fe20       0xcc CMakeFiles/buttonInterface.dir/C_/Workspace/Pico/pico-sdk/lib/lwip/src/core/ipv4/icmp.c.obj
                0x1000fe20                icmp_dest_unreach
 .text.icmp_time_exceeded
                0x1000feec       0xcc CMakeFiles/buttonInterface.dir/C_/Workspace/Pico/pico-sdk/lib/lwip/src/core/ipv4/icmp.c.obj
                0x1000feec                icmp_time_exceeded
 .text.ip_reass_free_complete_datagram
                0x1000ffb8      0x11c CMakeFiles/buttonInterface.dir/C_/Workspace/Pico/pico-sdk/lib/lwip/src/core/ipv4/ip4_frag.c.obj
 .text.ip_reass_remove_oldest_datagram
                0x100100d4       0xd8 CMakeFiles/buttonInterface.dir/C_/Workspace/Pico/pico-sdk/lib/lwip/src/core/ipv4/ip4_frag.c.obj
 .text.ip_reass_tmr
                0x100101ac       0x38 CMakeFiles/buttonInterface.dir/C_/Workspace/Pico/pico-sdk/lib/lwip/src/core/ipv4/ip4_frag.c.obj
                0x100101ac                ip_reass_tmr
 .text.ip4_reass
                0x100101e4      0x538 CMakeFiles/buttonInterface.dir/C_/Workspace/Pico/pico-sdk/lib/lwip/src/core/ipv4/ip4_frag.c.obj
                0x100101e4                ip4_reass
 .text.ip4_frag
                0x1001071c      0x184 CMakeFiles/buttonInterface.dir/C_/Workspace/Pico/pico-sdk/lib/lwip/src/core/ipv4/ip4_frag.c.obj
                0x1001071c                ip4_frag
 .text.ip4_route
                0x100108a0       0x7c CMakeFiles/buttonInterface.dir/C_/Workspace/Pico/pico-sdk/lib/lwip/src/core/ipv4/ip4.c.obj
                0x100108a0                ip4_route
 .text.ip4_input
                0x1001091c      0x300 CMakeFiles/buttonInterface.dir/C_/Workspace/Pico/pico-sdk/lib/lwip/src/core/ipv4/ip4.c.obj
                0x1001091c                ip4_input
 .text.ip4_output_if
                0x10010c1c      0x188 CMakeFiles/buttonInterface.dir/C_/Workspace/Pico/pico-sdk/lib/lwip/src/core/ipv4/ip4.c.obj
                0x10010c1c                ip4_output_if
 .text.ip4_output_if_src
                0x10010da4      0x180 CMakeFiles/buttonInterface.dir/C_/Workspace/Pico/pico-sdk/lib/lwip/src/core/ipv4/ip4.c.obj
                0x10010da4                ip4_output_if_src
 .text.ip4_addr_isbroadcast_u32
                0x10010f24       0x3c CMakeFiles/buttonInterface.dir/C_/Workspace/Pico/pico-sdk/lib/lwip/src/core/ipv4/ip4_addr.c.obj
                0x10010f24                ip4_addr_isbroadcast_u32
 .text.ip4addr_ntoa
                0x10010f60       0xec CMakeFiles/buttonInterface.dir/C_/Workspace/Pico/pico-sdk/lib/lwip/src/core/ipv4/ip4_addr.c.obj
                0x10010f60                ip4addr_ntoa
 .text.ethernet_input
                0x1001104c       0xd0 CMakeFiles/buttonInterface.dir/C_/Workspace/Pico/pico-sdk/lib/lwip/src/netif/ethernet.c.obj
                0x1001104c                ethernet_input
 .text.ethernet_output
                0x1001111c       0x6c CMakeFiles/buttonInterface.dir/C_/Workspace/Pico/pico-sdk/lib/lwip/src/netif/ethernet.c.obj
                0x1001111c                ethernet_output
 .text.cyw43_arch_wifi_connect_bssid_until.part.0
                0x10011188       0xd8 CMakeFiles/buttonInterface.dir/C_/Workspace/Pico/pico-sdk/src/rp2_common/pico_cyw43_arch/cyw43_arch.c.obj
 .text.cyw43_arch_set_async_context
                0x10011260        0xc CMakeFiles/buttonInterface.dir/C_/Workspace/Pico/pico-sdk/src/rp2_common/pico_cyw43_arch/cyw43_arch.c.obj
                0x10011260                cyw43_arch_set_async_context
 .text.cyw43_arch_enable_sta_mode
                0x1001126c       0x1c CMakeFiles/buttonInterface.dir/C_/Workspace/Pico/pico-sdk/src/rp2_common/pico_cyw43_arch/cyw43_arch.c.obj
                0x1001126c                cyw43_arch_enable_sta_mode
 .text.cyw43_arch_wifi_connect_timeout_ms
                0x10011288       0xa0 CMakeFiles/buttonInterface.dir/C_/Workspace/Pico/pico-sdk/src/rp2_common/pico_cyw43_arch/cyw43_arch.c.obj
                0x10011288                cyw43_arch_wifi_connect_timeout_ms
 .text.cyw43_arch_init_with_country
                0x10011328       0x10 CMakeFiles/buttonInterface.dir/C_/Workspace/Pico/pico-sdk/src/rp2_common/pico_cyw43_arch/cyw43_arch.c.obj
                0x10011328                cyw43_arch_init_with_country
 .text.cyw43_arch_gpio_put
                0x10011338       0x14 CMakeFiles/buttonInterface.dir/C_/Workspace/Pico/pico-sdk/src/rp2_common/pico_cyw43_arch/cyw43_arch.c.obj
                0x10011338                cyw43_arch_gpio_put
 .text.cyw43_arch_async_context
                0x1001134c        0xc CMakeFiles/buttonInterface.dir/C_/Workspace/Pico/pico-sdk/src/rp2_common/pico_cyw43_arch/cyw43_arch.c.obj
                0x1001134c                cyw43_arch_async_context
 .text.cyw43_arch_init
                0x10011358       0x74 CMakeFiles/buttonInterface.dir/C_/Workspace/Pico/pico-sdk/src/rp2_common/pico_cyw43_arch/cyw43_arch_threadsafe_background.c.obj
                0x10011358                cyw43_arch_init
 .text.ns_delay.constprop.0
                0x100113cc       0x20 CMakeFiles/buttonInterface.dir/C_/Workspace/Pico/pico-sdk/src/rp2_common/pico_cyw43_driver/cyw43_bus_pio_spi.c.obj
 .text.cyw43_spi_init
                0x100113ec      0x1b4 CMakeFiles/buttonInterface.dir/C_/Workspace/Pico/pico-sdk/src/rp2_common/pico_cyw43_driver/cyw43_bus_pio_spi.c.obj
                0x100113ec                cyw43_spi_init
 .text.cyw43_spi_deinit
                0x100115a0       0x6c CMakeFiles/buttonInterface.dir/C_/Workspace/Pico/pico-sdk/src/rp2_common/pico_cyw43_driver/cyw43_bus_pio_spi.c.obj
                0x100115a0                cyw43_spi_deinit
 .text.cyw43_spi_transfer
                0x1001160c      0x3dc CMakeFiles/buttonInterface.dir/C_/Workspace/Pico/pico-sdk/src/rp2_common/pico_cyw43_driver/cyw43_bus_pio_spi.c.obj
                0x1001160c                cyw43_spi_transfer
 .text.cyw43_spi_gpio_setup
                0x100119e8       0x3c CMakeFiles/buttonInterface.dir/C_/Workspace/Pico/pico-sdk/src/rp2_common/pico_cyw43_driver/cyw43_bus_pio_spi.c.obj
                0x100119e8                cyw43_spi_gpio_setup
 .text.cyw43_spi_reset
                0x10011a24       0x28 CMakeFiles/buttonInterface.dir/C_/Workspace/Pico/pico-sdk/src/rp2_common/pico_cyw43_driver/cyw43_bus_pio_spi.c.obj
                0x10011a24                cyw43_spi_reset
 .text.read_reg_u32_swap
                0x10011a4c       0x3c CMakeFiles/buttonInterface.dir/C_/Workspace/Pico/pico-sdk/src/rp2_common/pico_cyw43_driver/cyw43_bus_pio_spi.c.obj
                0x10011a4c                read_reg_u32_swap
 .text.cyw43_read_reg_u32
                0x10011a88       0x50 CMakeFiles/buttonInterface.dir/C_/Workspace/Pico/pico-sdk/src/rp2_common/pico_cyw43_driver/cyw43_bus_pio_spi.c.obj
                0x10011a88                cyw43_read_reg_u32
 .text.cyw43_read_reg_u16
                0x10011ad8       0x50 CMakeFiles/buttonInterface.dir/C_/Workspace/Pico/pico-sdk/src/rp2_common/pico_cyw43_driver/cyw43_bus_pio_spi.c.obj
                0x10011ad8                cyw43_read_reg_u16
 .text.cyw43_read_reg_u8
                0x10011b28       0x50 CMakeFiles/buttonInterface.dir/C_/Workspace/Pico/pico-sdk/src/rp2_common/pico_cyw43_driver/cyw43_bus_pio_spi.c.obj
                0x10011b28                cyw43_read_reg_u8
 .text.write_reg_u32_swap
                0x10011b78      0x1e8 CMakeFiles/buttonInterface.dir/C_/Workspace/Pico/pico-sdk/src/rp2_common/pico_cyw43_driver/cyw43_bus_pio_spi.c.obj
                0x10011b78                write_reg_u32_swap
 .text.cyw43_write_reg_u32
                0x10011d60      0x208 CMakeFiles/buttonInterface.dir/C_/Workspace/Pico/pico-sdk/src/rp2_common/pico_cyw43_driver/cyw43_bus_pio_spi.c.obj
                0x10011d60                cyw43_write_reg_u32
 .text.cyw43_write_reg_u16
                0x10011f68      0x208 CMakeFiles/buttonInterface.dir/C_/Workspace/Pico/pico-sdk/src/rp2_common/pico_cyw43_driver/cyw43_bus_pio_spi.c.obj
                0x10011f68                cyw43_write_reg_u16
 .text.cyw43_write_reg_u8
                0x10012170      0x208 CMakeFiles/buttonInterface.dir/C_/Workspace/Pico/pico-sdk/src/rp2_common/pico_cyw43_driver/cyw43_bus_pio_spi.c.obj
                0x10012170                cyw43_write_reg_u8
 .text.cyw43_read_bytes
                0x10012378       0x7c CMakeFiles/buttonInterface.dir/C_/Workspace/Pico/pico-sdk/src/rp2_common/pico_cyw43_driver/cyw43_bus_pio_spi.c.obj
                0x10012378                cyw43_read_bytes
 .text.cyw43_write_bytes
                0x100123f4       0xcc CMakeFiles/buttonInterface.dir/C_/Workspace/Pico/pico-sdk/src/rp2_common/pico_cyw43_driver/cyw43_bus_pio_spi.c.obj
                0x100123f4                cyw43_write_bytes
 .text.cyw43_set_backplane_window
                0x100124c0       0x68 CMakeFiles/buttonInterface.dir/C_/Workspace/Pico/pico-sdk/lib/cyw43-driver/src/cyw43_ll.c.obj
 .text.cyw43_ll_parse_async_event
                0x10012528      0x134 CMakeFiles/buttonInterface.dir/C_/Workspace/Pico/pico-sdk/lib/cyw43-driver/src/cyw43_ll.c.obj
 .text.cyw43_kso_set
                0x1001265c       0x80 CMakeFiles/buttonInterface.dir/C_/Workspace/Pico/pico-sdk/lib/cyw43-driver/src/cyw43_ll.c.obj
 .text.cyw43_ll_sdpcm_poll_device
                0x100126dc      0x240 CMakeFiles/buttonInterface.dir/C_/Workspace/Pico/pico-sdk/lib/cyw43-driver/src/cyw43_ll.c.obj
 .text.cyw43_sdpcm_send_common
                0x1001291c       0xf4 CMakeFiles/buttonInterface.dir/C_/Workspace/Pico/pico-sdk/lib/cyw43-driver/src/cyw43_ll.c.obj
 .text.cyw43_do_ioctl
                0x10012a10      0x110 CMakeFiles/buttonInterface.dir/C_/Workspace/Pico/pico-sdk/lib/cyw43-driver/src/cyw43_ll.c.obj
 .text.cyw43_do_ioctl.constprop.0
                0x10012b20      0x108 CMakeFiles/buttonInterface.dir/C_/Workspace/Pico/pico-sdk/lib/cyw43-driver/src/cyw43_ll.c.obj
 .text.reset_device_core.constprop.0
                0x10012c28      0x410 CMakeFiles/buttonInterface.dir/C_/Workspace/Pico/pico-sdk/lib/cyw43-driver/src/cyw43_ll.c.obj
 .text.cyw43_ll_init
                0x10013038       0x18 CMakeFiles/buttonInterface.dir/C_/Workspace/Pico/pico-sdk/lib/cyw43-driver/src/cyw43_ll.c.obj
                0x10013038                cyw43_ll_init
 .text.cyw43_ll_deinit
                0x10013050        0x8 CMakeFiles/buttonInterface.dir/C_/Workspace/Pico/pico-sdk/lib/cyw43-driver/src/cyw43_ll.c.obj
                0x10013050                cyw43_ll_deinit
 .text.cyw43_ll_send_ethernet
                0x10013058       0x60 CMakeFiles/buttonInterface.dir/C_/Workspace/Pico/pico-sdk/lib/cyw43-driver/src/cyw43_ll.c.obj
                0x10013058                cyw43_ll_send_ethernet
 .text.cyw43_ll_process_packets
                0x100130b8       0x68 CMakeFiles/buttonInterface.dir/C_/Workspace/Pico/pico-sdk/lib/cyw43-driver/src/cyw43_ll.c.obj
                0x100130b8                cyw43_ll_process_packets
 .text.cyw43_ll_ioctl
                0x10013120       0x20 CMakeFiles/buttonInterface.dir/C_/Workspace/Pico/pico-sdk/lib/cyw43-driver/src/cyw43_ll.c.obj
                0x10013120                cyw43_ll_ioctl
 .text.cyw43_ll_bus_sleep
                0x10013140       0x34 CMakeFiles/buttonInterface.dir/C_/Workspace/Pico/pico-sdk/lib/cyw43-driver/src/cyw43_ll.c.obj
                0x10013140                cyw43_ll_bus_sleep
 .text.cyw43_ll_bus_init
                0x10013174      0xcb8 CMakeFiles/buttonInterface.dir/C_/Workspace/Pico/pico-sdk/lib/cyw43-driver/src/cyw43_ll.c.obj
                0x10013174                cyw43_ll_bus_init
 .text.cyw43_ll_wifi_on
                0x10013e2c      0x238 CMakeFiles/buttonInterface.dir/C_/Workspace/Pico/pico-sdk/lib/cyw43-driver/src/cyw43_ll.c.obj
                0x10013e2c                cyw43_ll_wifi_on
 .text.cyw43_ll_wifi_get_mac
                0x10014064       0x40 CMakeFiles/buttonInterface.dir/C_/Workspace/Pico/pico-sdk/lib/cyw43-driver/src/cyw43_ll.c.obj
                0x10014064                cyw43_ll_wifi_get_mac
 .text.cyw43_ll_wifi_pm
                0x100140a4      0x19c CMakeFiles/buttonInterface.dir/C_/Workspace/Pico/pico-sdk/lib/cyw43-driver/src/cyw43_ll.c.obj
                0x100140a4                cyw43_ll_wifi_pm
 .text.cyw43_ll_wifi_join
                0x10014240      0x2ec CMakeFiles/buttonInterface.dir/C_/Workspace/Pico/pico-sdk/lib/cyw43-driver/src/cyw43_ll.c.obj
                0x10014240                cyw43_ll_wifi_join
 .text.cyw43_ll_wifi_set_wpa_auth