Archive member included to satisfy reference by file (symbol)

c:/progra~2/armgnu~1/12dbab~1.2re/bin/../lib/gcc/arm-none-eabi/12.2.1/thumb/v6-m/nofp\libgcc.a(_dvmd_tls.o)
                              CMakeFiles/customBlink.dir/C_/Workspace/Pico/pico-sdk/src/rp2_common/pico_divider/divider.S.obj (__aeabi_idiv0)
c:/progra~2/armgnu~1/12dbab~1.2re/bin/../lib/gcc/arm-none-eabi/12.2.1/thumb/v6-m/nofp\libc.a(libc_a-calloc.o)
                              CMakeFiles/customBlink.dir/C_/Workspace/Pico/pico-sdk/src/rp2_common/pico_malloc/pico_malloc.c.obj (calloc)
c:/progra~2/armgnu~1/12dbab~1.2re/bin/../lib/gcc/arm-none-eabi/12.2.1/thumb/v6-m/nofp\libc.a(libc_a-callocr.o)
                              c:/progra~2/armgnu~1/12dbab~1.2re/bin/../lib/gcc/arm-none-eabi/12.2.1/thumb/v6-m/nofp\libc.a(libc_a-calloc.o) (_calloc_r)
c:/progra~2/armgnu~1/12dbab~1.2re/bin/../lib/gcc/arm-none-eabi/12.2.1/thumb/v6-m/nofp\libc.a(libc_a-malloc.o)
                              CMakeFiles/customBlink.dir/C_/Workspace/Pico/pico-sdk/src/rp2_common/pico_malloc/pico_malloc.c.obj (malloc)
c:/progra~2/armgnu~1/12dbab~1.2re/bin/../lib/gcc/arm-none-eabi/12.2.1/thumb/v6-m/nofp\libc.a(libc_a-mallocr.o)
                              c:/progra~2/armgnu~1/12dbab~1.2re/bin/../lib/gcc/arm-none-eabi/12.2.1/thumb/v6-m/nofp\libc.a(libc_a-callocr.o) (_malloc_r)
c:/progra~2/armgnu~1/12dbab~1.2re/bin/../lib/gcc/arm-none-eabi/12.2.1/thumb/v6-m/nofp\libc.a(libc_a-mlock.o)
                              c:/progra~2/armgnu~1/12dbab~1.2re/bin/../lib/gcc/arm-none-eabi/12.2.1/thumb/v6-m/nofp\libc.a(libc_a-mallocr.o) (__malloc_lock)
c:/progra~2/armgnu~1/12dbab~1.2re/bin/../lib/gcc/arm-none-eabi/12.2.1/thumb/v6-m/nofp\libc.a(libc_a-realloc.o)
                              CMakeFiles/customBlink.dir/C_/Workspace/Pico/pico-sdk/src/rp2_common/pico_malloc/pico_malloc.c.obj (realloc)
c:/progra~2/armgnu~1/12dbab~1.2re/bin/../lib/gcc/arm-none-eabi/12.2.1/thumb/v6-m/nofp\libc.a(libc_a-reallocr.o)
                              c:/progra~2/armgnu~1/12dbab~1.2re/bin/../lib/gcc/arm-none-eabi/12.2.1/thumb/v6-m/nofp\libc.a(libc_a-realloc.o) (_realloc_r)
c:/progra~2/armgnu~1/12dbab~1.2re/bin/../lib/gcc/arm-none-eabi/12.2.1/thumb/v6-m/nofp\libc.a(libc_a-memcmp.o)
                              CMakeFiles/customBlink.dir/C_/Workspace/Pico/pico-sdk/lib/cyw43-driver/src/cyw43_ll.c.obj (memcmp)
c:/progra~2/armgnu~1/12dbab~1.2re/bin/../lib/gcc/arm-none-eabi/12.2.1/thumb/v6-m/nofp\libc.a(libc_a-memmove.o)
                              CMakeFiles/customBlink.dir/C_/Workspace/Pico/pico-sdk/lib/cyw43-driver/src/cyw43_ll.c.obj (memmove)
c:/progra~2/armgnu~1/12dbab~1.2re/bin/../lib/gcc/arm-none-eabi/12.2.1/thumb/v6-m/nofp\libc.a(libc_a-strncmp.o)
                              CMakeFiles/customBlink.dir/C_/Workspace/Pico/pico-sdk/lib/cyw43-driver/src/cyw43_ll.c.obj (strncmp)
c:/progra~2/armgnu~1/12dbab~1.2re/bin/../lib/gcc/arm-none-eabi/12.2.1/thumb/v6-m/nofp\libc.a(libc_a-impure.o)
                              c:/progra~2/armgnu~1/12dbab~1.2re/bin/../lib/gcc/arm-none-eabi/12.2.1/thumb/v6-m/nofp\libc.a(libc_a-calloc.o) (_impure_ptr)
c:/progra~2/armgnu~1/12dbab~1.2re/bin/../lib/gcc/arm-none-eabi/12.2.1/thumb/v6-m/nofp\libc.a(libc_a-sbrkr.o)
                              c:/progra~2/armgnu~1/12dbab~1.2re/bin/../lib/gcc/arm-none-eabi/12.2.1/thumb/v6-m/nofp\libc.a(libc_a-mallocr.o) (_sbrk_r)
c:/progra~2/armgnu~1/12dbab~1.2re/bin/../lib/gcc/arm-none-eabi/12.2.1/thumb/v6-m/nofp\libc.a(libc_a-errno.o)
                              c:/progra~2/armgnu~1/12dbab~1.2re/bin/../lib/gcc/arm-none-eabi/12.2.1/thumb/v6-m/nofp\libc.a(libc_a-callocr.o) (__errno)
c:/progra~2/armgnu~1/12dbab~1.2re/bin/../lib/gcc/arm-none-eabi/12.2.1/thumb/v6-m/nofp\libc.a(libc_a-init.o)
                              c:/progra~2/armgnu~1/12dbab~1.2re/bin/../lib/gcc/arm-none-eabi/12.2.1/thumb/v6-m/nofp/crt0.o (__libc_init_array)
c:/progra~2/armgnu~1/12dbab~1.2re/bin/../lib/gcc/arm-none-eabi/12.2.1/thumb/v6-m/nofp\libc.a(libc_a-lock.o)
                              c:/progra~2/armgnu~1/12dbab~1.2re/bin/../lib/gcc/arm-none-eabi/12.2.1/thumb/v6-m/nofp\libc.a(libc_a-mlock.o) (__retarget_lock_acquire_recursive)
c:/progra~2/armgnu~1/12dbab~1.2re/bin/../lib/gcc/arm-none-eabi/12.2.1/thumb/v6-m/nofp\libc.a(libc_a-sysconf.o)
                              c:/progra~2/armgnu~1/12dbab~1.2re/bin/../lib/gcc/arm-none-eabi/12.2.1/thumb/v6-m/nofp\libc.a(libc_a-mallocr.o) (sysconf)
c:/progra~2/armgnu~1/12dbab~1.2re/bin/../lib/gcc/arm-none-eabi/12.2.1/thumb/v6-m/nofp\libc.a(libc_a-strlen-stub.o)
                              CMakeFiles/customBlink.dir/C_/Workspace/Pico/pico-sdk/src/rp2_common/pico_stdio/stdio.c.obj (strlen)
c:/progra~2/armgnu~1/12dbab~1.2re/bin/../lib/gcc/arm-none-eabi/12.2.1/thumb/v6-m/nofp\libc.a(libc_a-freer.o)
                              c:/progra~2/armgnu~1/12dbab~1.2re/bin/../lib/gcc/arm-none-eabi/12.2.1/thumb/v6-m/nofp\libc.a(libc_a-malloc.o) (_free_r)
[...]
Memory Configuration

Name             Origin             Length             Attributes
FLASH            0x10000000         0x00200000         xr
RAM              0x20000000         0x00040000         xrw
SCRATCH_X        0x20040000         0x00001000         xrw
SCRATCH_Y        0x20041000         0x00001000         xrw
*default*        0x00000000         0xffffffff

Linker script and memory map

LOAD c:/progra~2/armgnu~1/12dbab~1.2re/bin/../lib/gcc/arm-none-eabi/12.2.1/thumb/v6-m/nofp/crti.o
LOAD c:/progra~2/armgnu~1/12dbab~1.2re/bin/../lib/gcc/arm-none-eabi/12.2.1/thumb/v6-m/nofp/crtbegin.o
LOAD c:/progra~2/armgnu~1/12dbab~1.2re/bin/../lib/gcc/arm-none-eabi/12.2.1/thumb/v6-m/nofp/crt0.o

.flash_begin    0x10000000        0x0
                0x10000000                __flash_binary_start = .

.boot2          0x10000000      0x100
                0x10000000                __boot2_start__ = .
 *(.boot2)
 .boot2         0x10000000      0x100 C:\Users\JACOBA~1\AppData\Local\Temp\ccWOkiz7.o
                0x10000100                __boot2_end__ = .
                0x00000001                ASSERT (((__boot2_end__ - __boot2_start__) == 0x100), ERROR: Pico second stage bootloader must be 256 bytes in size)

.text           0x10000100     0xa200
                0x10000100                __logical_binary_start = .
 *(.vectors)
 .vectors       0x10000100       0xd4 CMakeFiles/customBlink.dir/C_/Workspace/Pico/pico-sdk/src/rp2_common/pico_standard_link/crt0.S.obj
                0x10000100                __VECTOR_TABLE
                0x10000100                __vectors
                0x100001c0                isr_invalid
                0x100001c0                __default_isrs_start
                0x100001c2                isr_nmi
                0x100001c4                isr_hardfault
                0x100001c6                isr_svcall
                0x100001c8                isr_pendsv
                0x100001ca                isr_systick
                0x100001cc                isr_irq23
                0x100001cc                isr_irq18
                0x100001cc                isr_irq11
                0x100001cc                isr_irq28
                0x100001cc                isr_irq19
                0x100001cc                isr_irq0
                0x100001cc                isr_irq6
                0x100001cc                isr_irq5
                0x100001cc                isr_irq12
                0x100001cc                isr_irq22
                0x100001cc                isr_irq31
                0x100001cc                isr_irq17
                0x100001cc                isr_irq27
                0x100001cc                isr_irq30
                0x100001cc                isr_irq2
                0x100001cc                isr_irq10
                0x100001cc                isr_irq8
                0x100001cc                isr_irq24
                0x100001cc                isr_irq1
                0x100001cc                isr_irq7
                0x100001cc                isr_irq21
                0x100001cc                isr_irq20
                0x100001cc                isr_irq15
                0x100001cc                isr_irq25
                0x100001cc                isr_irq13
                0x100001cc                __unhandled_user_irq
                0x100001cc                isr_irq4
                0x100001cc                isr_irq16
                0x100001cc                isr_irq29
                0x100001cc                isr_irq26
                0x100001cc                __default_isrs_end
                0x100001cc                isr_irq3
                0x100001cc                isr_irq14
                0x100001cc                isr_irq9
                0x100001d2                unhandled_user_irq_num_in_r0
 *(.binary_info_header)
 .binary_info_header
                0x100001d4       0x14 CMakeFiles/customBlink.dir/C_/Workspace/Pico/pico-sdk/src/rp2_common/pico_standard_link/crt0.S.obj
                0x100001e8                __binary_info_header_end = .
 *(.reset)
 .reset         0x100001e8       0xa0 CMakeFiles/customBlink.dir/C_/Workspace/Pico/pico-sdk/src/rp2_common/pico_standard_link/crt0.S.obj
                0x100001e8                _entry_point
 .reset         0x10000288       0x30 CMakeFiles/customBlink.dir/C_/Workspace/Pico/pico-sdk/src/rp2_common/pico_standard_link/binary_info.c.obj
 *(.init)
 .init          0x100002b8        0x4 c:/progra~2/armgnu~1/12dbab~1.2re/bin/../lib/gcc/arm-none-eabi/12.2.1/thumb/v6-m/nofp/crti.o
                0x100002b8                _init
 *(EXCLUDE_FILE(*libm.a: *libc.a:*lib_a-mem*.o *libgcc.a:) .text*)
 .text.register_tm_clones
                0x100002bc       0x28 c:/progra~2/armgnu~1/12dbab~1.2re/bin/../lib/gcc/arm-none-eabi/12.2.1/thumb/v6-m/nofp/crtbegin.o
 .text.frame_dummy
                0x100002e4       0x24 c:/progra~2/armgnu~1/12dbab~1.2re/bin/../lib/gcc/arm-none-eabi/12.2.1/thumb/v6-m/nofp/crtbegin.o
 .text.startup.main
                0x10000308       0x54 CMakeFiles/customBlink.dir/customBlink.c.obj
                0x10000308                main
 .text.gpio_set_function
                0x1000035c       0x30 CMakeFiles/customBlink.dir/C_/Workspace/Pico/pico-sdk/src/rp2_common/hardware_gpio/gpio.c.obj
                0x1000035c                gpio_set_function
 .text.gpio_set_pulls
                0x1000038c       0x24 CMakeFiles/customBlink.dir/C_/Workspace/Pico/pico-sdk/src/rp2_common/hardware_gpio/gpio.c.obj
                0x1000038c                gpio_set_pulls
 .text.gpio_set_input_hysteresis_enabled
                0x100003b0       0x28 CMakeFiles/customBlink.dir/C_/Workspace/Pico/pico-sdk/src/rp2_common/hardware_gpio/gpio.c.obj
                0x100003b0                gpio_set_input_hysteresis_enabled
 .text.gpio_set_irq_enabled
                0x100003d8       0x54 CMakeFiles/customBlink.dir/C_/Workspace/Pico/pico-sdk/src/rp2_common/hardware_gpio/gpio.c.obj
                0x100003d8                gpio_set_irq_enabled
 .text.gpio_add_raw_irq_handler_with_order_priority_masked
                0x1000042c       0x44 CMakeFiles/customBlink.dir/C_/Workspace/Pico/pico-sdk/src/rp2_common/hardware_gpio/gpio.c.obj
                0x1000042c                gpio_add_raw_irq_handler_with_order_priority_masked
 .text.gpio_remove_raw_irq_handler_masked
                0x10000470       0x20 CMakeFiles/customBlink.dir/C_/Workspace/Pico/pico-sdk/src/rp2_common/hardware_gpio/gpio.c.obj
                0x10000470                gpio_remove_raw_irq_handler_masked
 .text.gpio_init
                0x10000490       0x3c CMakeFiles/customBlink.dir/C_/Workspace/Pico/pico-sdk/src/rp2_common/hardware_gpio/gpio.c.obj
                0x10000490                gpio_init
 .text.running_on_fpga
                0x100004cc       0x10 CMakeFiles/customBlink.dir/C_/Workspace/Pico/pico-sdk/src/rp2_common/pico_platform/platform.c.obj
                0x100004cc                running_on_fpga
 .text.hw_claim_lock
                0x100004dc       0x18 CMakeFiles/customBlink.dir/C_/Workspace/Pico/pico-sdk/src/rp2_common/hardware_claim/claim.c.obj
                0x100004dc                hw_claim_lock
 .text.hw_claim_unlock
                0x100004f4       0x14 CMakeFiles/customBlink.dir/C_/Workspace/Pico/pico-sdk/src/rp2_common/hardware_claim/claim.c.obj
                0x100004f4                hw_claim_unlock
 .text.hw_claim_or_assert
                0x10000508       0x44 CMakeFiles/customBlink.dir/C_/Workspace/Pico/pico-sdk/src/rp2_common/hardware_claim/claim.c.obj
                0x10000508                hw_claim_or_assert
 .text.hw_claim_unused_from_range
                0x1000054c       0x9c CMakeFiles/customBlink.dir/C_/Workspace/Pico/pico-sdk/src/rp2_common/hardware_claim/claim.c.obj
                0x1000054c                hw_claim_unused_from_range
 .text.hw_claim_clear
                0x100005e8       0x38 CMakeFiles/customBlink.dir/C_/Workspace/Pico/pico-sdk/src/rp2_common/hardware_claim/claim.c.obj
                0x100005e8                hw_claim_clear
 .text.spin_locks_reset
                0x10000620       0x1c CMakeFiles/customBlink.dir/C_/Workspace/Pico/pico-sdk/src/rp2_common/hardware_sync/sync.c.obj
                0x10000620                spin_locks_reset
 .text.next_striped_spin_lock_num
                0x1000063c       0x18 CMakeFiles/customBlink.dir/C_/Workspace/Pico/pico-sdk/src/rp2_common/hardware_sync/sync.c.obj
                0x1000063c                next_striped_spin_lock_num
 .text.spin_lock_claim_unused
                0x10000654       0x24 CMakeFiles/customBlink.dir/C_/Workspace/Pico/pico-sdk/src/rp2_common/hardware_sync/sync.c.obj
                0x10000654                spin_lock_claim_unused
 .text.irq_set_enabled
                0x10000678       0x24 CMakeFiles/customBlink.dir/C_/Workspace/Pico/pico-sdk/src/rp2_common/hardware_irq/irq.c.obj
                0x10000678                irq_set_enabled
 .text.irq_set_pending
                0x1000069c       0x10 CMakeFiles/customBlink.dir/C_/Workspace/Pico/pico-sdk/src/rp2_common/hardware_irq/irq.c.obj
                0x1000069c                irq_set_pending
 .text.irq_has_shared_handler
                0x100006ac       0x2c CMakeFiles/customBlink.dir/C_/Workspace/Pico/pico-sdk/src/rp2_common/hardware_irq/irq.c.obj
                0x100006ac                irq_has_shared_handler
 .text.irq_get_vtable_handler
                0x100006d8       0x10 CMakeFiles/customBlink.dir/C_/Workspace/Pico/pico-sdk/src/rp2_common/hardware_irq/irq.c.obj
                0x100006d8                irq_get_vtable_handler
 .text.irq_set_exclusive_handler
                0x100006e8       0x54 CMakeFiles/customBlink.dir/C_/Workspace/Pico/pico-sdk/src/rp2_common/hardware_irq/irq.c.obj
                0x100006e8                irq_set_exclusive_handler
 .text.irq_add_shared_handler
                0x1000073c      0x1f4 CMakeFiles/customBlink.dir/C_/Workspace/Pico/pico-sdk/src/rp2_common/hardware_irq/irq.c.obj
                0x1000073c                irq_add_shared_handler
 .text.irq_remove_handler
                0x10000930      0x1c4 CMakeFiles/customBlink.dir/C_/Workspace/Pico/pico-sdk/src/rp2_common/hardware_irq/irq.c.obj
                0x10000930                irq_remove_handler
 .text.irq_set_priority
                0x10000af4       0x28 CMakeFiles/customBlink.dir/C_/Workspace/Pico/pico-sdk/src/rp2_common/hardware_irq/irq.c.obj
                0x10000af4                irq_set_priority
 .text.irq_add_tail_to_free_list
                0x10000b1c       0xb4 CMakeFiles/customBlink.dir/C_/Workspace/Pico/pico-sdk/src/rp2_common/hardware_irq/irq.c.obj
                0x10000b1c                irq_add_tail_to_free_list
 .text.irq_init_priorities
                0x10000bd0       0x24 CMakeFiles/customBlink.dir/C_/Workspace/Pico/pico-sdk/src/rp2_common/hardware_irq/irq.c.obj
                0x10000bd0                irq_init_priorities
 .text.user_irq_unclaim
                0x10000bf4       0x14 CMakeFiles/customBlink.dir/C_/Workspace/Pico/pico-sdk/src/rp2_common/hardware_irq/irq.c.obj
                0x10000bf4                user_irq_unclaim
 .text.user_irq_claim_unused
                0x10000c08       0x2c CMakeFiles/customBlink.dir/C_/Workspace/Pico/pico-sdk/src/rp2_common/hardware_irq/irq.c.obj
                0x10000c08                user_irq_claim_unused
 .text.sem_init
                0x10000c34       0x20 CMakeFiles/customBlink.dir/C_/Workspace/Pico/pico-sdk/src/common/pico_sync/sem.c.obj
                0x10000c34                sem_init
 .text.lock_init
                0x10000c54       0x10 CMakeFiles/customBlink.dir/C_/Workspace/Pico/pico-sdk/src/common/pico_sync/lock_core.c.obj
                0x10000c54                lock_init
 .text.mutex_init
                0x10000c64       0x1c CMakeFiles/customBlink.dir/C_/Workspace/Pico/pico-sdk/src/common/pico_sync/mutex.c.obj
                0x10000c64                mutex_init
 .text.recursive_mutex_init
                0x10000c80       0x1c CMakeFiles/customBlink.dir/C_/Workspace/Pico/pico-sdk/src/common/pico_sync/mutex.c.obj
                0x10000c80                recursive_mutex_init
 .text.critical_section_init
                0x10000c9c       0x1c CMakeFiles/customBlink.dir/C_/Workspace/Pico/pico-sdk/src/common/pico_sync/critical_section.c.obj
                0x10000c9c                critical_section_init
 .text.critical_section_init_with_lock_num
                0x10000cb8       0x14 CMakeFiles/customBlink.dir/C_/Workspace/Pico/pico-sdk/src/common/pico_sync/critical_section.c.obj
                0x10000cb8                critical_section_init_with_lock_num
 .text.timer_pool_entry_comparator
                0x10000ccc       0x34 CMakeFiles/customBlink.dir/C_/Workspace/Pico/pico-sdk/src/common/pico_time/time.c.obj
                0x10000ccc                timer_pool_entry_comparator
 .text.sleep_until_callback
                0x10000d00       0x30 CMakeFiles/customBlink.dir/C_/Workspace/Pico/pico-sdk/src/common/pico_time/time.c.obj
 .text.add_alarm_under_lock.isra.0
                0x10000d30      0x100 CMakeFiles/customBlink.dir/C_/Workspace/Pico/pico-sdk/src/common/pico_time/time.c.obj
 .text.alarm_pool_alarm_callback
                0x10000e30      0x1bc CMakeFiles/customBlink.dir/C_/Workspace/Pico/pico-sdk/src/common/pico_time/time.c.obj
 .text.alarm_pool_init_default
                0x10000fec       0x6c CMakeFiles/customBlink.dir/C_/Workspace/Pico/pico-sdk/src/common/pico_time/time.c.obj
                0x10000fec                alarm_pool_init_default
 .text.alarm_pool_get_default
                0x10001058        0x8 CMakeFiles/customBlink.dir/C_/Workspace/Pico/pico-sdk/src/common/pico_time/time.c.obj
                0x10001058                alarm_pool_get_default
 .text.alarm_pool_add_alarm_at
                0x10001060      0x188 CMakeFiles/customBlink.dir/C_/Workspace/Pico/pico-sdk/src/common/pico_time/time.c.obj
                0x10001060                alarm_pool_add_alarm_at
 .text.alarm_pool_cancel_alarm
                0x100011e8       0x6c CMakeFiles/customBlink.dir/C_/Workspace/Pico/pico-sdk/src/common/pico_time/time.c.obj
                0x100011e8                alarm_pool_cancel_alarm
 .text.alarm_pool_core_num
                0x10001254        0x4 CMakeFiles/customBlink.dir/C_/Workspace/Pico/pico-sdk/src/common/pico_time/time.c.obj
                0x10001254                alarm_pool_core_num
 .text.sleep_until
                0x10001258       0xc4 CMakeFiles/customBlink.dir/C_/Workspace/Pico/pico-sdk/src/common/pico_time/time.c.obj
                0x10001258                sleep_until
 .text.sleep_ms
                0x1000131c       0x38 CMakeFiles/customBlink.dir/C_/Workspace/Pico/pico-sdk/src/common/pico_time/time.c.obj
                0x1000131c                sleep_ms
 .text.best_effort_wfe_or_timeout
                0x10001354       0x78 CMakeFiles/customBlink.dir/C_/Workspace/Pico/pico-sdk/src/common/pico_time/time.c.obj
                0x10001354                best_effort_wfe_or_timeout
 .text.hardware_alarm_irq_handler
                0x100013cc       0xbc CMakeFiles/customBlink.dir/C_/Workspace/Pico/pico-sdk/src/rp2_common/hardware_timer/timer.c.obj
 .text.hardware_alarm_claim
                0x10001488       0x18 CMakeFiles/customBlink.dir/C_/Workspace/Pico/pico-sdk/src/rp2_common/hardware_timer/timer.c.obj
                0x10001488                hardware_alarm_claim
 .text.time_us_64
                0x100014a0       0x14 CMakeFiles/customBlink.dir/C_/Workspace/Pico/pico-sdk/src/rp2_common/hardware_timer/timer.c.obj
                0x100014a0                time_us_64
 .text.busy_wait_until
                0x100014b4       0x20 CMakeFiles/customBlink.dir/C_/Workspace/Pico/pico-sdk/src/rp2_common/hardware_timer/timer.c.obj
                0x100014b4                busy_wait_until
 .text.hardware_alarm_set_callback
                0x100014d4       0x8c CMakeFiles/customBlink.dir/C_/Workspace/Pico/pico-sdk/src/rp2_common/hardware_timer/timer.c.obj
                0x100014d4                hardware_alarm_set_callback
 .text.hardware_alarm_set_target
                0x10001560       0xdc CMakeFiles/customBlink.dir/C_/Workspace/Pico/pico-sdk/src/rp2_common/hardware_timer/timer.c.obj
                0x10001560                hardware_alarm_set_target
 .text.hardware_alarm_cancel
                0x1000163c       0x3c CMakeFiles/customBlink.dir/C_/Workspace/Pico/pico-sdk/src/rp2_common/hardware_timer/timer.c.obj
                0x1000163c                hardware_alarm_cancel
 .text.ph_merge_nodes
                0x10001678       0x64 CMakeFiles/customBlink.dir/C_/Workspace/Pico/pico-sdk/src/common/pico_util/pheap.c.obj
 .text.ph_post_alloc_init
                0x100016dc       0x3c CMakeFiles/customBlink.dir/C_/Workspace/Pico/pico-sdk/src/common/pico_util/pheap.c.obj
                0x100016dc                ph_post_alloc_init
 .text.ph_merge_two_pass
                0x10001718       0x98 CMakeFiles/customBlink.dir/C_/Workspace/Pico/pico-sdk/src/common/pico_util/pheap.c.obj
                0x10001718                ph_merge_two_pass
 .text.ph_remove_any_head
                0x100017b0      0x100 CMakeFiles/customBlink.dir/C_/Workspace/Pico/pico-sdk/src/common/pico_util/pheap.c.obj
 .text.ph_remove_head
                0x100018b0      0x104 CMakeFiles/customBlink.dir/C_/Workspace/Pico/pico-sdk/src/common/pico_util/pheap.c.obj
                0x100018b0                ph_remove_head
 .text.ph_remove_and_free_node
                0x100019b4       0x78 CMakeFiles/customBlink.dir/C_/Workspace/Pico/pico-sdk/src/common/pico_util/pheap.c.obj
                0x100019b4                ph_remove_and_free_node
 .text.clocks_init
                0x10001a2c      0x2b4 CMakeFiles/customBlink.dir/C_/Workspace/Pico/pico-sdk/src/rp2_common/hardware_clocks/clocks.c.obj
                0x10001a2c                clocks_init
 .text.clock_get_hz
                0x10001ce0        0xc CMakeFiles/customBlink.dir/C_/Workspace/Pico/pico-sdk/src/rp2_common/hardware_clocks/clocks.c.obj
                0x10001ce0                clock_get_hz
 .text.pll_init
                0x10001cec       0xa8 CMakeFiles/customBlink.dir/C_/Workspace/Pico/pico-sdk/src/rp2_common/hardware_pll/pll.c.obj
                0x10001cec                pll_init
 .text.watchdog_start_tick
                0x10001d94       0x10 CMakeFiles/customBlink.dir/C_/Workspace/Pico/pico-sdk/src/rp2_common/hardware_watchdog/watchdog.c.obj
                0x10001d94                watchdog_start_tick
 .text.watchdog_reboot
                0x10001da4       0x9c CMakeFiles/customBlink.dir/C_/Workspace/Pico/pico-sdk/src/rp2_common/hardware_watchdog/watchdog.c.obj
                0x10001da4                watchdog_reboot
 .text.xosc_init
                0x10001e40       0x28 CMakeFiles/customBlink.dir/C_/Workspace/Pico/pico-sdk/src/rp2_common/hardware_xosc/xosc.c.obj
                0x10001e40                xosc_init
 .text.runtime_init
                0x10001e68       0xf0 CMakeFiles/customBlink.dir/C_/Workspace/Pico/pico-sdk/src/rp2_common/pico_runtime/runtime.c.obj
                0x10001e68                runtime_init
 .text._exit    0x10001f58        0x4 CMakeFiles/customBlink.dir/C_/Workspace/Pico/pico-sdk/src/rp2_common/pico_runtime/runtime.c.obj
                0x10001f58                _exit
 .text.exit     0x10001f5c        0x8 CMakeFiles/customBlink.dir/C_/Workspace/Pico/pico-sdk/src/rp2_common/pico_runtime/runtime.c.obj
                0x10001f5c                exit
 .text.panic    0x10001f64       0x30 CMakeFiles/customBlink.dir/C_/Workspace/Pico/pico-sdk/src/rp2_common/pico_runtime/runtime.c.obj
                0x10001f64                panic
 .text.hard_assertion_failure
                0x10001f94        0xc CMakeFiles/customBlink.dir/C_/Workspace/Pico/pico-sdk/src/rp2_common/pico_runtime/runtime.c.obj
                0x10001f94                hard_assertion_failure
 .text._out_null
                0x10001fa0        0x4 CMakeFiles/customBlink.dir/C_/Workspace/Pico/pico-sdk/src/rp2_common/pico_printf/printf.c.obj
 .text._out_rev
                0x10001fa4       0x90 CMakeFiles/customBlink.dir/C_/Workspace/Pico/pico-sdk/src/rp2_common/pico_printf/printf.c.obj
 .text._ntoa_format
                0x10002034      0x1f4 CMakeFiles/customBlink.dir/C_/Workspace/Pico/pico-sdk/src/rp2_common/pico_printf/printf.c.obj
 .text._out_char
                0x10002228       0x10 CMakeFiles/customBlink.dir/C_/Workspace/Pico/pico-sdk/src/rp2_common/pico_printf/printf.c.obj
 .text._out_fct
                0x10002238       0x10 CMakeFiles/customBlink.dir/C_/Workspace/Pico/pico-sdk/src/rp2_common/pico_printf/printf.c.obj
 .text._etoa    0x10002248      0x454 CMakeFiles/customBlink.dir/C_/Workspace/Pico/pico-sdk/src/rp2_common/pico_printf/printf.c.obj
 .text._ftoa    0x1000269c      0x3c4 CMakeFiles/customBlink.dir/C_/Workspace/Pico/pico-sdk/src/rp2_common/pico_printf/printf.c.obj
 .text._vsnprintf
                0x10002a60      0xb24 CMakeFiles/customBlink.dir/C_/Workspace/Pico/pico-sdk/src/rp2_common/pico_printf/printf.c.obj
 .text.vfctprintf
                0x10003584       0x20 CMakeFiles/customBlink.dir/C_/Workspace/Pico/pico-sdk/src/rp2_common/pico_printf/printf.c.obj
                0x10003584                vfctprintf
 .text.weak_raw_vprintf
                0x100035a4       0x30 CMakeFiles/customBlink.dir/C_/Workspace/Pico/pico-sdk/src/rp2_common/pico_printf/printf.c.obj
                0x100035a4                weak_raw_vprintf
 .text          0x100035d4       0x10 CMakeFiles/customBlink.dir/C_/Workspace/Pico/pico-sdk/src/rp2_common/pico_bit_ops/bit_ops_aeabi.S.obj
 .text.ctzsi    0x100035e4        0xc CMakeFiles/customBlink.dir/C_/Workspace/Pico/pico-sdk/src/rp2_common/pico_bit_ops/bit_ops_aeabi.S.obj
                0x100035e4                __wrap___ctzsi2
 .text.rom_func_lookup
                0x100035f0       0x10 CMakeFiles/customBlink.dir/C_/Workspace/Pico/pico-sdk/src/rp2_common/pico_bootrom/bootrom.c.obj
                0x100035f0                rom_func_lookup
 .text.rom_data_lookup
                0x10003600       0x10 CMakeFiles/customBlink.dir/C_/Workspace/Pico/pico-sdk/src/rp2_common/pico_bootrom/bootrom.c.obj
                0x10003600                rom_data_lookup
 .text.rom_funcs_lookup
                0x10003610       0x44 CMakeFiles/customBlink.dir/C_/Workspace/Pico/pico-sdk/src/rp2_common/pico_bootrom/bootrom.c.obj
                0x10003610                rom_funcs_lookup
 .text.__wrap___aeabi_idiv
                0x10003654       0x50 CMakeFiles/customBlink.dir/C_/Workspace/Pico/pico-sdk/src/rp2_common/pico_divider/divider.S.obj
                0x10003654                __wrap___aeabi_idivmod
                0x10003654                divmod_s32s32
                0x10003654                div_s32s32
                0x10003654                __wrap___aeabi_idiv
                0x1000365c                divmod_s32s32_unsafe
                0x10003688                divmod_s32s32_savestate
 .text.__wrap___aeabi_uidiv
                0x100036a4       0x4c CMakeFiles/customBlink.dir/C_/Workspace/Pico/pico-sdk/src/rp2_common/pico_divider/divider.S.obj
                0x100036a4                __wrap___aeabi_uidiv
                0x100036a4                __wrap___aeabi_uidivmod
                0x100036a4                div_u32u32
                0x100036a4                divmod_u32u32
                0x100036ac                divmod_u32u32_unsafe
                0x100036d4                divmod_u32u32_savestate
 .text.__wrap___aeabi_ldiv
                0x100036f0      0x424 CMakeFiles/customBlink.dir/C_/Workspace/Pico/pico-sdk/src/rp2_common/pico_divider/divider.S.obj
                0x100036f0                div_s64s64
                0x100036f0                divmod_s64s64
                0x100036f0                __wrap___aeabi_ldivmod
                0x10003720                divmod_u64u64
                0x10003720                div_u64u64
                0x10003720                __wrap___aeabi_uldivmod
                0x10003730                divmod_u64u64_savestate
                0x10003750                divmod_s64s64_unsafe
                0x100037d8                divmod_u64u64_unsafe
 .text.__wrap___aeabi_darithmetic
                0x10003b14       0x60 CMakeFiles/customBlink.dir/C_/Workspace/Pico/pico-sdk/src/rp2_common/pico_double/double_aeabi.S.obj
                0x10003b14                __wrap___aeabi_drsub
                0x10003b1a                __wrap___aeabi_dsub
                0x10003b24                __wrap___aeabi_dadd
                0x10003b2e                __wrap___aeabi_ddiv
                0x10003b62                __wrap___aeabi_dmul
 .text.__wrap___aeabi_cdcmple
                0x10003b74       0x6c CMakeFiles/customBlink.dir/C_/Workspace/Pico/pico-sdk/src/rp2_common/pico_double/double_aeabi.S.obj
                0x10003b74                __wrap___aeabi_cdrcmple
                0x10003b84                __wrap___aeabi_cdcmpeq
                0x10003b84                __wrap___aeabi_cdcmple
 .text.__wrap___aeabi_dcmplt
                0x10003be0        0xc CMakeFiles/customBlink.dir/C_/Workspace/Pico/pico-sdk/src/rp2_common/pico_double/double_aeabi.S.obj
                0x10003be0                __wrap___aeabi_dcmplt
 .text.__wrap___aeabi_dcmpge
                0x10003bec       0x10 CMakeFiles/customBlink.dir/C_/Workspace/Pico/pico-sdk/src/rp2_common/pico_double/double_aeabi.S.obj
                0x10003bec                __wrap___aeabi_dcmpge
 .text.__wrap___aeabi_dcmpgt
                0x10003bfc        0xa CMakeFiles/customBlink.dir/C_/Workspace/Pico/pico-sdk/src/rp2_common/pico_double/double_aeabi.S.obj
                0x10003bfc                __wrap___aeabi_dcmpgt
 .text.__wrap___aeabi_dcmpun
                0x10003c06       0x1c CMakeFiles/customBlink.dir/C_/Workspace/Pico/pico-sdk/src/rp2_common/pico_double/double_aeabi.S.obj
                0x10003c06                __wrap___aeabi_dcmpun
 *fill*         0x10003c22        0x2 
 .text.__wrap___aeabi_i2d
                0x10003c24       0x38 CMakeFiles/customBlink.dir/C_/Workspace/Pico/pico-sdk/src/rp2_common/pico_double/double_aeabi.S.obj
                0x10003c24                __wrap___aeabi_ui2d
                0x10003c2c                __wrap___aeabi_i2d
 .text.__wrap___aeabi_d2iz
                0x10003c5c       0x48 CMakeFiles/customBlink.dir/C_/Workspace/Pico/pico-sdk/src/rp2_common/pico_double/double_aeabi.S.obj
                0x10003c5c                double2int_z
                0x10003c5c                __wrap___aeabi_d2iz
 .text.__wrap___aeabi_d2uiz
                0x10003ca4       0x10 CMakeFiles/customBlink.dir/C_/Workspace/Pico/pico-sdk/src/rp2_common/pico_double/double_aeabi.S.obj
                0x10003ca4                __wrap___aeabi_d2uiz
                0x10003ca4                double2uint
 .text.missing_double_func_shim
                0x10003cb4        0xc CMakeFiles/customBlink.dir/C_/Workspace/Pico/pico-sdk/src/rp2_common/pico_double/double_init_rom.c.obj
 .text.__aeabi_double_init
                0x10003cc0       0x94 CMakeFiles/customBlink.dir/C_/Workspace/Pico/pico-sdk/src/rp2_common/pico_double/double_init_rom.c.obj
                0x10003cc0                __aeabi_double_init
 .text.double_table_shim_on_use_helper
                0x10003d54       0x2c CMakeFiles/customBlink.dir/C_/Workspace/Pico/pico-sdk/src/rp2_common/pico_double/double_v1_rom_shim.S.obj
                0x10003d54                double_table_shim_on_use_helper
 .text.__aeabi_lmul
                0x10003d80       0x32 CMakeFiles/customBlink.dir/C_/Workspace/Pico/pico-sdk/src/rp2_common/pico_int64_ops/pico_int64_ops_aeabi.S.obj
                0x10003d80                __wrap___aeabi_lmul
 *fill*         0x10003db2        0x2 
 .text.missing_float_func_shim
                0x10003db4        0xc CMakeFiles/customBlink.dir/C_/Workspace/Pico/pico-sdk/src/rp2_common/pico_float/float_init_rom.c.obj
 .text.__aeabi_float_init
                0x10003dc0       0x5c CMakeFiles/customBlink.dir/C_/Workspace/Pico/pico-sdk/src/rp2_common/pico_float/float_init_rom.c.obj
                0x10003dc0                __aeabi_float_init
 .text          0x10003e1c       0x10 CMakeFiles/customBlink.dir/C_/Workspace/Pico/pico-sdk/src/rp2_common/pico_mem_ops/mem_ops_aeabi.S.obj
                0x10003e1c                __aeabi_mem_init
 .text.memset   0x10003e2c        0xc CMakeFiles/customBlink.dir/C_/Workspace/Pico/pico-sdk/src/rp2_common/pico_mem_ops/mem_ops_aeabi.S.obj
                0x10003e2c                __wrap_memset
 .text.memcpy   0x10003e38        0xc CMakeFiles/customBlink.dir/C_/Workspace/Pico/pico-sdk/src/rp2_common/pico_mem_ops/mem_ops_aeabi.S.obj
                0x10003e38                __wrap_memcpy
                0x10003e38                __wrap___aeabi_memcpy
 .text.stdio_out_chars_crlf
                0x10003e44       0xbc CMakeFiles/customBlink.dir/C_/Workspace/Pico/pico-sdk/src/rp2_common/pico_stdio/stdio.c.obj
 .text.stdio_buffered_printer
                0x10003f00       0x64 CMakeFiles/customBlink.dir/C_/Workspace/Pico/pico-sdk/src/rp2_common/pico_stdio/stdio.c.obj
 .text.__wrap_putchar
                0x10003f64       0x98 CMakeFiles/customBlink.dir/C_/Workspace/Pico/pico-sdk/src/rp2_common/pico_stdio/stdio.c.obj
                0x10003f64                __wrap_putchar
 .text.__wrap_puts
                0x10003ffc       0xe0 CMakeFiles/customBlink.dir/C_/Workspace/Pico/pico-sdk/src/rp2_common/pico_stdio/stdio.c.obj
                0x10003ffc                __wrap_puts
 .text.stdio_set_driver_enabled
                0x100040dc       0x30 CMakeFiles/customBlink.dir/C_/Workspace/Pico/pico-sdk/src/rp2_common/pico_stdio/stdio.c.obj
                0x100040dc                stdio_set_driver_enabled
 .text.__wrap_vprintf
                0x1000410c       0xd4 CMakeFiles/customBlink.dir/C_/Workspace/Pico/pico-sdk/src/rp2_common/pico_stdio/stdio.c.obj
                0x1000410c                __wrap_vprintf
 .text.__wrap_printf
                0x100041e0       0x18 CMakeFiles/customBlink.dir/C_/Workspace/Pico/pico-sdk/src/rp2_common/pico_stdio/stdio.c.obj
                0x100041e0                __wrap_printf
 .text.stdio_init_all
                0x100041f8        0x8 CMakeFiles/customBlink.dir/C_/Workspace/Pico/pico-sdk/src/rp2_common/pico_stdio/stdio.c.obj
                0x100041f8                stdio_init_all
 .text.resetd_init
                0x10004200        0x4 CMakeFiles/customBlink.dir/C_/Workspace/Pico/pico-sdk/src/rp2_common/pico_stdio_usb/reset_interface.c.obj
 .text.resetd_reset
                0x10004204        0xc CMakeFiles/customBlink.dir/C_/Workspace/Pico/pico-sdk/src/rp2_common/pico_stdio_usb/reset_interface.c.obj
 .text.resetd_open
                0x10004210       0x28 CMakeFiles/customBlink.dir/C_/Workspace/Pico/pico-sdk/src/rp2_common/pico_stdio_usb/reset_interface.c.obj
 .text.resetd_xfer_cb
                0x10004238        0x4 CMakeFiles/customBlink.dir/C_/Workspace/Pico/pico-sdk/src/rp2_common/pico_stdio_usb/reset_interface.c.obj
 .text.resetd_control_xfer_cb
                0x1000423c       0x60 CMakeFiles/customBlink.dir/C_/Workspace/Pico/pico-sdk/src/rp2_common/pico_stdio_usb/reset_interface.c.obj
 .text.usbd_app_driver_get_cb
                0x1000429c        0xc CMakeFiles/customBlink.dir/C_/Workspace/Pico/pico-sdk/src/rp2_common/pico_stdio_usb/reset_interface.c.obj
                0x1000429c                usbd_app_driver_get_cb
 .text.tud_cdc_line_coding_cb
                0x100042a8       0x34 CMakeFiles/customBlink.dir/C_/Workspace/Pico/pico-sdk/src/rp2_common/pico_stdio_usb/reset_interface.c.obj
                0x100042a8                tud_cdc_line_coding_cb
 .text.stdio_usb_set_chars_available_callback
                0x100042dc       0x14 CMakeFiles/customBlink.dir/C_/Workspace/Pico/pico-sdk/src/rp2_common/pico_stdio_usb/stdio_usb.c.obj
                0x100042dc                stdio_usb_set_chars_available_callback
 .text.usb_irq  0x100042f0       0x10 CMakeFiles/customBlink.dir/C_/Workspace/Pico/pico-sdk/src/rp2_common/pico_stdio_usb/stdio_usb.c.obj
 .text.timer_task
                0x10004300       0x54 CMakeFiles/customBlink.dir/C_/Workspace/Pico/pico-sdk/src/rp2_common/pico_stdio_usb/stdio_usb.c.obj
 .text.stdio_usb_in_chars
                0x10004354       0x90 CMakeFiles/customBlink.dir/C_/Workspace/Pico/pico-sdk/src/rp2_common/pico_stdio_usb/stdio_usb.c.obj
                0x10004354                stdio_usb_in_chars
 .text.stdio_usb_out_chars
                0x100043e4      0x104 CMakeFiles/customBlink.dir/C_/Workspace/Pico/pico-sdk/src/rp2_common/pico_stdio_usb/stdio_usb.c.obj
 .text.low_priority_worker_irq
                0x100044e8       0xa8 CMakeFiles/customBlink.dir/C_/Workspace/Pico/pico-sdk/src/rp2_common/pico_stdio_usb/stdio_usb.c.obj
 .text.tud_cdc_rx_cb
                0x10004590       0x20 CMakeFiles/customBlink.dir/C_/Workspace/Pico/pico-sdk/src/rp2_common/pico_stdio_usb/stdio_usb.c.obj
                0x10004590                tud_cdc_rx_cb
 .text.stdio_usb_init
                0x100045b0       0xe0 CMakeFiles/customBlink.dir/C_/Workspace/Pico/pico-sdk/src/rp2_common/pico_stdio_usb/stdio_usb.c.obj
                0x100045b0                stdio_usb_init
 .text.tud_descriptor_device_cb
                0x10004690        0x8 CMakeFiles/customBlink.dir/C_/Workspace/Pico/pico-sdk/src/rp2_common/pico_stdio_usb/stdio_usb_descriptors.c.obj
                0x10004690                tud_descriptor_device_cb
 .text.tud_descriptor_configuration_cb
                0x10004698        0x8 CMakeFiles/customBlink.dir/C_/Workspace/Pico/pico-sdk/src/rp2_common/pico_stdio_usb/stdio_usb_descriptors.c.obj
                0x10004698                tud_descriptor_configuration_cb
 .text.tud_descriptor_string_cb
                0x100046a0       0x78 CMakeFiles/customBlink.dir/C_/Workspace/Pico/pico-sdk/src/rp2_common/pico_stdio_usb/stdio_usb_descriptors.c.obj
                0x100046a0                tud_descriptor_string_cb
 .text.startup._retrieve_unique_id_on_boot
                0x10004718       0x10 CMakeFiles/customBlink.dir/C_/Workspace/Pico/pico-sdk/src/rp2_common/pico_unique_id/unique_id.c.obj
 .text.pico_get_unique_board_id
                0x10004728       0x10 CMakeFiles/customBlink.dir/C_/Workspace/Pico/pico-sdk/src/rp2_common/pico_unique_id/unique_id.c.obj
                0x10004728                pico_get_unique_board_id
 .text.pico_get_unique_board_id_string
                0x10004738      0x1a8 CMakeFiles/customBlink.dir/C_/Workspace/Pico/pico-sdk/src/rp2_common/pico_unique_id/unique_id.c.obj
                0x10004738                pico_get_unique_board_id_string
 .text.flash_get_unique_id
                0x100048e0       0x40 CMakeFiles/customBlink.dir/C_/Workspace/Pico/pico-sdk/src/rp2_common/hardware_flash/flash.c.obj
                0x100048e0                flash_get_unique_id
 .text.dcd_int_enable
                0x10004920        0xc CMakeFiles/customBlink.dir/C_/Workspace/Pico/pico-sdk/lib/tinyusb/src/portable/raspberrypi/rp2040/dcd_rp2040.c.obj
                0x10004920                dcd_int_enable
 .text.dcd_set_address
                0x1000492c       0x14 CMakeFiles/customBlink.dir/C_/Workspace/Pico/pico-sdk/lib/tinyusb/src/portable/raspberrypi/rp2040/dcd_rp2040.c.obj
                0x1000492c                dcd_set_address
 .text.dcd_connect
                0x10004940       0x10 CMakeFiles/customBlink.dir/C_/Workspace/Pico/pico-sdk/lib/tinyusb/src/portable/raspberrypi/rp2040/dcd_rp2040.c.obj
                0x10004940                dcd_connect
 .text.dcd_init
                0x10004950       0x98 CMakeFiles/customBlink.dir/C_/Workspace/Pico/pico-sdk/lib/tinyusb/src/portable/raspberrypi/rp2040/dcd_rp2040.c.obj
                0x10004950                dcd_init
 .text.dcd_edpt0_status_complete
                0x100049e8       0x1c CMakeFiles/customBlink.dir/C_/Workspace/Pico/pico-sdk/lib/tinyusb/src/portable/raspberrypi/rp2040/dcd_rp2040.c.obj
                0x100049e8                dcd_edpt0_status_complete
 .text.dcd_edpt_open
                0x10004a04      0x108 CMakeFiles/customBlink.dir/C_/Workspace/Pico/pico-sdk/lib/tinyusb/src/portable/raspberrypi/rp2040/dcd_rp2040.c.obj
                0x10004a04                dcd_edpt_open
 .text.dcd_edpt_close_all
                0x10004b0c        0x8 CMakeFiles/customBlink.dir/C_/Workspace/Pico/pico-sdk/lib/tinyusb/src/portable/raspberrypi/rp2040/dcd_rp2040.c.obj
                0x10004b0c                dcd_edpt_close_all
 .text.dcd_edpt_xfer
                0x10004b14       0x24 CMakeFiles/customBlink.dir/C_/Workspace/Pico/pico-sdk/lib/tinyusb/src/portable/raspberrypi/rp2040/dcd_rp2040.c.obj
                0x10004b14                dcd_edpt_xfer
 .text.dcd_edpt_stall
                0x10004b38       0x38 CMakeFiles/customBlink.dir/C_/Workspace/Pico/pico-sdk/lib/tinyusb/src/portable/raspberrypi/rp2040/dcd_rp2040.c.obj
                0x10004b38                dcd_edpt_stall
 .text.dcd_edpt_clear_stall
                0x10004b70       0x30 CMakeFiles/customBlink.dir/C_/Workspace/Pico/pico-sdk/lib/tinyusb/src/portable/raspberrypi/rp2040/dcd_rp2040.c.obj
                0x10004b70                dcd_edpt_clear_stall
 .text.rp2040_usb_init
                0x10004ba0       0x4c CMakeFiles/customBlink.dir/C_/Workspace/Pico/pico-sdk/lib/tinyusb/src/portable/raspberrypi/rp2040/rp2040_usb.c.obj
                0x10004ba0                rp2040_usb_init
 .text.hw_endpoint_xfer_start
                0x10004bec       0x40 CMakeFiles/customBlink.dir/C_/Workspace/Pico/pico-sdk/lib/tinyusb/src/portable/raspberrypi/rp2040/rp2040_usb.c.obj
                0x10004bec                hw_endpoint_xfer_start
 .text.tud_mounted
                0x10004c2c       0x10 CMakeFiles/customBlink.dir/C_/Workspace/Pico/pico-sdk/lib/tinyusb/src/device/usbd.c.obj
                0x10004c2c                tud_mounted
 .text.tud_suspended
                0x10004c3c       0x10 CMakeFiles/customBlink.dir/C_/Workspace/Pico/pico-sdk/lib/tinyusb/src/device/usbd.c.obj
                0x10004c3c                tud_suspended
 .text.tud_inited
                0x10004c4c       0x14 CMakeFiles/customBlink.dir/C_/Workspace/Pico/pico-sdk/lib/tinyusb/src/device/usbd.c.obj
                0x10004c4c                tud_inited
 .text.tud_init
                0x10004c60       0xd8 CMakeFiles/customBlink.dir/C_/Workspace/Pico/pico-sdk/lib/tinyusb/src/device/usbd.c.obj
                0x10004c60                tud_init
 .text.tud_task_ext
                0x10004d38      0x8a4 CMakeFiles/customBlink.dir/C_/Workspace/Pico/pico-sdk/lib/tinyusb/src/device/usbd.c.obj
                0x10004d38                tud_task_ext
 .text.usbd_open_edpt_pair
                0x100055dc       0x9c CMakeFiles/customBlink.dir/C_/Workspace/Pico/pico-sdk/lib/tinyusb/src/device/usbd.c.obj
                0x100055dc                usbd_open_edpt_pair
 .text.usbd_defer_func
                0x10005678       0x48 CMakeFiles/customBlink.dir/C_/Workspace/Pico/pico-sdk/lib/tinyusb/src/device/usbd.c.obj
                0x10005678                usbd_defer_func
 .text.usbd_edpt_open
                0x100056c0       0x34 CMakeFiles/customBlink.dir/C_/Workspace/Pico/pico-sdk/lib/tinyusb/src/device/usbd.c.obj
                0x100056c0                usbd_edpt_open
 .text.usbd_edpt_claim
                0x100056f4       0x28 CMakeFiles/customBlink.dir/C_/Workspace/Pico/pico-sdk/lib/tinyusb/src/device/usbd.c.obj
                0x100056f4                usbd_edpt_claim
 .text.usbd_edpt_release
                0x1000571c       0x28 CMakeFiles/customBlink.dir/C_/Workspace/Pico/pico-sdk/lib/tinyusb/src/device/usbd.c.obj
                0x1000571c                usbd_edpt_release
 .text.usbd_edpt_xfer
                0x10005744       0x4c CMakeFiles/customBlink.dir/C_/Workspace/Pico/pico-sdk/lib/tinyusb/src/device/usbd.c.obj
                0x10005744                usbd_edpt_xfer
 .text.tud_control_status
                0x10005790       0x2c CMakeFiles/customBlink.dir/C_/Workspace/Pico/pico-sdk/lib/tinyusb/src/device/usbd_control.c.obj
                0x10005790                tud_control_status
 .text.tud_control_xfer
                0x100057bc       0xac CMakeFiles/customBlink.dir/C_/Workspace/Pico/pico-sdk/lib/tinyusb/src/device/usbd_control.c.obj
                0x100057bc                tud_control_xfer
 .text.usbd_control_reset
                0x10005868       0x14 CMakeFiles/customBlink.dir/C_/Workspace/Pico/pico-sdk/lib/tinyusb/src/device/usbd_control.c.obj
                0x10005868                usbd_control_reset
 .text.usbd_control_set_complete_callback
                0x1000587c        0xc CMakeFiles/customBlink.dir/C_/Workspace/Pico/pico-sdk/lib/tinyusb/src/device/usbd_control.c.obj
                0x1000587c                usbd_control_set_complete_callback
 .text.usbd_control_set_request
                0x10005888       0x1c CMakeFiles/customBlink.dir/C_/Workspace/Pico/pico-sdk/lib/tinyusb/src/device/usbd_control.c.obj
                0x10005888                usbd_control_set_request
 .text.usbd_control_xfer_cb
                0x100058a4       0xf4 CMakeFiles/customBlink.dir/C_/Workspace/Pico/pico-sdk/lib/tinyusb/src/device/usbd_control.c.obj
                0x100058a4                usbd_control_xfer_cb
 .text.tud_cdc_n_connected
                0x10005998       0x30 CMakeFiles/customBlink.dir/C_/Workspace/Pico/pico-sdk/lib/tinyusb/src/class/cdc/cdc_device.c.obj
                0x10005998                tud_cdc_n_connected
 .text.tud_cdc_n_available
                0x100059c8       0x18 CMakeFiles/customBlink.dir/C_/Workspace/Pico/pico-sdk/lib/tinyusb/src/class/cdc/cdc_device.c.obj
                0x100059c8                tud_cdc_n_available
 .text.tud_cdc_n_read
                0x100059e0       0x70 CMakeFiles/customBlink.dir/C_/Workspace/Pico/pico-sdk/lib/tinyusb/src/class/cdc/cdc_device.c.obj
                0x100059e0                tud_cdc_n_read
 .text.tud_cdc_n_write_flush
                0x10005a50       0x78 CMakeFiles/customBlink.dir/C_/Workspace/Pico/pico-sdk/lib/tinyusb/src/class/cdc/cdc_device.c.obj
                0x10005a50                tud_cdc_n_write_flush
 .text.tud_cdc_n_write
                0x10005ac8       0x34 CMakeFiles/customBlink.dir/C_/Workspace/Pico/pico-sdk/lib/tinyusb/src/class/cdc/cdc_device.c.obj
                0x10005ac8                tud_cdc_n_write
 .text.tud_cdc_n_write_available
                0x10005afc       0x18 CMakeFiles/customBlink.dir/C_/Workspace/Pico/pico-sdk/lib/tinyusb/src/class/cdc/cdc_device.c.obj
                0x10005afc                tud_cdc_n_write_available
 .text.cdcd_init
                0x10005b14       0x7c CMakeFiles/customBlink.dir/C_/Workspace/Pico/pico-sdk/lib/tinyusb/src/class/cdc/cdc_device.c.obj
                0x10005b14                cdcd_init
 .text.cdcd_reset
                0x10005b90       0x2c CMakeFiles/customBlink.dir/C_/Workspace/Pico/pico-sdk/lib/tinyusb/src/class/cdc/cdc_device.c.obj
                0x10005b90                cdcd_reset
 .text.cdcd_open
                0x10005bbc       0xe4 CMakeFiles/customBlink.dir/C_/Workspace/Pico/pico-sdk/lib/tinyusb/src/class/cdc/cdc_device.c.obj
                0x10005bbc                cdcd_open
 .text.cdcd_control_xfer_cb
                0x10005ca0       0xe4 CMakeFiles/customBlink.dir/C_/Workspace/Pico/pico-sdk/lib/tinyusb/src/class/cdc/cdc_device.c.obj
                0x10005ca0                cdcd_control_xfer_cb
 .text.cdcd_xfer_cb
                0x10005d84      0x13c CMakeFiles/customBlink.dir/C_/Workspace/Pico/pico-sdk/lib/tinyusb/src/class/cdc/cdc_device.c.obj
                0x10005d84                cdcd_xfer_cb
 .text.tusb_init
                0x10005ec0        0xc CMakeFiles/customBlink.dir/C_/Workspace/Pico/pico-sdk/lib/tinyusb/src/tusb.c.obj
                0x10005ec0                tusb_init
 .text.tusb_inited
                0x10005ecc        0x8 CMakeFiles/customBlink.dir/C_/Workspace/Pico/pico-sdk/lib/tinyusb/src/tusb.c.obj
                0x10005ecc                tusb_inited
 .text.tu_edpt_claim
                0x10005ed4       0x50 CMakeFiles/customBlink.dir/C_/Workspace/Pico/pico-sdk/lib/tinyusb/src/tusb.c.obj
                0x10005ed4                tu_edpt_claim
 .text.tu_edpt_release
                0x10005f24       0x38 CMakeFiles/customBlink.dir/C_/Workspace/Pico/pico-sdk/lib/tinyusb/src/tusb.c.obj
                0x10005f24                tu_edpt_release
 .text.tu_edpt_validate
                0x10005f5c       0x7c CMakeFiles/customBlink.dir/C_/Workspace/Pico/pico-sdk/lib/tinyusb/src/tusb.c.obj
                0x10005f5c                tu_edpt_validate
 .text.tu_edpt_bind_driver
                0x10005fd8       0x34 CMakeFiles/customBlink.dir/C_/Workspace/Pico/pico-sdk/lib/tinyusb/src/tusb.c.obj
                0x10005fd8                tu_edpt_bind_driver
 .text.tu_fifo_config
                0x1000600c       0x6c CMakeFiles/customBlink.dir/C_/Workspace/Pico/pico-sdk/lib/tinyusb/src/common/tusb_fifo.c.obj
                0x1000600c                tu_fifo_config
 .text.tu_fifo_count
                0x10006078       0x2c CMakeFiles/customBlink.dir/C_/Workspace/Pico/pico-sdk/lib/tinyusb/src/common/tusb_fifo.c.obj
                0x10006078                tu_fifo_count
 .text.tu_fifo_empty
                0x100060a4       0x10 CMakeFiles/customBlink.dir/C_/Workspace/Pico/pico-sdk/lib/tinyusb/src/common/tusb_fifo.c.obj
                0x100060a4                tu_fifo_empty
 .text.tu_fifo_remaining
                0x100060b4       0x2c CMakeFiles/customBlink.dir/C_/Workspace/Pico/pico-sdk/lib/tinyusb/src/common/tusb_fifo.c.obj
                0x100060b4                tu_fifo_remaining
 .text.tu_fifo_read
                0x100060e0       0x9c CMakeFiles/customBlink.dir/C_/Workspace/Pico/pico-sdk/lib/tinyusb/src/common/tusb_fifo.c.obj
                0x100060e0                tu_fifo_read
 .text.tu_fifo_read_n
                0x1000617c       0xe8 CMakeFiles/customBlink.dir/C_/Workspace/Pico/pico-sdk/lib/tinyusb/src/common/tusb_fifo.c.obj
                0x1000617c                tu_fifo_read_n
 .text.tu_fifo_write
                0x10006264       0x88 CMakeFiles/customBlink.dir/C_/Workspace/Pico/pico-sdk/lib/tinyusb/src/common/tusb_fifo.c.obj
                0x10006264                tu_fifo_write
 .text.tu_fifo_write_n
                0x100062ec      0x170 CMakeFiles/customBlink.dir/C_/Workspace/Pico/pico-sdk/lib/tinyusb/src/common/tusb_fifo.c.obj
                0x100062ec                tu_fifo_write_n
 .text.tu_fifo_clear
                0x1000645c       0x40 CMakeFiles/customBlink.dir/C_/Workspace/Pico/pico-sdk/lib/tinyusb/src/common/tusb_fifo.c.obj
                0x1000645c                tu_fifo_clear
 .text.tu_fifo_set_overwritable
                0x1000649c       0x48 CMakeFiles/customBlink.dir/C_/Workspace/Pico/pico-sdk/lib/tinyusb/src/common/tusb_fifo.c.obj
                0x1000649c                tu_fifo_set_overwritable
 .text.cyw43_arch_set_async_context
                0x100064e4        0xc CMakeFiles/customBlink.dir/C_/Workspace/Pico/pico-sdk/src/rp2_common/pico_cyw43_arch/cyw43_arch.c.obj
                0x100064e4                cyw43_arch_set_async_context
 .text.cyw43_arch_gpio_put
                0x100064f0       0x14 CMakeFiles/customBlink.dir/C_/Workspace/Pico/pico-sdk/src/rp2_common/pico_cyw43_arch/cyw43_arch.c.obj
                0x100064f0                cyw43_arch_gpio_put
 .text.cyw43_arch_async_context
                0x10006504        0xc CMakeFiles/customBlink.dir/C_/Workspace/Pico/pico-sdk/src/rp2_common/pico_cyw43_arch/cyw43_arch.c.obj
                0x10006504                cyw43_arch_async_context
 .text.cyw43_arch_init
                0x10006510       0x64 CMakeFiles/customBlink.dir/C_/Workspace/Pico/pico-sdk/src/rp2_common/pico_cyw43_arch/cyw43_arch_threadsafe_background.c.obj
                0x10006510                cyw43_arch_init
 .text.ns_delay.constprop.0
                0x10006574       0x20 CMakeFiles/customBlink.dir/C_/Workspace/Pico/pico-sdk/src/rp2_common/pico_cyw43_driver/cyw43_bus_pio_spi.c.obj
 .text.cyw43_spi_init
                0x10006594      0x1b4 CMakeFiles/customBlink.dir/C_/Workspace/Pico/pico-sdk/src/rp2_common/pico_cyw43_driver/cyw43_bus_pio_spi.c.obj
                0x10006594                cyw43_spi_init
 .text.cyw43_spi_deinit
                0x10006748       0x6c CMakeFiles/customBlink.dir/C_/Workspace/Pico/pico-sdk/src/rp2_common/pico_cyw43_driver/cyw43_bus_pio_spi.c.obj
                0x10006748                cyw43_spi_deinit
 .text.cyw43_spi_transfer
                0x100067b4      0x3dc CMakeFiles/customBlink.dir/C_/Workspace/Pico/pico-sdk/src/rp2_common/pico_cyw43_driver/cyw43_bus_pio_spi.c.obj
                0x100067b4                cyw43_spi_transfer
 .text.cyw43_spi_gpio_setup
                0x10006b90       0x3c CMakeFiles/customBlink.dir/C_/Workspace/Pico/pico-sdk/src/rp2_common/pico_cyw43_driver/cyw43_bus_pio_spi.c.obj
                0x10006b90                cyw43_spi_gpio_setup
 .text.cyw43_spi_reset
                0x10006bcc       0x28 CMakeFiles/customBlink.dir/C_/Workspace/Pico/pico-sdk/src/rp2_common/pico_cyw43_driver/cyw43_bus_pio_spi.c.obj
                0x10006bcc                cyw43_spi_reset
 .text.read_reg_u32_swap
                0x10006bf4       0x3c CMakeFiles/customBlink.dir/C_/Workspace/Pico/pico-sdk/src/rp2_common/pico_cyw43_driver/cyw43_bus_pio_spi.c.obj
                0x10006bf4                read_reg_u32_swap
 .text.cyw43_read_reg_u32
                0x10006c30       0x50 CMakeFiles/customBlink.dir/C_/Workspace/Pico/pico-sdk/src/rp2_common/pico_cyw43_driver/cyw43_bus_pio_spi.c.obj
                0x10006c30                cyw43_read_reg_u32
 .text.cyw43_read_reg_u16
                0x10006c80       0x50 CMakeFiles/customBlink.dir/C_/Workspace/Pico/pico-sdk/src/rp2_common/pico_cyw43_driver/cyw43_bus_pio_spi.c.obj
                0x10006c80                cyw43_read_reg_u16
 .text.cyw43_read_reg_u8
                0x10006cd0       0x50 CMakeFiles/customBlink.dir/C_/Workspace/Pico/pico-sdk/src/rp2_common/pico_cyw43_driver/cyw43_bus_pio_spi.c.obj
                0x10006cd0                cyw43_read_reg_u8
 .text.write_reg_u32_swap
                0x10006d20      0x1e8 CMakeFiles/customBlink.dir/C_/Workspace/Pico/pico-sdk/src/rp2_common/pico_cyw43_driver/cyw43_bus_pio_spi.c.obj
                0x10006d20                write_reg_u32_swap
 .text.cyw43_write_reg_u32
                0x10006f08      0x208 CMakeFiles/customBlink.dir/C_/Workspace/Pico/pico-sdk/src/rp2_common/pico_cyw43_driver/cyw43_bus_pio_spi.c.obj
                0x10006f08                cyw43_write_reg_u32
 .text.cyw43_write_reg_u16
                0x10007110      0x208 CMakeFiles/customBlink.dir/C_/Workspace/Pico/pico-sdk/src/rp2_common/pico_cyw43_driver/cyw43_bus_pio_spi.c.obj
                0x10007110                cyw43_write_reg_u16
 .text.cyw43_write_reg_u8
                0x10007318      0x208 CMakeFiles/customBlink.dir/C_/Workspace/Pico/pico-sdk/src/rp2_common/pico_cyw43_driver/cyw43_bus_pio_spi.c.obj
                0x10007318                cyw43_write_reg_u8
 .text.cyw43_read_bytes
                0x10007520       0x7c CMakeFiles/customBlink.dir/C_/Workspace/Pico/pico-sdk/src/rp2_common/pico_cyw43_driver/cyw43_bus_pio_spi.c.obj
                0x10007520                cyw43_read_bytes
 .text.cyw43_write_bytes
                0x1000759c       0xcc CMakeFiles/customBlink.dir/C_/Workspace/Pico/pico-sdk/src/rp2_common/pico_cyw43_driver/cyw43_bus_pio_spi.c.obj
                0x1000759c                cyw43_write_bytes
 .text.cyw43_set_backplane_window
                0x10007668       0x68 CMakeFiles/customBlink.dir/C_/Workspace/Pico/pico-sdk/lib/cyw43-driver/src/cyw43_ll.c.obj
 .text.cyw43_ll_parse_async_event
                0x100076d0      0x134 CMakeFiles/customBlink.dir/C_/Workspace/Pico/pico-sdk/lib/cyw43-driver/src/cyw43_ll.c.obj
 .text.cyw43_kso_set
                0x10007804       0x80 CMakeFiles/customBlink.dir/C_/Workspace/Pico/pico-sdk/lib/cyw43-driver/src/cyw43_ll.c.obj
 .text.cyw43_ll_sdpcm_poll_device
                0x10007884      0x240 CMakeFiles/customBlink.dir/C_/Workspace/Pico/pico-sdk/lib/cyw43-driver/src/cyw43_ll.c.obj
 .text.cyw43_sdpcm_send_common
                0x10007ac4       0xf4 CMakeFiles/customBlink.dir/C_/Workspace/Pico/pico-sdk/lib/cyw43-driver/src/cyw43_ll.c.obj
 .text.cyw43_do_ioctl
                0x10007bb8      0x110 CMakeFiles/customBlink.dir/C_/Workspace/Pico/pico-sdk/lib/cyw43-driver/src/cyw43_ll.c.obj
 .text.cyw43_do_ioctl.constprop.0
                0x10007cc8      0x108 CMakeFiles/customBlink.dir/C_/Workspace/Pico/pico-sdk/lib/cyw43-driver/src/cyw43_ll.c.obj
 .text.reset_device_core.constprop.0
                0x10007dd0      0x410 CMakeFiles/customBlink.dir/C_/Workspace/Pico/pico-sdk/lib/cyw43-driver/src/cyw43_ll.c.obj
 .text.cyw43_ll_init
                0x100081e0       0x18 CMakeFiles/customBlink.dir/C_/Workspace/Pico/pico-sdk/lib/cyw43-driver/src/cyw43_ll.c.obj
                0x100081e0                cyw43_ll_init
 .text.cyw43_ll_deinit
                0x100081f8        0x8 CMakeFiles/customBlink.dir/C_/Workspace/Pico/pico-sdk/lib/cyw43-driver/src/cyw43_ll.c.obj
                0x100081f8                cyw43_ll_deinit
 .text.cyw43_ll_process_packets
                0x10008200       0x68 CMakeFiles/customBlink.dir/C_/Workspace/Pico/pico-sdk/lib/cyw43-driver/src/cyw43_ll.c.obj
                0x10008200                cyw43_ll_process_packets
 .text.cyw43_ll_ioctl
                0x10008268       0x20 CMakeFiles/customBlink.dir/C_/Workspace/Pico/pico-sdk/lib/cyw43-driver/src/cyw43_ll.c.obj
                0x10008268                cyw43_ll_ioctl
 .text.cyw43_ll_bus_sleep
                0x10008288       0x34 CMakeFiles/customBlink.dir/C_/Workspace/Pico/pico-sdk/lib/cyw43-driver/src/cyw43_ll.c.obj
                0x10008288                cyw43_ll_bus_sleep
 .text.cyw43_ll_bus_init
                0x100082bc      0xcb8 CMakeFiles/customBlink.dir/C_/Workspace/Pico/pico-sdk/lib/cyw43-driver/src/cyw43_ll.c.obj
                0x100082bc                cyw43_ll_bus_init
 .text.cyw43_ll_wifi_get_mac
                0x10008f74       0x40 CMakeFiles/customBlink.dir/C_/Workspace/Pico/pico-sdk/lib/cyw43-driver/src/cyw43_ll.c.obj
                0x10008f74                cyw43_ll_wifi_get_mac
 .text.cyw43_ll_wifi_set_wpa_auth
                0x10008fb4       0x2c CMakeFiles/customBlink.dir/C_/Workspace/Pico/pico-sdk/lib/cyw43-driver/src/cyw43_ll.c.obj
                0x10008fb4                cyw43_ll_wifi_set_wpa_auth
 .text.cyw43_ll_wifi_rejoin
                0x10008fe0       0x1c CMakeFiles/customBlink.dir/C_/Workspace/Pico/pico-sdk/lib/cyw43-driver/src/cyw43_ll.c.obj
                0x10008fe0                cyw43_ll_wifi_rejoin
 .text.cyw43_ll_gpio_set
                0x10008ffc       0x6c CMakeFiles/customBlink.dir/C_/Workspace/Pico/pico-sdk/lib/cyw43-driver/src/cyw43_ll.c.obj
                0x10008ffc                cyw43_ll_gpio_set
 .text.cyw43_ll_has_work
                0x10009068       0x14 CMakeFiles/customBlink.dir/C_/Workspace/Pico/pico-sdk/lib/cyw43-driver/src/cyw43_ll.c.obj
                0x10009068                cyw43_ll_has_work
 .text.cyw43_poll_func
                0x1000907c       0xbc CMakeFiles/customBlink.dir/C_/Workspace/Pico/pico-sdk/lib/cyw43-driver/src/cyw43_ctrl.c.obj
 .text.cyw43_init
                0x10009138       0x70 CMakeFiles/customBlink.dir/C_/Workspace/Pico/pico-sdk/lib/cyw43-driver/src/cyw43_ctrl.c.obj
                0x10009138                cyw43_init
 .text.cyw43_deinit
                0x100091a8       0x94 CMakeFiles/customBlink.dir/C_/Workspace/Pico/pico-sdk/lib/cyw43-driver/src/cyw43_ctrl.c.obj
                0x100091a8                cyw43_deinit
 .text.cyw43_cb_read_host_interrupt_pin
                0x1000923c        0xc CMakeFiles/customBlink.dir/C_/Workspace/Pico/pico-sdk/lib/cyw43-driver/src/cyw43_ctrl.c.obj
                0x1000923c                cyw43_cb_read_host_interrupt_pin
 .text.cyw43_cb_ensure_awake
                0x10009248        0xc CMakeFiles/customBlink.dir/C_/Workspace/Pico/pico-sdk/lib/cyw43-driver/src/cyw43_ctrl.c.obj
                0x10009248                cyw43_cb_ensure_awake
 .text.cyw43_cb_process_async_event
                0x10009254      0x22c CMakeFiles/customBlink.dir/C_/Workspace/Pico/pico-sdk/lib/cyw43-driver/src/cyw43_ctrl.c.obj
                0x10009254                cyw43_cb_process_async_event
 .text.cyw43_gpio_set
                0x10009480       0xa4 CMakeFiles/customBlink.dir/C_/Workspace/Pico/pico-sdk/lib/cyw43-driver/src/cyw43_ctrl.c.obj
                0x10009480                cyw43_gpio_set
 .text.pio_sm_unclaim
                0x10009524       0x20 CMakeFiles/customBlink.dir/C_/Workspace/Pico/pico-sdk/src/rp2_common/hardware_pio/pio.c.obj
                0x10009524                pio_sm_unclaim
 .text.pio_claim_unused_sm
                0x10009544       0x3c CMakeFiles/customBlink.dir/C_/Workspace/Pico/pico-sdk/src/rp2_common/hardware_pio/pio.c.obj
                0x10009544                pio_claim_unused_sm
 .text.pio_can_add_program
                0x10009580       0x68 CMakeFiles/customBlink.dir/C_/Workspace/Pico/pico-sdk/src/rp2_common/hardware_pio/pio.c.obj
                0x10009580                pio_can_add_program
 .text.pio_add_program
                0x100095e8       0xf0 CMakeFiles/customBlink.dir/C_/Workspace/Pico/pico-sdk/src/rp2_common/hardware_pio/pio.c.obj
                0x100095e8                pio_add_program
 .text.pio_remove_program
                0x100096d8       0x34 CMakeFiles/customBlink.dir/C_/Workspace/Pico/pico-sdk/src/rp2_common/hardware_pio/pio.c.obj
                0x100096d8                pio_remove_program
 .text.pio_sm_set_pindirs_with_mask
                0x1000970c       0xa8 CMakeFiles/customBlink.dir/C_/Workspace/Pico/pico-sdk/src/rp2_common/hardware_pio/pio.c.obj
                0x1000970c                pio_sm_set_pindirs_with_mask
 .text.pio_sm_set_consecutive_pindirs
                0x100097b4       0xa8 CMakeFiles/customBlink.dir/C_/Workspace/Pico/pico-sdk/src/rp2_common/hardware_pio/pio.c.obj
                0x100097b4                pio_sm_set_consecutive_pindirs
 .text.dma_channel_unclaim
                0x1000985c       0x14 CMakeFiles/customBlink.dir/C_/Workspace/Pico/pico-sdk/src/rp2_common/hardware_dma/dma.c.obj
                0x1000985c                dma_channel_unclaim
 .text.dma_claim_unused_channel
                0x10009870       0x24 CMakeFiles/customBlink.dir/C_/Workspace/Pico/pico-sdk/src/rp2_common/hardware_dma/dma.c.obj
                0x10009870                dma_claim_unused_channel
 .text.cyw43_sleep_timeout_reached
                0x10009894       0x10 CMakeFiles/customBlink.dir/C_/Workspace/Pico/pico-sdk/src/rp2_common/pico_cyw43_driver/cyw43_driver.c.obj
 .text.cyw43_irq_init
                0x100098a4       0x28 CMakeFiles/customBlink.dir/C_/Workspace/Pico/pico-sdk/src/rp2_common/pico_cyw43_driver/cyw43_driver.c.obj
                0x100098a4                cyw43_irq_init
 .text.cyw43_irq_deinit
                0x100098cc       0x20 CMakeFiles/customBlink.dir/C_/Workspace/Pico/pico-sdk/src/rp2_common/pico_cyw43_driver/cyw43_driver.c.obj
                0x100098cc                cyw43_irq_deinit
 .text.cyw43_gpio_irq_handler
                0x100098ec       0x44 CMakeFiles/customBlink.dir/C_/Workspace/Pico/pico-sdk/src/rp2_common/pico_cyw43_driver/cyw43_driver.c.obj
 .text.cyw43_do_poll
                0x10009930       0x70 CMakeFiles/customBlink.dir/C_/Workspace/Pico/pico-sdk/src/rp2_common/pico_cyw43_driver/cyw43_driver.c.obj
 .text.cyw43_post_poll_hook
                0x100099a0       0x10 CMakeFiles/customBlink.dir/C_/Workspace/Pico/pico-sdk/src/rp2_common/pico_cyw43_driver/cyw43_driver.c.obj
                0x100099a0                cyw43_post_poll_hook
 .text.cyw43_schedule_internal_poll_dispatch
                0x100099b0       0x18 CMakeFiles/customBlink.dir/C_/Workspace/Pico/pico-sdk/src/rp2_common/pico_cyw43_driver/cyw43_driver.c.obj
                0x100099b0                cyw43_schedule_internal_poll_dispatch
 .text.cyw43_driver_init
                0x100099c8       0x38 CMakeFiles/customBlink.dir/C_/Workspace/Pico/pico-sdk/src/rp2_common/pico_cyw43_driver/cyw43_driver.c.obj
                0x100099c8                cyw43_driver_init
 .text.cyw43_driver_deinit
                0x10009a00       0x44 CMakeFiles/customBlink.dir/C_/Workspace/Pico/pico-sdk/src/rp2_common/pico_cyw43_driver/cyw43_driver.c.obj
                0x10009a00                cyw43_driver_deinit
 .text.cyw43_hal_generate_laa_mac
                0x10009a44       0x28 CMakeFiles/customBlink.dir/C_/Workspace/Pico/pico-sdk/src/rp2_common/pico_cyw43_driver/cyw43_driver.c.obj
                0x10009a44                cyw43_hal_generate_laa_mac
 .text.cyw43_thread_enter
                0x10009a6c       0x14 CMakeFiles/customBlink.dir/C_/Workspace/Pico/pico-sdk/src/rp2_common/pico_cyw43_driver/cyw43_driver.c.obj
                0x10009a6c                cyw43_thread_enter
 .text.cyw43_thread_exit
                0x10009a80       0x14 CMakeFiles/customBlink.dir/C_/Workspace/Pico/pico-sdk/src/rp2_common/pico_cyw43_driver/cyw43_driver.c.obj
                0x10009a80                cyw43_thread_exit
 .text.cyw43_await_background_or_timeout_us
                0x10009a94       0x34 CMakeFiles/customBlink.dir/C_/Workspace/Pico/pico-sdk/src/rp2_common/pico_cyw43_driver/cyw43_driver.c.obj
                0x10009a94                cyw43_await_background_or_timeout_us
 .text.cyw43_delay_ms
                0x10009ac8       0x48 CMakeFiles/customBlink.dir/C_/Workspace/Pico/pico-sdk/src/rp2_common/pico_cyw43_driver/cyw43_driver.c.obj
                0x10009ac8                cyw43_delay_ms
 .text.cyw43_cb_tcpip_deinit
                0x10009b10        0x4 CMakeFiles/customBlink.dir/C_/Workspace/Pico/pico-sdk/src/rp2_common/pico_cyw43_driver/cyw43_driver.c.obj
                0x10009b10                cyw43_cb_tcpip_deinit
 .text.cyw43_cb_tcpip_set_link_up
                0x10009b14        0xc CMakeFiles/customBlink.dir/C_/Workspace/Pico/pico-sdk/src/rp2_common/pico_cyw43_driver/cyw43_driver.c.obj
                0x10009b14                cyw43_cb_tcpip_set_link_up
 .text.cyw43_cb_tcpip_set_link_down
                0x10009b20        0xc CMakeFiles/customBlink.dir/C_/Workspace/Pico/pico-sdk/src/rp2_common/pico_cyw43_driver/cyw43_driver.c.obj
                0x10009b20                cyw43_cb_tcpip_set_link_down
 .text.cyw43_cb_process_ethernet
                0x10009b2c        0xc CMakeFiles/customBlink.dir/C_/Workspace/Pico/pico-sdk/src/rp2_common/pico_cyw43_driver/cyw43_driver.c.obj
                0x10009b2c                cyw43_cb_process_ethernet
 .text.async_context_threadsafe_background_acquire_lock_blocking
                0x10009b38        0xc CMakeFiles/customBlink.dir/C_/Workspace/Pico/pico-sdk/src/rp2_common/pico_async_context/async_context_threadsafe_background.c.obj
 .text.alarm_handler
                0x10009b44       0x20 CMakeFiles/customBlink.dir/C_/Workspace/Pico/pico-sdk/src/rp2_common/pico_async_context/async_context_threadsafe_background.c.obj
 .text.async_context_threadsafe_background_set_work_pending
                0x10009b64       0x1c CMakeFiles/customBlink.dir/C_/Workspace/Pico/pico-sdk/src/rp2_common/pico_async_context/async_context_threadsafe_background.c.obj
 .text.process_under_lock
                0x10009b80       0xcc CMakeFiles/customBlink.dir/C_/Workspace/Pico/pico-sdk/src/rp2_common/pico_async_context/async_context_threadsafe_background.c.obj
 .text.async_context_threadsafe_background_execute_sync
                0x10009c4c       0x30 CMakeFiles/customBlink.dir/C_/Workspace/Pico/pico-sdk/src/rp2_common/pico_async_context/async_context_threadsafe_background.c.obj
                0x10009c4c                async_context_threadsafe_background_execute_sync
 .text.async_context_threadsafe_background_deinit
                0x10009c7c       0x54 CMakeFiles/customBlink.dir/C_/Workspace/Pico/pico-sdk/src/rp2_common/pico_async_context/async_context_threadsafe_background.c.obj
 .text.low_priority_irq_handler
                0x10009cd0       0x3c CMakeFiles/customBlink.dir/C_/Workspace/Pico/pico-sdk/src/rp2_common/pico_async_context/async_context_threadsafe_background.c.obj
 .text.async_context_threadsafe_background_wait_for_work_until
                0x10009d0c        0xc CMakeFiles/customBlink.dir/C_/Workspace/Pico/pico-sdk/src/rp2_common/pico_async_context/async_context_threadsafe_background.c.obj
 .text.async_context_threadsafe_background_wait_until
                0x10009d18       0x1c CMakeFiles/customBlink.dir/C_/Workspace/Pico/pico-sdk/src/rp2_common/pico_async_context/async_context_threadsafe_background.c.obj
 .text.async_context_threadsafe_background_lock_check
                0x10009d34       0x28 CMakeFiles/customBlink.dir/C_/Workspace/Pico/pico-sdk/src/rp2_common/pico_async_context/async_context_threadsafe_background.c.obj
 .text.async_context_threadsafe_background_release_lock
                0x10009d5c       0x1c CMakeFiles/customBlink.dir/C_/Workspace/Pico/pico-sdk/src/rp2_common/pico_async_context/async_context_threadsafe_background.c.obj
 .text.async_context_threadsafe_background_add_at_time_worker
                0x10009d78       0x34 CMakeFiles/customBlink.dir/C_/Workspace/Pico/pico-sdk/src/rp2_common/pico_async_context/async_context_threadsafe_background.c.obj
 .text.async_context_threadsafe_background_remove_at_time_worker
                0x10009dac       0x34 CMakeFiles/customBlink.dir/C_/Workspace/Pico/pico-sdk/src/rp2_common/pico_async_context/async_context_threadsafe_background.c.obj
 .text.async_context_threadsafe_background_add_when_pending_worker
                0x10009de0       0x34 CMakeFiles/customBlink.dir/C_/Workspace/Pico/pico-sdk/src/rp2_common/pico_async_context/async_context_threadsafe_background.c.obj
 .text.async_context_threadsafe_background_when_pending_worker
                0x10009e14       0x34 CMakeFiles/customBlink.dir/C_/Workspace/Pico/pico-sdk/src/rp2_common/pico_async_context/async_context_threadsafe_background.c.obj
 .text.async_context_threadsafe_background_default_config
                0x10009e48        0xc CMakeFiles/customBlink.dir/C_/Workspace/Pico/pico-sdk/src/rp2_common/pico_async_context/async_context_threadsafe_background.c.obj
                0x10009e48                async_context_threadsafe_background_default_config
 .text.async_context_threadsafe_background_init
                0x10009e54       0x8c CMakeFiles/customBlink.dir/C_/Workspace/Pico/pico-sdk/src/rp2_common/pico_async_context/async_context_threadsafe_background.c.obj
                0x10009e54                async_context_threadsafe_background_init
 .text.async_context_base_add_at_time_worker
                0x10009ee0       0x24 CMakeFiles/customBlink.dir/C_/Workspace/Pico/pico-sdk/src/rp2_common/pico_async_context/async_context_base.c.obj
                0x10009ee0                async_context_base_add_at_time_worker
 .text.async_context_base_remove_at_time_worker
                0x10009f04       0x28 CMakeFiles/customBlink.dir/C_/Workspace/Pico/pico-sdk/src/rp2_common/pico_async_context/async_context_base.c.obj
                0x10009f04                async_context_base_remove_at_time_worker
 .text.async_context_base_add_when_pending_worker
                0x10009f2c       0x24 CMakeFiles/customBlink.dir/C_/Workspace/Pico/pico-sdk/src/rp2_common/pico_async_context/async_context_base.c.obj
                0x10009f2c                async_context_base_add_when_pending_worker
 .text.async_context_base_remove_when_pending_worker
                0x10009f50       0x28 CMakeFiles/customBlink.dir/C_/Workspace/Pico/pico-sdk/src/rp2_common/pico_async_context/async_context_base.c.obj
                0x10009f50                async_context_base_remove_when_pending_worker
 .text.async_context_base_execute_once
                0x10009f78       0xfc CMakeFiles/customBlink.dir/C_/Workspace/Pico/pico-sdk/src/rp2_common/pico_async_context/async_context_base.c.obj
                0x10009f78                async_context_base_execute_once
 .text.memmove  0x1000a074       0xb0 c:/progra~2/armgnu~1/12dbab~1.2re/bin/../lib/gcc/arm-none-eabi/12.2.1/thumb/v6-m/nofp\libc.a(libc_a-memmove.o)
                0x1000a074                memmove
 .text.strncmp  0x1000a124       0x68 c:/progra~2/armgnu~1/12dbab~1.2re/bin/../lib/gcc/arm-none-eabi/12.2.1/thumb/v6-m/nofp\libc.a(libc_a-strncmp.o)
                0x1000a124                strncmp
 .text.strlen   0x1000a18c       0x5c c:/progra~2/armgnu~1/12dbab~1.2re/bin/../lib/gcc/arm-none-eabi/12.2.1/thumb/v6-m/nofp\libc.a(libc_a-strlen-stub.o)
                0x1000a18c                strlen
 *(.fini)
 .fini          0x1000a1e8        0x4 c:/progra~2/armgnu~1/12dbab~1.2re/bin/../lib/gcc/arm-none-eabi/12.2.1/thumb/v6-m/nofp/crti.o
                0x1000a1e8                _fini
 *fill*         0x1000a1ec        0x4 
 .fini.__stub   0x1000a1f0      0x110 linker stubs
 *crtbegin.o(.ctors)
 *crtbegin?.o(.ctors)
 *(EXCLUDE_FILE(*crtend.o *crtend?.o) .ctors)
 *(SORT_BY_NAME(.ctors.*))
 *(.ctors)
 *crtbegin.o(.dtors)
 *crtbegin?.o(.dtors)
 *(EXCLUDE_FILE(*crtend.o *crtend?.o) .dtors)
 *(SORT_BY_NAME(.dtors.*))
 *(.dtors)
 *(.eh_frame*)
 .eh_frame      0x1000a300        0x0 c:/progra~2/armgnu~1/12dbab~1.2re/bin/../lib/gcc/arm-none-eabi/12.2.1/thumb/v6-m/nofp/crtbegin.o
                0x1000a300                . = ALIGN (0x4)

.glue_7         0x1000a300        0x0
 .glue_7        0x1000a300        0x0 linker stubs

.glue_7t        0x1000a300        0x0
 .glue_7t       0x1000a300        0x0 linker stubs

.vfp11_veneer   0x1000a300        0x0
 .vfp11_veneer  0x1000a300        0x0 linker stubs

.v4_bx          0x1000a300        0x0
 .v4_bx         0x1000a300        0x0 linker stubs

.iplt           0x1000a300        0x0
 .iplt          0x1000a300        0x0 c:/progra~2/armgnu~1/12dbab~1.2re/bin/../lib/gcc/arm-none-eabi/12.2.1/thumb/v6-m/nofp/crtbegin.o

.rodata         0x1000a300    0x37e78
 *(EXCLUDE_FILE(*libm.a: *libc.a:*lib_a-mem*.o *libgcc.a:) .rodata*)
 .rodata.main.str1.4
                0x1000a300       0x27 CMakeFiles/customBlink.dir/customBlink.c.obj
 *fill*         0x1000a327        0x1 
 .rodata.spin_lock_claim_unused.str1.4
                0x1000a328       0x1b CMakeFiles/customBlink.dir/C_/Workspace/Pico/pico-sdk/src/rp2_common/hardware_sync/sync.c.obj
 *fill*         0x1000a343        0x1 
 .rodata.user_irq_claim_unused.str1.4
                0x1000a344       0x1b CMakeFiles/customBlink.dir/C_/Workspace/Pico/pico-sdk/src/rp2_common/hardware_irq/irq.c.obj
 *fill*         0x1000a35f        0x1 
 .rodata.at_the_end_of_time
                0x1000a360        0x8 CMakeFiles/customBlink.dir/C_/Workspace/Pico/pico-sdk/src/common/pico_time/time.c.obj
                0x1000a360                at_the_end_of_time
 .rodata.hardware_alarm_claim.str1.4
                0x1000a368       0x22 CMakeFiles/customBlink.dir/C_/Workspace/Pico/pico-sdk/src/rp2_common/hardware_timer/timer.c.obj
 *fill*         0x1000a38a        0x2 
 .rodata.panic.str1.4
                0x1000a38c       0x10 CMakeFiles/customBlink.dir/C_/Workspace/Pico/pico-sdk/src/rp2_common/pico_runtime/runtime.c.obj
                                 0x12 (size before relaxing)
 .rodata.hard_assertion_failure.str1.4
                0x1000a39c        0xc CMakeFiles/customBlink.dir/C_/Workspace/Pico/pico-sdk/src/rp2_common/pico_runtime/runtime.c.obj
 .rodata._ftoa.str1.4
                0x1000a3a8       0x15 CMakeFiles/customBlink.dir/C_/Workspace/Pico/pico-sdk/src/rp2_common/pico_printf/printf.c.obj
 *fill*         0x1000a3bd        0x3 
 .rodata._vsnprintf
                0x1000a3c0      0x19c CMakeFiles/customBlink.dir/C_/Workspace/Pico/pico-sdk/src/rp2_common/pico_printf/printf.c.obj
 *fill*         0x1000a55c        0x4 
 .rodata.pow10.0
                0x1000a560       0x50 CMakeFiles/customBlink.dir/C_/Workspace/Pico/pico-sdk/src/rp2_common/pico_printf/printf.c.obj
 .rodata.missing_double_func_shim.str1.4
                0x1000a5b0       0x18 CMakeFiles/customBlink.dir/C_/Workspace/Pico/pico-sdk/src/rp2_common/pico_double/double_init_rom.c.obj
 .rodata.missing_float_func_shim.str1.4
                0x1000a5c8       0x18 CMakeFiles/customBlink.dir/C_/Workspace/Pico/pico-sdk/src/rp2_common/pico_float/float_init_rom.c.obj
                                  0x1 (size before relaxing)
 .rodata.str1.4
                0x1000a5c8       0x40 CMakeFiles/customBlink.dir/C_/Workspace/Pico/pico-sdk/src/rp2_common/pico_standard_link/binary_info.c.obj
 .rodata.__bi_81
                0x1000a608        0xc CMakeFiles/customBlink.dir/C_/Workspace/Pico/pico-sdk/src/rp2_common/pico_standard_link/binary_info.c.obj
 .rodata.__bi_75
                0x1000a614        0xc CMakeFiles/customBlink.dir/C_/Workspace/Pico/pico-sdk/src/rp2_common/pico_standard_link/binary_info.c.obj
 .rodata.__bi_44
                0x1000a620        0xc CMakeFiles/customBlink.dir/C_/Workspace/Pico/pico-sdk/src/rp2_common/pico_standard_link/binary_info.c.obj
 .rodata.crlf_str.0
                0x1000a62c        0x2 CMakeFiles/customBlink.dir/C_/Workspace/Pico/pico-sdk/src/rp2_common/pico_stdio/stdio.c.obj
 *fill*         0x1000a62e        0x2 
 .rodata._resetd_driver
                0x1000a630       0x18 CMakeFiles/customBlink.dir/C_/Workspace/Pico/pico-sdk/src/rp2_common/pico_stdio_usb/reset_interface.c.obj
 .rodata.str1.4
                0x1000a648       0x13 CMakeFiles/customBlink.dir/C_/Workspace/Pico/pico-sdk/src/rp2_common/pico_stdio_usb/stdio_usb.c.obj
 *fill*         0x1000a65b        0x1 
 .rodata.__bi_188.0
                0x1000a65c        0xc CMakeFiles/customBlink.dir/C_/Workspace/Pico/pico-sdk/src/rp2_common/pico_stdio_usb/stdio_usb.c.obj
 .rodata.str1.4
                0x1000a668       0x2a CMakeFiles/customBlink.dir/C_/Workspace/Pico/pico-sdk/src/rp2_common/pico_stdio_usb/stdio_usb_descriptors.c.obj
 *fill*         0x1000a692        0x2 
 .rodata.usbd_desc_str
                0x1000a694       0x18 CMakeFiles/customBlink.dir/C_/Workspace/Pico/pico-sdk/src/rp2_common/pico_stdio_usb/stdio_usb_descriptors.c.obj
 .rodata.usbd_desc_cfg
                0x1000a6ac       0x54 CMakeFiles/customBlink.dir/C_/Workspace/Pico/pico-sdk/src/rp2_common/pico_stdio_usb/stdio_usb_descriptors.c.obj
 .rodata.usbd_desc_device
                0x1000a700       0x12 CMakeFiles/customBlink.dir/C_/Workspace/Pico/pico-sdk/src/rp2_common/pico_stdio_usb/stdio_usb_descriptors.c.obj
 *fill*         0x1000a712        0x2 
 .rodata.str1.4
                0x1000a714       0x14 CMakeFiles/customBlink.dir/C_/Workspace/Pico/pico-sdk/lib/tinyusb/src/portable/raspberrypi/rp2040/dcd_rp2040.c.obj
 .rodata.str1.4
                0x1000a728       0x4f CMakeFiles/customBlink.dir/C_/Workspace/Pico/pico-sdk/lib/tinyusb/src/portable/raspberrypi/rp2040/rp2040_usb.c.obj
                                 0x53 (size before relaxing)
 *fill*         0x1000a777        0x1 
 .rodata.tud_task_ext
                0x1000a778       0x8c CMakeFiles/customBlink.dir/C_/Workspace/Pico/pico-sdk/lib/tinyusb/src/device/usbd.c.obj
 .rodata._usbd_driver
                0x1000a804       0x18 CMakeFiles/customBlink.dir/C_/Workspace/Pico/pico-sdk/lib/tinyusb/src/device/usbd.c.obj
 .rodata.cyw43_read_bytes.str1.4
                0x1000a81c       0x1a CMakeFiles/customBlink.dir/C_/Workspace/Pico/pico-sdk/src/rp2_common/pico_cyw43_driver/cyw43_bus_pio_spi.c.obj
 .rodata.cyw43_write_bytes.str1.4
                0x1000a836       0x1a CMakeFiles/customBlink.dir/C_/Workspace/Pico/pico-sdk/src/rp2_common/pico_cyw43_driver/cyw43_bus_pio_spi.c.obj
                                  0xd (size before relaxing)
 *fill*         0x1000a836        0x2 
 .rodata.spi_gap01_sample0_program
                0x1000a838        0x6 CMakeFiles/customBlink.dir/C_/Workspace/Pico/pico-sdk/src/rp2_common/pico_cyw43_driver/cyw43_bus_pio_spi.c.obj
 *fill*         0x1000a83e        0x2 
 .rodata.spi_gap01_sample0_program_instructions
                0x1000a840        0xc CMakeFiles/customBlink.dir/C_/Workspace/Pico/pico-sdk/src/rp2_common/pico_cyw43_driver/cyw43_bus_pio_spi.c.obj
 .rodata.cyw43_kso_set.str1.4
                0x1000a84c       0x23 CMakeFiles/customBlink.dir/C_/Workspace/Pico/pico-sdk/lib/cyw43-driver/src/cyw43_ll.c.obj
 *fill*         0x1000a86f        0x1 
 .rodata.cyw43_ll_sdpcm_poll_device.str1.4
                0x1000a870       0x55 CMakeFiles/customBlink.dir/C_/Workspace/Pico/pico-sdk/lib/cyw43-driver/src/cyw43_ll.c.obj
 *fill*         0x1000a8c5        0x3 
 .rodata.cyw43_sdpcm_send_common.str1.4
                0x1000a8c8       0x22 CMakeFiles/customBlink.dir/C_/Workspace/Pico/pico-sdk/lib/cyw43-driver/src/cyw43_ll.c.obj
 *fill*         0x1000a8ea        0x2 
 .rodata.cyw43_do_ioctl.str1.4
                0x1000a8ec       0x55 CMakeFiles/customBlink.dir/C_/Workspace/Pico/pico-sdk/lib/cyw43-driver/src/cyw43_ll.c.obj
 *fill*         0x1000a941        0x3 
 .rodata.reset_device_core.constprop.0.str1.4
                0x1000a944       0x1a CMakeFiles/customBlink.dir/C_/Workspace/Pico/pico-sdk/lib/cyw43-driver/src/cyw43_ll.c.obj
 *fill*         0x1000a95e        0x2 
 .rodata.cyw43_ll_process_packets.str1.4
                0x1000a960       0x22 CMakeFiles/customBlink.dir/C_/Workspace/Pico/pico-sdk/lib/cyw43-driver/src/cyw43_ll.c.obj
 *fill*         0x1000a982        0x2 
 .rodata.cyw43_ll_bus_init.str1.4
                0x1000a984       0xfe CMakeFiles/customBlink.dir/C_/Workspace/Pico/pico-sdk/lib/cyw43-driver/src/cyw43_ll.c.obj
 *fill*         0x1000aa82        0x2 
 .rodata.cyw43_ll_gpio_set.str1.4
                0x1000aa84        0x8 CMakeFiles/customBlink.dir/C_/Workspace/Pico/pico-sdk/lib/cyw43-driver/src/cyw43_ll.c.obj
 .rodata.w43439A0_7_95_49_00_combined
                0x1000aa8c    0x36fd8 CMakeFiles/customBlink.dir/C_/Workspace/Pico/pico-sdk/lib/cyw43-driver/src/cyw43_ll.c.obj
 .rodata.wifi_nvram_4343
                0x10041a64      0x2e7 CMakeFiles/customBlink.dir/C_/Workspace/Pico/pico-sdk/lib/cyw43-driver/src/cyw43_ll.c.obj
 *fill*         0x10041d4b        0x1 
 .rodata        0x10041d4c       0x72 CMakeFiles/customBlink.dir/C_/Workspace/Pico/pico-sdk/lib/cyw43-driver/src/cyw43_ll.c.obj
 *fill*         0x10041dbe        0x2 
 .rodata.cyw43_cb_process_async_event.str1.4
                0x10041dc0       0x28 CMakeFiles/customBlink.dir/C_/Workspace/Pico/pico-sdk/lib/cyw43-driver/src/cyw43_ctrl.c.obj
 .rodata.cyw43_cb_process_async_event
                0x10041de8       0xbc CMakeFiles/customBlink.dir/C_/Workspace/Pico/pico-sdk/lib/cyw43-driver/src/cyw43_ctrl.c.obj
 .rodata.str1.4
                0x10041ea4       0x9e CMakeFiles/customBlink.dir/C_/Workspace/Pico/pico-sdk/lib/cyw43-driver/src/cyw43_ctrl.c.obj
 *fill*         0x10041f42        0x2 
 .rodata.cyw43_async_event_name_table
                0x10041f44      0x164 CMakeFiles/customBlink.dir/C_/Workspace/Pico/pico-sdk/lib/cyw43-driver/src/cyw43_ctrl.c.obj
 .rodata.pio_claim_unused_sm.str1.4
                0x100420a8       0x24 CMakeFiles/customBlink.dir/C_/Workspace/Pico/pico-sdk/src/rp2_common/hardware_pio/pio.c.obj
 .rodata.pio_add_program.str1.4
                0x100420cc       0x11 CMakeFiles/customBlink.dir/C_/Workspace/Pico/pico-sdk/src/rp2_common/hardware_pio/pio.c.obj
 *fill*         0x100420dd        0x3 
 .rodata.dma_claim_unused_channel.str1.4
                0x100420e0       0x1e CMakeFiles/customBlink.dir/C_/Workspace/Pico/pico-sdk/src/rp2_common/hardware_dma/dma.c.obj
 *fill*         0x100420fe        0x2 
 .rodata.cyw43_cb_tcpip_set_link_up.str1.4
                0x10042100       0x20 CMakeFiles/customBlink.dir/C_/Workspace/Pico/pico-sdk/src/rp2_common/pico_cyw43_driver/cyw43_driver.c.obj
 .rodata.async_context_threadsafe_background_lock_check.str1.4
                0x10042120       0x20 CMakeFiles/customBlink.dir/C_/Workspace/Pico/pico-sdk/src/rp2_common/pico_async_context/async_context_threadsafe_background.c.obj
 .rodata.template
                0x10042140       0x38 CMakeFiles/customBlink.dir/C_/Workspace/Pico/pico-sdk/src/rp2_common/pico_async_context/async_context_threadsafe_background.c.obj
                0x10042178                . = ALIGN (0x4)
 *(SORT_BY_ALIGNMENT(SORT_BY_NAME(.flashdata*)))
                0x10042178                . = ALIGN (0x4)

.rel.dyn        0x10042178        0x0
 .rel.iplt      0x10042178        0x0 c:/progra~2/armgnu~1/12dbab~1.2re/bin/../lib/gcc/arm-none-eabi/12.2.1/thumb/v6-m/nofp/crtbegin.o

.ARM.extab
 *(.ARM.extab* .gnu.linkonce.armextab.*)
                0x10042178                __exidx_start = .

.ARM.exidx
 *(.ARM.exidx* .gnu.linkonce.armexidx.*)
                0x10042178                __exidx_end = .
                0x10042178                . = ALIGN (0x4)
                0x10042178                __binary_info_start = .

.binary_info    0x10042178       0x20
 *(.binary_info.keep.*)
 .binary_info.keep.__bi_ptr81
                0x10042178        0x4 CMakeFiles/customBlink.dir/C_/Workspace/Pico/pico-sdk/src/rp2_common/pico_standard_link/binary_info.c.obj
 .binary_info.keep.__bi_ptr75
                0x1004217c        0x4 CMakeFiles/customBlink.dir/C_/Workspace/Pico/pico-sdk/src/rp2_common/pico_standard_link/binary_info.c.obj
 .binary_info.keep.__bi_ptr50
                0x10042180        0x4 CMakeFiles/customBlink.dir/C_/Workspace/Pico/pico-sdk/src/rp2_common/pico_standard_link/binary_info.c.obj
 .binary_info.keep.__bi_ptr44
                0x10042184        0x4 CMakeFiles/customBlink.dir/C_/Workspace/Pico/pico-sdk/src/rp2_common/pico_standard_link/binary_info.c.obj
 .binary_info.keep.__bi_ptr38
                0x10042188        0x4 CMakeFiles/customBlink.dir/C_/Workspace/Pico/pico-sdk/src/rp2_common/pico_standard_link/binary_info.c.obj
 .binary_info.keep.__bi_ptr30
                0x1004218c        0x4 CMakeFiles/customBlink.dir/C_/Workspace/Pico/pico-sdk/src/rp2_common/pico_standard_link/binary_info.c.obj
 .binary_info.keep.__bi_ptr22
                0x10042190        0x4 CMakeFiles/customBlink.dir/C_/Workspace/Pico/pico-sdk/src/rp2_common/pico_standard_link/binary_info.c.obj
 *(.binary_info.*)
 .binary_info.__bi_ptr188
                0x10042194        0x4 CMakeFiles/customBlink.dir/C_/Workspace/Pico/pico-sdk/src/rp2_common/pico_stdio_usb/stdio_usb.c.obj
                0x10042198                __binary_info_end = .
                0x10042198                . = ALIGN (0x4)
                0x10042198                __etext = .

.ram_vector_table
                0x20000000       0xc0
 *(.ram_vector_table)
 .ram_vector_table
                0x20000000       0xc0 CMakeFiles/customBlink.dir/C_/Workspace/Pico/pico-sdk/src/rp2_common/pico_runtime/runtime.c.obj
                0x20000000                ram_vector_table

.data           0x200000c0      0xfe8 load address 0x10042198
                0x200000c0                __data_start__ = .
 *(vtable)
 *(.time_critical*)
 .time_critical.sem_acquire_block_until
                0x200000c0       0x68 CMakeFiles/customBlink.dir/C_/Workspace/Pico/pico-sdk/src/common/pico_sync/sem.c.obj
                0x200000c0                sem_acquire_block_until
 .time_critical.sem_release
                0x20000128       0x4c CMakeFiles/customBlink.dir/C_/Workspace/Pico/pico-sdk/src/common/pico_sync/sem.c.obj
                0x20000128                sem_release
 .time_critical.recursive_mutex_enter_blocking
                0x20000174       0x54 CMakeFiles/customBlink.dir/C_/Workspace/Pico/pico-sdk/src/common/pico_sync/mutex.c.obj
                0x20000174                recursive_mutex_enter_blocking
 .time_critical.mutex_try_enter
                0x200001c8       0x40 CMakeFiles/customBlink.dir/C_/Workspace/Pico/pico-sdk/src/common/pico_sync/mutex.c.obj
                0x200001c8                mutex_try_enter
 .time_critical.mutex_try_enter_block_until
                0x20000208       0x9c CMakeFiles/customBlink.dir/C_/Workspace/Pico/pico-sdk/src/common/pico_sync/mutex.c.obj
                0x20000208                mutex_try_enter_block_until
 .time_critical.recursive_mutex_try_enter
                0x200002a4       0x50 CMakeFiles/customBlink.dir/C_/Workspace/Pico/pico-sdk/src/common/pico_sync/mutex.c.obj
                0x200002a4                recursive_mutex_try_enter
 .time_critical.mutex_enter_timeout_ms
                0x200002f4       0x90 CMakeFiles/customBlink.dir/C_/Workspace/Pico/pico-sdk/src/common/pico_sync/mutex.c.obj
                0x200002f4                mutex_enter_timeout_ms
 .time_critical.mutex_exit
                0x20000384       0x28 CMakeFiles/customBlink.dir/C_/Workspace/Pico/pico-sdk/src/common/pico_sync/mutex.c.obj
                0x20000384                mutex_exit
 .time_critical.recursive_mutex_exit
                0x200003ac       0x44 CMakeFiles/customBlink.dir/C_/Workspace/Pico/pico-sdk/src/common/pico_sync/mutex.c.obj
                0x200003ac                recursive_mutex_exit
 .time_critical.flash_init_boot2_copyout
                0x200003f0       0x30 CMakeFiles/customBlink.dir/C_/Workspace/Pico/pico-sdk/src/rp2_common/hardware_flash/flash.c.obj
 .time_critical.flash_enable_xip_via_boot2
                0x20000420        0xc CMakeFiles/customBlink.dir/C_/Workspace/Pico/pico-sdk/src/rp2_common/hardware_flash/flash.c.obj
 .time_critical.flash_cs_force
                0x2000042c       0x38 CMakeFiles/customBlink.dir/C_/Workspace/Pico/pico-sdk/src/rp2_common/hardware_flash/flash.c.obj
 .time_critical.flash_do_cmd
                0x20000464       0xc0 CMakeFiles/customBlink.dir/C_/Workspace/Pico/pico-sdk/src/rp2_common/hardware_flash/flash.c.obj
                0x20000464                flash_do_cmd
 .time_critical.reset_non_control_endpoints
                0x20000524       0x68 CMakeFiles/customBlink.dir/C_/Workspace/Pico/pico-sdk/lib/tinyusb/src/portable/raspberrypi/rp2040/dcd_rp2040.c.obj
 .time_critical.hw_handle_buff_status
                0x2000058c       0xac CMakeFiles/customBlink.dir/C_/Workspace/Pico/pico-sdk/lib/tinyusb/src/portable/raspberrypi/rp2040/dcd_rp2040.c.obj
 .time_critical.dcd_rp2040_irq
                0x20000638      0x510 CMakeFiles/customBlink.dir/C_/Workspace/Pico/pico-sdk/lib/tinyusb/src/portable/raspberrypi/rp2040/dcd_rp2040.c.obj
 .time_critical.e15_is_bulkin_ep
                0x20000b48       0x28 CMakeFiles/customBlink.dir/C_/Workspace/Pico/pico-sdk/lib/tinyusb/src/portable/raspberrypi/rp2040/rp2040_usb.c.obj
 .time_critical.e15_is_critical_frame_period
                0x20000b70       0x34 CMakeFiles/customBlink.dir/C_/Workspace/Pico/pico-sdk/lib/tinyusb/src/portable/raspberrypi/rp2040/rp2040_usb.c.obj
 .time_critical.prepare_ep_buffer
                0x20000ba4       0x6c CMakeFiles/customBlink.dir/C_/Workspace/Pico/pico-sdk/lib/tinyusb/src/portable/raspberrypi/rp2040/rp2040_usb.c.obj
 .time_critical.sync_ep_buffer
                0x20000c10       0x48 CMakeFiles/customBlink.dir/C_/Workspace/Pico/pico-sdk/lib/tinyusb/src/portable/raspberrypi/rp2040/rp2040_usb.c.obj
 .time_critical._hw_endpoint_xfer_sync
                0x20000c58       0x28 CMakeFiles/customBlink.dir/C_/Workspace/Pico/pico-sdk/lib/tinyusb/src/portable/raspberrypi/rp2040/rp2040_usb.c.obj
 .time_critical.hw_endpoint_reset_transfer
                0x20000c80        0xc CMakeFiles/customBlink.dir/C_/Workspace/Pico/pico-sdk/lib/tinyusb/src/portable/raspberrypi/rp2040/rp2040_usb.c.obj
                0x20000c80                hw_endpoint_reset_transfer
 .time_critical._hw_endpoint_buffer_control_update32
                0x20000c8c       0x58 CMakeFiles/customBlink.dir/C_/Workspace/Pico/pico-sdk/lib/tinyusb/src/portable/raspberrypi/rp2040/rp2040_usb.c.obj
                0x20000c8c                _hw_endpoint_buffer_control_update32
 .time_critical.hw_endpoint_start_next_buffer
                0x20000ce4       0x6c CMakeFiles/customBlink.dir/C_/Workspace/Pico/pico-sdk/lib/tinyusb/src/portable/raspberrypi/rp2040/rp2040_usb.c.obj
                0x20000ce4                hw_endpoint_start_next_buffer
 .time_critical.hw_endpoint_xfer_continue
                0x20000d50       0x50 CMakeFiles/customBlink.dir/C_/Workspace/Pico/pico-sdk/lib/tinyusb/src/portable/raspberrypi/rp2040/rp2040_usb.c.obj
                0x20000d50                hw_endpoint_xfer_continue
 .time_critical.tinyusb
                0x20000da0      0x170 CMakeFiles/customBlink.dir/C_/Workspace/Pico/pico-sdk/lib/tinyusb/src/device/usbd.c.obj
                0x20000da0                dcd_event_handler
 *(.text*)
 .text          0x20000f10        0x4 c:/progra~2/armgnu~1/12dbab~1.2re/bin/../lib/gcc/arm-none-eabi/12.2.1/thumb/v6-m/nofp\libgcc.a(_dvmd_tls.o)
                0x20000f10                __aeabi_idiv0
                0x20000f10                __aeabi_ldiv0
 *fill*         0x20000f14        0x4 
 .text.__stub   0x20000f18       0x70 linker stubs
                0x20000f88                . = ALIGN (0x4)
 *(.rodata*)
                0x20000f88                . = ALIGN (0x4)
 *(.data*)
 .data.striped_spin_lock_num
                0x20000f88        0x1 CMakeFiles/customBlink.dir/C_/Workspace/Pico/pico-sdk/src/rp2_common/hardware_sync/sync.c.obj
 *fill*         0x20000f89        0x3 
 .data          0x20000f8c       0x48 CMakeFiles/customBlink.dir/C_/Workspace/Pico/pico-sdk/src/rp2_common/hardware_irq/irq_handler_chain.S.obj
                0x20000f8c                irq_handler_chain_slots
                0x20000fbc                irq_handler_chain_first_slot
                0x20000fc6                irq_handler_chain_remove_tail
 .data.default_alarm_pool
                0x20000fd4       0x18 CMakeFiles/customBlink.dir/C_/Workspace/Pico/pico-sdk/src/common/pico_time/time.c.obj
 .data.default_alarm_pool_heap
                0x20000fec       0x10 CMakeFiles/customBlink.dir/C_/Workspace/Pico/pico-sdk/src/common/pico_time/time.c.obj
 *fill*         0x20000ffc        0x4 
 .data.aeabi_bits_funcs
                0x20001000       0x10 CMakeFiles/customBlink.dir/C_/Workspace/Pico/pico-sdk/src/rp2_common/pico_bit_ops/bit_ops_aeabi.S.obj
                0x20001000                aeabi_bits_funcs
                0x20001010                aeabi_bits_funcs_end
 .data.aeabi_mem_funcs
                0x20001010       0x10 CMakeFiles/customBlink.dir/C_/Workspace/Pico/pico-sdk/src/rp2_common/pico_mem_ops/mem_ops_aeabi.S.obj
                0x20001010                aeabi_mem_funcs
                0x20001020                aeabi_mem_funcs_end
 .data.stdio_usb
                0x20001020       0x18 CMakeFiles/customBlink.dir/C_/Workspace/Pico/pico-sdk/src/rp2_common/pico_stdio_usb/stdio_usb.c.obj
                0x20001020                stdio_usb
 .data.ep_dir_string
                0x20001038        0x8 CMakeFiles/customBlink.dir/C_/Workspace/Pico/pico-sdk/lib/tinyusb/src/portable/raspberrypi/rp2040/rp2040_usb.c.obj
                0x20001038                ep_dir_string
 .data._usbd_qdef
                0x20001040       0x1c CMakeFiles/customBlink.dir/C_/Workspace/Pico/pico-sdk/lib/tinyusb/src/device/usbd.c.obj
                0x20001040                _usbd_qdef
 .data._usbd_rhport
                0x2000105c        0x1 CMakeFiles/customBlink.dir/C_/Workspace/Pico/pico-sdk/lib/tinyusb/src/device/usbd.c.obj
 *fill*         0x2000105d        0x3 
 .data.cyw43_poll_worker
                0x20001060        0xc CMakeFiles/customBlink.dir/C_/Workspace/Pico/pico-sdk/src/rp2_common/pico_cyw43_driver/cyw43_driver.c.obj
 *fill*         0x2000106c        0x4 
 .data.sleep_timeout_worker
                0x20001070       0x18 CMakeFiles/customBlink.dir/C_/Workspace/Pico/pico-sdk/src/rp2_common/pico_cyw43_driver/cyw43_driver.c.obj
                0x20001088                . = ALIGN (0x4)
 *(.after_data.*)
                0x20001088                . = ALIGN (0x4)
                0x20001088                PROVIDE (__mutex_array_start = .)
 *(SORT_BY_NAME(.mutex_array.*))
 *(.mutex_array)
 .mutex_array   0x20001088        0x8 CMakeFiles/customBlink.dir/C_/Workspace/Pico/pico-sdk/src/rp2_common/pico_stdio/stdio.c.obj
                0x20001090                PROVIDE (__mutex_array_end = .)
                0x20001090                . = ALIGN (0x4)
                0x20001090                PROVIDE (__preinit_array_start = .)
 *(SORT_BY_NAME(.preinit_array.*))
 .preinit_array.00001
                0x20001090        0x4 CMakeFiles/customBlink.dir/C_/Workspace/Pico/pico-sdk/src/rp2_common/pico_mem_ops/mem_ops_aeabi.S.obj
 .preinit_array.00010
                0x20001094        0x4 CMakeFiles/customBlink.dir/C_/Workspace/Pico/pico-sdk/src/rp2_common/pico_bit_ops/bit_ops_aeabi.S.obj
 .preinit_array.00020
                0x20001098        0x4 CMakeFiles/customBlink.dir/C_/Workspace/Pico/pico-sdk/src/rp2_common/pico_double/double_aeabi.S.obj
 .preinit_array.00020
                0x2000109c        0x4 CMakeFiles/customBlink.dir/C_/Workspace/Pico/pico-sdk/src/rp2_common/pico_float/float_aeabi.S.obj
 *(.preinit_array)
                0x200010a0                PROVIDE (__preinit_array_end = .)
                0x200010a0                . = ALIGN (0x4)
                0x200010a0                PROVIDE (__init_array_start = .)
 *(SORT_BY_NAME(.init_array.*))
 *(.init_array)
 .init_array    0x200010a0        0x4 c:/progra~2/armgnu~1/12dbab~1.2re/bin/../lib/gcc/arm-none-eabi/12.2.1/thumb/v6-m/nofp/crtbegin.o
 .init_array    0x200010a4        0x4 CMakeFiles/customBlink.dir/C_/Workspace/Pico/pico-sdk/src/rp2_common/pico_unique_id/unique_id.c.obj
                0x200010a8                PROVIDE (__init_array_end = .)
                0x200010a8                . = ALIGN (0x4)
                [!provide]                PROVIDE (__fini_array_start = .)
 *(SORT_BY_NAME(.fini_array.*))
 *(.fini_array)
                [!provide]                PROVIDE (__fini_array_end = .)
 *(.jcr)
                0x200010a8                . = ALIGN (0x4)
                0x200010a8                __data_end__ = .

.tm_clone_table
                0x200010a8        0x0 load address 0x10043180
 .tm_clone_table
                0x200010a8        0x0 c:/progra~2/armgnu~1/12dbab~1.2re/bin/../lib/gcc/arm-none-eabi/12.2.1/thumb/v6-m/nofp/crtbegin.o
 .tm_clone_table
                0x200010a8        0x0 c:/progra~2/armgnu~1/12dbab~1.2re/bin/../lib/gcc/arm-none-eabi/12.2.1/thumb/v6-m/nofp/crtend.o

.igot.plt       0x200010a8        0x0 load address 0x10043180
 .igot.plt      0x200010a8        0x0 c:/progra~2/armgnu~1/12dbab~1.2re/bin/../lib/gcc/arm-none-eabi/12.2.1/thumb/v6-m/nofp/crtbegin.o

.uninitialized_data